******************************************************************************
                  TI ARM Linker PC v16.9.0                     
******************************************************************************
>> Linked Thu Apr 06 14:43:37 2017

OUTPUT FILE NAME:   <lab1.out>
ENTRY POINT SYMBOL: "_c_int00"  address: 200074c1


MEMORY CONFIGURATION

         name            origin    length      used     unused   attr    fill
----------------------  --------  ---------  --------  --------  ----  --------
  SRAM_CODE             20004000   00019000  00003cf4  0001530c  RW X
  SRAM_DATA             2001d000   00023000  0000104f  00021fb1  RW X


SEGMENT ALLOCATION MAP

run origin  load origin   length   init length attrs members
----------  ----------- ---------- ----------- ----- -------
20004000    20004000    00003cf8   00003cf8    r-x
  20004000    20004000    00000400   00000400    r-- .intvecs
  20004400    20004400    0000349c   0000349c    r-x .text
  2000789c    2000789c    00000400   00000400    r-- .const
  20007ca0    20007ca0    00000058   00000058    r-- .cinit
2001d000    2001d000    0000084f   00000000    rw-
  2001d000    2001d000    00000800   00000000    rw- .sysmem
  2001d800    2001d800    00000048   00000000    rw- .data
  2001d848    2001d848    00000007   00000000    rw- .bss
2003f800    2003f800    00000800   00000000    rw-
  2003f800    2003f800    00000800   00000000    rw- .stack


SECTION ALLOCATION MAP

 output                                  attributes/
section   page    origin      length       input sections
--------  ----  ----------  ----------   ----------------
.intvecs   0    20004000    00000400     
                  20004000    00000400     startup_ccs.obj (.intvecs)

.init_array 
*          0    20004000    00000000     UNINITIALIZED

.text      0    20004400    0000349c     
                  20004400    0000111e     rtsv7M4_T_le_eabi.lib : _printfi.obj (.text)
                  2000551e    00000002                           : mpu_init.obj (.text)
                  20005520    000003d0                           : memory.obj (.text)
                  200058f0    00000398     gpio_if.obj (.text)
                  20005c88    00000310     main.obj (.text)
                  20005f98    0000026c     uart_if.obj (.text)
                  20006204    000001f4     rtsv7M4_T_le_eabi.lib : ull_div_t2.obj (.text)
                  200063f8    000001b6                           : fd_add_t2.obj (.text)
                  200065ae    00000002                           : startup.obj (.text)
                  200065b0    00000178     driverlib.a : prcm.obj (.text:PRCMCC3200MCUInit)
                  20006728    00000138     pin_mux_config.obj (.text)
                  20006860    00000136     rtsv7M4_T_le_eabi.lib : fd_div_t2.obj (.text)
                  20006996    000000fc                           : fd_mul_t2.obj (.text)
                  20006a92    00000002     --HOLE-- [fill = 0]
                  20006a94    000000d0                           : s_scalbn.obj (.text)
                  20006b64    000000a8     driverlib.a : interrupt.obj (.text:IntEnable)
                  20006c0c    0000009c     rtsv7M4_T_le_eabi.lib : memcpy_t2.obj (.text)
                  20006ca8    00000094     driverlib.a : prcm.obj (.text:PRCMPeripheralClockGet)
                  20006d3c    00000088                 : pin.obj (.text:PinConfigSet)
                  20006dc4    00000088     rtsv7M4_T_le_eabi.lib : vsnprintf.obj (.text)
                  20006e4c    00000086                           : fd_cmp_t2.obj (.text:__aeabi_cdcmple)
                  20006ed2    00000086                           : fd_cmp_t2.obj (.text:__aeabi_cdrcmple)
                  20006f58    00000082     driverlib.a : gpio.obj (.text:GPIOIntTypeSet)
                  20006fda    0000007a     rtsv7M4_T_le_eabi.lib : memset_t2.obj (.text)
                  20007054    00000076     driverlib.a : uart.obj (.text:UARTConfigSetExpClk)
                  200070ca    00000002     --HOLE-- [fill = 0]
                  200070cc    00000070     rtsv7M4_T_le_eabi.lib : autoinit.obj (.text)
                  2000713c    00000068                           : copy_decompress_lzss.obj (.text:decompress:lzss)
                  200071a4    0000005c                           : s_frexp.obj (.text)
                  20007200    00000058     driverlib.a : prcm.obj (.text:PRCMPeripheralReset)
                  20007258    00000056     rtsv7M4_T_le_eabi.lib : ltoa.obj (.text)
                  200072ae    00000002     --HOLE-- [fill = 0]
                  200072b0    00000054     driverlib.a : interrupt.obj (.text:IntPrioritySet)
                  20007304    00000054     rtsv7M4_T_le_eabi.lib : exit.obj (.text)
                  20007358    0000004c                           : atoi.obj (.text)
                  200073a4    0000004c                           : cpy_tbl.obj (.text)
                  200073f0    00000048     driverlib.a : gpio.obj (.text:GPIOGetIntNumber)
                  20007438    00000048     rtsv7M4_T_le_eabi.lib : fd_toi_t2.obj (.text)
                  20007480    00000040     driverlib.a : pin.obj (.text:PinModeSet)
                  200074c0    00000040     rtsv7M4_T_le_eabi.lib : boot.obj (.text)
                  20007500    0000003c     driverlib.a : prcm.obj (.text:PRCMPeripheralClkEnable)
                  2000753c    00000036                 : gpio.obj (.text:GPIODirModeSet)
                  20007572    00000030                 : pin.obj (.text:PinTypeGPIO)
                  200075a2    00000002     --HOLE-- [fill = 0]
                  200075a4    00000030                 : uart.obj (.text:UARTDisable)
                  200075d4    0000002e     rtsv7M4_T_le_eabi.lib : i_tofd_t2.obj (.text)
                  20007602    00000002     --HOLE-- [fill = 0]
                  20007604    0000002c     driverlib.a : prcm.obj (.text:PRCMSysResetCauseGet)
                  20007630    00000028                 : prcm.obj (.text:PRCMPeripheralClkDisable)
                  20007658    00000024                 : uart.obj (.text:UARTEnable)
                  2000767c    00000024     rtsv7M4_T_le_eabi.lib : memmov.obj (.text)
                  200076a0    00000020     driverlib.a : gpio.obj (.text:GPIOPinWrite)
                  200076c0    00000020                 : interrupt.obj (.text:IntRegister)
                  200076e0    0000001e                 : gpio.obj (.text:GPIOIntRegister)
                  200076fe    0000001e                 : uart.obj (.text:UARTCharPut)
                  2000771c    0000001c     rtsv7M4_T_le_eabi.lib : memccpy.obj (.text)
                  20007738    0000001a     driverlib.a : gpio.obj (.text:GPIOIntEnable)
                  20007752    0000001a                 : pin.obj (.text:PinTypeUART)
                  2000776c    00000018                 : gpio.obj (.text:GPIOPinRead)
                  20007784    00000018     rtsv7M4_T_le_eabi.lib : args_main.obj (.text)
                  2000779c    00000016     driverlib.a : prcm.obj (.text:PRCMHIBRegRead)
                  200077b2    00000016                 : prcm.obj (.text:PRCMHIBRegWrite)
                  200077c8    00000016                 : uart.obj (.text:UARTCharGet)
                  200077de    00000016     rtsv7M4_T_le_eabi.lib : strchr.obj (.text)
                  200077f4    00000014     driverlib.a : cpu.obj (.text:CPUcpsie)
                  20007808    00000014                 : gpio.obj (.text:GPIOIntClear)
                  2000781c    00000014                 : interrupt.obj (.text:IntVTableBaseSet)
                  20007830    00000014     rtsv7M4_T_le_eabi.lib : _lock.obj (.text)
                  20007844    00000014                           : strlen.obj (.text)
                  20007858    0000000e                           : copy_decompress_none.obj (.text:decompress:none)
                  20007866    0000000e     startup_ccs.obj (.text)
                  20007874    0000000c     rtsv7M4_T_le_eabi.lib : copy_zero_init.obj (.text:decompress:ZI)
                  20007880    0000000a     driverlib.a : interrupt.obj (.text:IntMasterEnable)
                  2000788a    00000008     rtsv7M4_T_le_eabi.lib : s_copysign.obj (.text)
                  20007892    00000006     driverlib.a : utils.obj (.text:UtilsDelay)
                  20007898    00000004     rtsv7M4_T_le_eabi.lib : pre_init.obj (.text)

.const     0    2000789c    00000400     
                  2000789c    00000101     rtsv7M4_T_le_eabi.lib : ctype.obj (.const:.string:_ctypes_)
                  2000799d    00000003     --HOLE-- [fill = 0]
                  200079a0    00000100     driverlib.a : pin.obj (.const:g_ulPinToPadMap)
                  20007aa0    000000d4                 : interrupt.obj (.const:g_pulRegs)
                  20007b74    000000a8                 : prcm.obj (.const:PRCM_PeriphRegsList)
                  20007c1c    00000080                 : interrupt.obj (.const)

.cinit     0    20007ca0    00000058     
                  20007ca0    0000002e     (.cinit..data.load) [load image, compression = lzss]
                  20007cce    00000002     --HOLE-- [fill = 0]
                  20007cd0    0000000c     (__TI_handler_table)
                  20007cdc    00000004     --HOLE-- [fill = 0]
                  20007ce0    00000008     (.cinit..bss.load) [load image, compression = zero_init]
                  20007ce8    00000010     (__TI_cinit_table)

.sysmem    0    2001d000    00000800     UNINITIALIZED
                  2001d000    00000008     rtsv7M4_T_le_eabi.lib : memory.obj (.sysmem)
                  2001d008    000007f8     --HOLE--

.data      0    2001d800    00000048     UNINITIALIZED
                  2001d800    00000014     gpio_if.obj (.data:ulReg)
                  2001d814    0000000c     rtsv7M4_T_le_eabi.lib : exit.obj (.data:$O1$$)
                  2001d820    0000000c                           : memory.obj (.data:$O1$$)
                  2001d82c    0000000c     gpio_if.obj (.data)
                  2001d838    00000008     rtsv7M4_T_le_eabi.lib : _lock.obj (.data:$O1$$)
                  2001d840    00000004                           : errno.obj (.data)
                  2001d844    00000004                           : stkdepth_vars.obj (.data)

.bss       0    2001d848    00000007     UNINITIALIZED
                  2001d848    00000004     uart_if.obj (.bss)
                  2001d84c    00000001     (.common:g_ucLED1Pin)
                  2001d84d    00000001     (.common:g_ucLED2Pin)
                  2001d84e    00000001     (.common:g_ucLED3Pin)

.stack     0    2003f800    00000800     UNINITIALIZED
                  2003f800    00000800     --HOLE--

MODULE SUMMARY

       Module                     code    ro data   rw data
       ------                     ----    -------   -------
    .\
       startup_ccs.obj            14      1024      0      
       gpio_if.obj                920     0         35     
       main.obj                   784     0         0      
       uart_if.obj                620     0         4      
       pin_mux_config.obj         312     0         0      
    +--+--------------------------+-------+---------+---------+
       Total:                     2650    1024      39     
                                                           
    C:/ti/CC3200SDK_1.2.0/cc3200-sdk/driverlib/ccs/Release/driverlib.a
       prcm.obj                   800     168       0      
       interrupt.obj              314     340       0      
       pin.obj                    274     256       0      
       gpio.obj                   388     0         0      
       uart.obj                   254     0         0      
       cpu.obj                    20      0         0      
       utils.obj                  6       0         0      
    +--+--------------------------+-------+---------+---------+
       Total:                     2056    764       0      
                                                           
    C:\ti\ccsv7\tools\compiler\ti-cgt-arm_16.9.0.LTS\lib\rtsv7M4_T_le_eabi.lib
       _printfi.obj               4382    0         0      
       memory.obj                 976     0         12     
       ull_div_t2.obj             500     0         0      
       fd_add_t2.obj              438     0         0      
       fd_div_t2.obj              310     0         0      
       fd_cmp_t2.obj              268     0         0      
       ctype.obj                  0       257       0      
       fd_mul_t2.obj              252     0         0      
       s_scalbn.obj               208     0         0      
       memcpy_t2.obj              156     0         0      
       vsnprintf.obj              136     0         0      
       memset_t2.obj              122     0         0      
       autoinit.obj               112     0         0      
       copy_decompress_lzss.obj   104     0         0      
       exit.obj                   84      0         12     
       s_frexp.obj                92      0         0      
       ltoa.obj                   86      0         0      
       atoi.obj                   76      0         0      
       cpy_tbl.obj                76      0         0      
       fd_toi_t2.obj              72      0         0      
       boot.obj                   64      0         0      
       i_tofd_t2.obj              46      0         0      
       memmov.obj                 36      0         0      
       _lock.obj                  20      0         8      
       memccpy.obj                28      0         0      
       args_main.obj              24      0         0      
       strchr.obj                 22      0         0      
       strlen.obj                 20      0         0      
       copy_decompress_none.obj   14      0         0      
       copy_zero_init.obj         12      0         0      
       s_copysign.obj             8       0         0      
       errno.obj                  0       0         4      
       pre_init.obj               4       0         0      
       stkdepth_vars.obj          0       0         4      
       mpu_init.obj               2       0         0      
       startup.obj                2       0         0      
    +--+--------------------------+-------+---------+---------+
       Total:                     8752    257       40     
                                                           
       Heap:                      0       0         2048   
       Stack:                     0       0         2048   
       Linker Generated:          0       82        0      
    +--+--------------------------+-------+---------+---------+
       Grand Total:               13458   2127      4175   


LINKER GENERATED COPY TABLES

__TI_cinit_table @ 20007ce8 records: 2, size/record: 8, table size: 16
	.data: load addr=20007ca0, load size=0000002e bytes, run addr=2001d800, run size=00000048 bytes, compression=lzss
	.bss: load addr=20007ce0, load size=00000008 bytes, run addr=2001d848, run size=00000007 bytes, compression=zero_init


LINKER GENERATED HANDLER TABLE

__TI_handler_table @ 20007cd0 records: 3, size/record: 4, table size: 12
	index: 0, handler: __TI_decompress_lzss
	index: 1, handler: __TI_decompress_none
	index: 2, handler: __TI_zero_init


GLOBAL SYMBOLS: SORTED ALPHABETICALLY BY Name 

address   name                           
-------   ----                           
20007305  C$$EXIT                        
200077f5  CPUcpsie                       
20005fd9  ClearTerm                      
20005fe3  Error                          
2000753d  GPIODirModeSet                 
20007809  GPIOIntClear                   
20007739  GPIOIntEnable                  
200076e1  GPIOIntRegister                
20006f59  GPIOIntTypeSet                 
2000776d  GPIOPinRead                    
200076a1  GPIOPinWrite                   
20005bb1  GPIO_IF_ConfigureNIntEnable    
20005c3d  GPIO_IF_Get                    
20005b6b  GPIO_IF_GetPortNPin            
2000592d  GPIO_IF_LedConfigure           
20005a1f  GPIO_IF_LedOff                 
2000596b  GPIO_IF_LedOn                  
20005ad3  GPIO_IF_LedStatus              
20005b3d  GPIO_IF_LedToggle              
20005bf9  GPIO_IF_Set                    
2000601b  GetCmd                         
20005f99  InitTerm                       
20006b65  IntEnable                      
20007881  IntMasterEnable                
200072b1  IntPrioritySet                 
200076c1  IntRegister                    
2000781d  IntVTableBaseSet               
20005c89  LEDBlinkyRoutine               
20005fb7  Message                        
200065b1  PRCMCC3200MCUInit              
2000779d  PRCMHIBRegRead                 
200077b3  PRCMHIBRegWrite                
20007631  PRCMPeripheralClkDisable       
20007501  PRCMPeripheralClkEnable        
20006ca9  PRCMPeripheralClockGet         
20007201  PRCMPeripheralReset            
20007605  PRCMSysResetCauseGet           
20006d3d  PinConfigSet                   
20007481  PinModeSet                     
20006729  PinMuxConfig                   
20007573  PinTypeGPIO                    
20007753  PinTypeUART                    
20006145  Report                         
20007867  ResetISR                       
UNDEFED   SHT$$INIT_ARRAY$$Base          
UNDEFED   SHT$$INIT_ARRAY$$Limit         
200060ad  TrimSpace                      
200077c9  UARTCharGet                    
200076ff  UARTCharPut                    
20007055  UARTConfigSetExpClk            
200075a5  UARTDisable                    
20007659  UARTEnable                     
20007893  UtilsDelay                     
20040000  __STACK_END                    
00000800  __STACK_SIZE                   
00000800  __SYSMEM_SIZE                  
20007ce8  __TI_CINIT_Base                
20007cf8  __TI_CINIT_Limit               
20007cd0  __TI_Handler_Table_Base        
20007cdc  __TI_Handler_Table_Limit       
200070cd  __TI_auto_init                 
2001d814  __TI_cleanup_ptr               
2000713d  __TI_decompress_lzss           
20007859  __TI_decompress_none           
2001d818  __TI_dtors_ptr                 
2001d81c  __TI_enable_exit_profile_output
ffffffff  __TI_pprof_out_hndl            
20004c35  __TI_printfi                   
ffffffff  __TI_prof_data_size            
ffffffff  __TI_prof_data_start           
20007ca0  __TI_static_base__             
20007875  __TI_zero_init                 
20006e4d  __aeabi_cdcmpeq                
20006e4d  __aeabi_cdcmple                
20006ed3  __aeabi_cdrcmple               
20007439  __aeabi_d2iz                   
20006403  __aeabi_dadd                   
20006861  __aeabi_ddiv                   
20006997  __aeabi_dmul                   
200063f9  __aeabi_dsub                   
200075d5  __aeabi_i2d                    
20006fdb  __aeabi_memclr                 
20006fdb  __aeabi_memclr4                
20006fdb  __aeabi_memclr8                
20006c0d  __aeabi_memcpy                 
20006c0d  __aeabi_memcpy4                
20006c0d  __aeabi_memcpy8                
20006fdd  __aeabi_memset                 
20006fdd  __aeabi_memset4                
20006fdd  __aeabi_memset8                
20006205  __aeabi_uldivmod               
ffffffff  __binit__                      
ffffffff  __c_args__                     
2000551f  __mpu_init                     
2003f800  __stack                        
20007785  _args_main                     
200074c1  _c_int00                       
2000789c  _ctypes_                       
2001d838  _lock                          
2000783f  _nop                           
20007837  _register_lock                 
20007831  _register_unlock               
2001d000  _sys_memory                    
200065af  _system_post_cinit             
20007899  _system_pre_init               
2001d83c  _unlock                        
20007309  abort                          
20007359  atoi                           
ffffffff  binit                          
20005d37  blinkall                       
200058c1  calloc                         
200073a5  copy_in                        
2000788b  copysign                       
2000788b  copysignl                      
20005d53  countbinary                    
2001d840  errno                          
20007311  exit                           
2000560b  free                           
200071a5  frexp                          
200071a5  frexpl                         
20004000  g_pfnVectors                   
2001d84c  g_ucLED1Pin                    
2001d84d  g_ucLED2Pin                    
2001d84e  g_ucLED3Pin                    
2001d82c  g_uiLED1Port                   
2001d830  g_uiLED2Port                   
2001d834  g_uiLED3Port                   
20006a95  ldexp                          
20006a95  ldexpl                         
20007259  ltoa                           
20005de7  main                           
2001d844  main_func_sp                   
200055a1  malloc                         
200057d5  memalign                       
2000771d  memccpy                        
20006c0d  memcpy                         
2000767d  memmove                        
20006fe3  memset                         
20005521  minit                          
200056cd  realloc                        
20006a95  scalbn                         
20006a95  scalbnl                        
200077df  strchr                         
20007845  strlen                         
20006dc5  vsnprintf                      


GLOBAL SYMBOLS: SORTED BY Symbol Address 

address   name                           
-------   ----                           
00000800  __STACK_SIZE                   
00000800  __SYSMEM_SIZE                  
20004000  g_pfnVectors                   
20004c35  __TI_printfi                   
2000551f  __mpu_init                     
20005521  minit                          
200055a1  malloc                         
2000560b  free                           
200056cd  realloc                        
200057d5  memalign                       
200058c1  calloc                         
2000592d  GPIO_IF_LedConfigure           
2000596b  GPIO_IF_LedOn                  
20005a1f  GPIO_IF_LedOff                 
20005ad3  GPIO_IF_LedStatus              
20005b3d  GPIO_IF_LedToggle              
20005b6b  GPIO_IF_GetPortNPin            
20005bb1  GPIO_IF_ConfigureNIntEnable    
20005bf9  GPIO_IF_Set                    
20005c3d  GPIO_IF_Get                    
20005c89  LEDBlinkyRoutine               
20005d37  blinkall                       
20005d53  countbinary                    
20005de7  main                           
20005f99  InitTerm                       
20005fb7  Message                        
20005fd9  ClearTerm                      
20005fe3  Error                          
2000601b  GetCmd                         
200060ad  TrimSpace                      
20006145  Report                         
20006205  __aeabi_uldivmod               
200063f9  __aeabi_dsub                   
20006403  __aeabi_dadd                   
200065af  _system_post_cinit             
200065b1  PRCMCC3200MCUInit              
20006729  PinMuxConfig                   
20006861  __aeabi_ddiv                   
20006997  __aeabi_dmul                   
20006a95  ldexp                          
20006a95  ldexpl                         
20006a95  scalbn                         
20006a95  scalbnl                        
20006b65  IntEnable                      
20006c0d  __aeabi_memcpy                 
20006c0d  __aeabi_memcpy4                
20006c0d  __aeabi_memcpy8                
20006c0d  memcpy                         
20006ca9  PRCMPeripheralClockGet         
20006d3d  PinConfigSet                   
20006dc5  vsnprintf                      
20006e4d  __aeabi_cdcmpeq                
20006e4d  __aeabi_cdcmple                
20006ed3  __aeabi_cdrcmple               
20006f59  GPIOIntTypeSet                 
20006fdb  __aeabi_memclr                 
20006fdb  __aeabi_memclr4                
20006fdb  __aeabi_memclr8                
20006fdd  __aeabi_memset                 
20006fdd  __aeabi_memset4                
20006fdd  __aeabi_memset8                
20006fe3  memset                         
20007055  UARTConfigSetExpClk            
200070cd  __TI_auto_init                 
2000713d  __TI_decompress_lzss           
200071a5  frexp                          
200071a5  frexpl                         
20007201  PRCMPeripheralReset            
20007259  ltoa                           
200072b1  IntPrioritySet                 
20007305  C$$EXIT                        
20007309  abort                          
20007311  exit                           
20007359  atoi                           
200073a5  copy_in                        
20007439  __aeabi_d2iz                   
20007481  PinModeSet                     
200074c1  _c_int00                       
20007501  PRCMPeripheralClkEnable        
2000753d  GPIODirModeSet                 
20007573  PinTypeGPIO                    
200075a5  UARTDisable                    
200075d5  __aeabi_i2d                    
20007605  PRCMSysResetCauseGet           
20007631  PRCMPeripheralClkDisable       
20007659  UARTEnable                     
2000767d  memmove                        
200076a1  GPIOPinWrite                   
200076c1  IntRegister                    
200076e1  GPIOIntRegister                
200076ff  UARTCharPut                    
2000771d  memccpy                        
20007739  GPIOIntEnable                  
20007753  PinTypeUART                    
2000776d  GPIOPinRead                    
20007785  _args_main                     
2000779d  PRCMHIBRegRead                 
200077b3  PRCMHIBRegWrite                
200077c9  UARTCharGet                    
200077df  strchr                         
200077f5  CPUcpsie                       
20007809  GPIOIntClear                   
2000781d  IntVTableBaseSet               
20007831  _register_unlock               
20007837  _register_lock                 
2000783f  _nop                           
20007845  strlen                         
20007859  __TI_decompress_none           
20007867  ResetISR                       
20007875  __TI_zero_init                 
20007881  IntMasterEnable                
2000788b  copysign                       
2000788b  copysignl                      
20007893  UtilsDelay                     
20007899  _system_pre_init               
2000789c  _ctypes_                       
20007ca0  __TI_static_base__             
20007cd0  __TI_Handler_Table_Base        
20007cdc  __TI_Handler_Table_Limit       
20007ce8  __TI_CINIT_Base                
20007cf8  __TI_CINIT_Limit               
2001d000  _sys_memory                    
2001d814  __TI_cleanup_ptr               
2001d818  __TI_dtors_ptr                 
2001d81c  __TI_enable_exit_profile_output
2001d82c  g_uiLED1Port                   
2001d830  g_uiLED2Port                   
2001d834  g_uiLED3Port                   
2001d838  _lock                          
2001d83c  _unlock                        
2001d840  errno                          
2001d844  main_func_sp                   
2001d84c  g_ucLED1Pin                    
2001d84d  g_ucLED2Pin                    
2001d84e  g_ucLED3Pin                    
2003f800  __stack                        
20040000  __STACK_END                    
ffffffff  __TI_pprof_out_hndl            
ffffffff  __TI_prof_data_size            
ffffffff  __TI_prof_data_start           
ffffffff  __binit__                      
ffffffff  __c_args__                     
ffffffff  binit                          
UNDEFED   SHT$$INIT_ARRAY$$Base          
UNDEFED   SHT$$INIT_ARRAY$$Limit         

[145 symbols]
