******************************************************************************
                  TI ARM Linker PC v16.9.1                     
******************************************************************************
>> Linked Tue Apr 18 20:35:49 2017

OUTPUT FILE NAME:   <spi_demo.out>
ENTRY POINT SYMBOL: "_c_int00"  address: 200085b1


MEMORY CONFIGURATION

         name            origin    length      used     unused   attr    fill
----------------------  --------  ---------  --------  --------  ----  --------
  SRAM_CODE             20004000   00013000  00005738  0000d8c8  RW X
  SRAM_DATA             20017000   00019000  00001044  00017fbc  RW X


SEGMENT ALLOCATION MAP

run origin  load origin   length   init length attrs members
----------  ----------- ---------- ----------- ----- -------
20004000    20004000    00005738   00005738    r-x
  20004000    20004000    00000400   00000400    r-- .intvecs
  20004400    20004400    000045c8   000045c8    r-x .text
  200089c8    200089c8    00000d20   00000d20    r-- .const
  200096e8    200096e8    00000050   00000050    r-- .cinit
20017000    20017000    00000844   00000000    rw-
  20017000    20017000    00000800   00000000    rw- .sysmem
  20017800    20017800    00000040   00000000    rw- .data
  20017840    20017840    00000004   00000000    rw- .bss
2002f800    2002f800    00000800   00000000    rw-
  2002f800    2002f800    00000800   00000000    rw- .stack


SECTION ALLOCATION MAP

 output                                  attributes/
section   page    origin      length       input sections
--------  ----  ----------  ----------   ----------------
.intvecs   0    20004000    00000400     
                  20004000    00000400     startup_ccs.obj (.intvecs)

.init_array 
*          0    20004000    00000000     UNINITIALIZED

.text      0    20004400    000045c8     
                  20004400    00001122     rtsv7M4_T_le_eabi.lib : _printfi.obj (.text)
                  20005522    00000002                           : mpu_init.obj (.text)
                  20005524    00000a80     Adafruit_GFX.obj (.text)
                  20005fa4    00000712     test.obj (.text)
                  200066b6    00000002     rtsv7M4_T_le_eabi.lib : startup.obj (.text)
                  200066b8    000004aa     Adafruit_OLED.obj (.text)
                  20006b62    00000002     --HOLE-- [fill = 0]
                  20006b64    000003d0     rtsv7M4_T_le_eabi.lib : memory.obj (.text)
                  20006f34    00000280     uart_if.obj (.text)
                  200071b4    000001f4     rtsv7M4_T_le_eabi.lib : ull_div_t2.obj (.text)
                  200073a8    000001ec     main.obj (.text)
                  20007594    000001b6     rtsv7M4_T_le_eabi.lib : fd_add_t2.obj (.text)
                  2000774a    00000002     --HOLE-- [fill = 0]
                  2000774c    00000178     driverlib.a : prcm.obj (.text:PRCMCC3200MCUInit)
                  200078c4    00000136     rtsv7M4_T_le_eabi.lib : fd_div_t2.obj (.text)
                  200079fa    00000002     --HOLE-- [fill = 0]
                  200079fc    00000110     pin_mux_config.obj (.text)
                  20007b0c    000000fc     rtsv7M4_T_le_eabi.lib : fd_mul_t2.obj (.text)
                  20007c08    000000d0                           : s_scalbn.obj (.text)
                  20007cd8    000000a8     driverlib.a : interrupt.obj (.text:IntEnable)
                  20007d80    000000a0                 : spi.obj (.text:SPIConfigSetExpClk)
                  20007e20    0000009c     rtsv7M4_T_le_eabi.lib : memcpy_t2.obj (.text)
                  20007ebc    00000094     driverlib.a : prcm.obj (.text:PRCMPeripheralClockGet)
                  20007f50    00000088                 : pin.obj (.text:PinConfigSet)
                  20007fd8    00000088     rtsv7M4_T_le_eabi.lib : vsnprintf.obj (.text)
                  20008060    00000086                           : fd_cmp_t2.obj (.text:__aeabi_cdcmple)
                  200080e6    00000086                           : fd_cmp_t2.obj (.text:__aeabi_cdrcmple)
                  2000816c    0000007a                           : memset_t2.obj (.text)
                  200081e6    00000076     driverlib.a : uart.obj (.text:UARTConfigSetExpClk)
                  2000825c    00000070     rtsv7M4_T_le_eabi.lib : autoinit.obj (.text)
                  200082cc    00000068                           : copy_decompress_lzss.obj (.text:decompress:lzss)
                  20008334    0000005c                           : s_frexp.obj (.text)
                  20008390    00000058     driverlib.a : prcm.obj (.text:PRCMPeripheralReset)
                  200083e8    00000054     rtsv7M4_T_le_eabi.lib : exit.obj (.text)
                  2000843c    00000054                           : ltoa.obj (.text)
                  20008490    0000004c                           : atoi.obj (.text)
                  200084dc    0000004c                           : cpy_tbl.obj (.text)
                  20008528    00000048                           : fd_toi_t2.obj (.text)
                  20008570    00000040     driverlib.a : pin.obj (.text:PinModeSet)
                  200085b0    00000040     rtsv7M4_T_le_eabi.lib : boot.obj (.text)
                  200085f0    0000003c     driverlib.a : prcm.obj (.text:PRCMPeripheralClkEnable)
                  2000862c    00000036                 : gpio.obj (.text:GPIODirModeSet)
                  20008662    00000030                 : pin.obj (.text:PinTypeGPIO)
                  20008692    00000002     --HOLE-- [fill = 0]
                  20008694    00000030                 : uart.obj (.text:UARTDisable)
                  200086c4    0000002e     rtsv7M4_T_le_eabi.lib : i_tofd_t2.obj (.text)
                  200086f2    00000002     --HOLE-- [fill = 0]
                  200086f4    0000002c     driverlib.a : prcm.obj (.text:PRCMSysResetCauseGet)
                  20008720    00000028                 : prcm.obj (.text:PRCMPeripheralClkDisable)
                  20008748    00000024                 : uart.obj (.text:UARTEnable)
                  2000876c    00000024     rtsv7M4_T_le_eabi.lib : memmov.obj (.text)
                  20008790    00000020     driverlib.a : gpio.obj (.text:GPIOPinWrite)
                  200087b0    00000020                 : spi.obj (.text:SPIDataGet)
                  200087d0    0000001e                 : spi.obj (.text:SPIDataPut)
                  200087ee    0000001e                 : uart.obj (.text:UARTCharPut)
                  2000880c    0000001c                 : uart.obj (.text:UARTCharGetNonBlocking)
                  20008828    0000001c     rtsv7M4_T_le_eabi.lib : memccpy.obj (.text)
                  20008844    0000001a     driverlib.a : pin.obj (.text:PinTypeSPI)
                  2000885e    0000001a                 : pin.obj (.text:PinTypeUART)
                  20008878    00000018                 : spi.obj (.text:SPICSDisable)
                  20008890    00000018                 : spi.obj (.text:SPICSEnable)
                  200088a8    00000018                 : spi.obj (.text:SPIEnable)
                  200088c0    00000018                 : uart.obj (.text:UARTCharsAvail)
                  200088d8    00000018     rtsv7M4_T_le_eabi.lib : args_main.obj (.text)
                  200088f0    00000016     driverlib.a : prcm.obj (.text:PRCMHIBRegRead)
                  20008906    00000016                 : prcm.obj (.text:PRCMHIBRegWrite)
                  2000891c    00000016     rtsv7M4_T_le_eabi.lib : strchr.obj (.text)
                  20008932    00000014     driverlib.a : cpu.obj (.text:CPUcpsie)
                  20008946    00000002     --HOLE-- [fill = 0]
                  20008948    00000014                 : interrupt.obj (.text:IntVTableBaseSet)
                  2000895c    00000014     rtsv7M4_T_le_eabi.lib : _lock.obj (.text)
                  20008970    00000014                           : strlen.obj (.text)
                  20008984    0000000e                           : copy_decompress_none.obj (.text:decompress:none)
                  20008992    0000000e     startup_ccs.obj (.text)
                  200089a0    0000000c     rtsv7M4_T_le_eabi.lib : copy_zero_init.obj (.text:decompress:ZI)
                  200089ac    0000000a     driverlib.a : interrupt.obj (.text:IntMasterEnable)
                  200089b6    00000008     rtsv7M4_T_le_eabi.lib : s_copysign.obj (.text)
                  200089be    00000006     driverlib.a : utils.obj (.text:UtilsDelay)
                  200089c4    00000004     rtsv7M4_T_le_eabi.lib : pre_init.obj (.text)

.const     0    200089c8    00000d20     
                  200089c8    000004fb     Adafruit_GFX.obj (.const:.string:font)
                  20008ec3    000004fb     main.obj (.const:.string:font)
                  200093be    00000101     rtsv7M4_T_le_eabi.lib : ctype.obj (.const:.string:_ctypes_)
                  200094bf    00000001     --HOLE-- [fill = 0]
                  200094c0    00000100     driverlib.a : pin.obj (.const:g_ulPinToPadMap)
                  200095c0    000000a8                 : prcm.obj (.const:PRCM_PeriphRegsList)
                  20009668    00000080                 : interrupt.obj (.const)

.cinit     0    200096e8    00000050     
                  200096e8    0000002b     (.cinit..data.load) [load image, compression = lzss]
                  20009713    00000001     --HOLE-- [fill = 0]
                  20009714    0000000c     (__TI_handler_table)
                  20009720    00000008     (.cinit..bss.load) [load image, compression = zero_init]
                  20009728    00000010     (__TI_cinit_table)

.sysmem    0    20017000    00000800     UNINITIALIZED
                  20017000    00000008     rtsv7M4_T_le_eabi.lib : memory.obj (.sysmem)
                  20017008    000007f8     --HOLE--

.data      0    20017800    00000040     UNINITIALIZED
                  20017800    00000015     Adafruit_GFX.obj (.data)
                  20017815    00000003     --HOLE--
                  20017818    0000000c     rtsv7M4_T_le_eabi.lib : exit.obj (.data:$O1$$)
                  20017824    0000000c                           : memory.obj (.data:$O1$$)
                  20017830    00000008                           : _lock.obj (.data:$O1$$)
                  20017838    00000004                           : errno.obj (.data)
                  2001783c    00000004                           : stkdepth_vars.obj (.data)

.bss       0    20017840    00000004     UNINITIALIZED
                  20017840    00000004     uart_if.obj (.bss)

.stack     0    2002f800    00000800     UNINITIALIZED
                  2002f800    00000800     --HOLE--

MODULE SUMMARY

       Module                     code    ro data   rw data
       ------                     ----    -------   -------
    .\
       Adafruit_GFX.obj           2688    1275      21     
       test.obj                   1810    0         0      
       main.obj                   492     1275      0      
       Adafruit_OLED.obj          1194    0         0      
       startup_ccs.obj            14      1024      0      
       uart_if.obj                640     0         4      
       pin_mux_config.obj         272     0         0      
    +--+--------------------------+-------+---------+---------+
       Total:                     7110    3574      25     
                                                           
    C:/ti/CC3200SDK_1.3.0/cc3200-sdk/driverlib/ccs/Release/driverlib.a
       prcm.obj                   800     168       0      
       pin.obj                    300     256       0      
       interrupt.obj              198     128       0      
       spi.obj                    294     0         0      
       uart.obj                   284     0         0      
       gpio.obj                   86      0         0      
       cpu.obj                    20      0         0      
       utils.obj                  6       0         0      
    +--+--------------------------+-------+---------+---------+
       Total:                     1988    552       0      
                                                           
    C:\ti\ccsv7\tools\compiler\ti-cgt-arm_16.9.1.LTS\lib\rtsv7M4_T_le_eabi.lib
       _printfi.obj               4386    0         0      
       memory.obj                 976     0         12     
       ull_div_t2.obj             500     0         0      
       fd_add_t2.obj              438     0         0      
       fd_div_t2.obj              310     0         0      
       fd_cmp_t2.obj              268     0         0      
       ctype.obj                  0       257       0      
       fd_mul_t2.obj              252     0         0      
       s_scalbn.obj               208     0         0      
       memcpy_t2.obj              156     0         0      
       vsnprintf.obj              136     0         0      
       memset_t2.obj              122     0         0      
       autoinit.obj               112     0         0      
       copy_decompress_lzss.obj   104     0         0      
       exit.obj                   84      0         12     
       s_frexp.obj                92      0         0      
       ltoa.obj                   84      0         0      
       atoi.obj                   76      0         0      
       cpy_tbl.obj                76      0         0      
       fd_toi_t2.obj              72      0         0      
       boot.obj                   64      0         0      
       i_tofd_t2.obj              46      0         0      
       memmov.obj                 36      0         0      
       _lock.obj                  20      0         8      
       memccpy.obj                28      0         0      
       args_main.obj              24      0         0      
       strchr.obj                 22      0         0      
       strlen.obj                 20      0         0      
       copy_decompress_none.obj   14      0         0      
       copy_zero_init.obj         12      0         0      
       s_copysign.obj             8       0         0      
       errno.obj                  0       0         4      
       pre_init.obj               4       0         0      
       stkdepth_vars.obj          0       0         4      
       mpu_init.obj               2       0         0      
       startup.obj                2       0         0      
    +--+--------------------------+-------+---------+---------+
       Total:                     8754    257       40     
                                                           
       Heap:                      0       0         2048   
       Stack:                     0       0         2048   
       Linker Generated:          0       79        0      
    +--+--------------------------+-------+---------+---------+
       Grand Total:               17852   4462      4161   


LINKER GENERATED COPY TABLES

__TI_cinit_table @ 20009728 records: 2, size/record: 8, table size: 16
	.data: load addr=200096e8, load size=0000002b bytes, run addr=20017800, run size=00000040 bytes, compression=lzss
	.bss: load addr=20009720, load size=00000008 bytes, run addr=20017840, run size=00000004 bytes, compression=zero_init


LINKER GENERATED HANDLER TABLE

__TI_handler_table @ 20009714 records: 3, size/record: 4, table size: 12
	index: 0, handler: __TI_decompress_lzss
	index: 1, handler: __TI_decompress_none
	index: 2, handler: __TI_zero_init


GLOBAL SYMBOLS: SORTED ALPHABETICALLY BY Name 

address   name                           
-------   ----                           
2000674d  Adafruit_Init                  
200083e9  C$$EXIT                        
20008933  CPUcpsie                       
20006f75  ClearTerm                      
200068c3  Color565                       
20006f7f  Error                          
2000862d  GPIODirModeSet                 
20008791  GPIOPinWrite                   
20006fb7  GetCmd                         
20006f35  InitTerm                       
20007cd9  IntEnable                      
200089ad  IntMasterEnable                
20008949  IntVTableBaseSet               
20006f53  Message                        
20005ecf  Outstr                         
2000774d  PRCMCC3200MCUInit              
200088f1  PRCMHIBRegRead                 
20008907  PRCMHIBRegWrite                
20008721  PRCMPeripheralClkDisable       
200085f1  PRCMPeripheralClkEnable        
20007ebd  PRCMPeripheralClockGet         
20008391  PRCMPeripheralReset            
200086f5  PRCMSysResetCauseGet           
20007f51  PinConfigSet                   
20008571  PinModeSet                     
200079fd  PinMuxConfig                   
20008663  PinTypeGPIO                    
20008845  PinTypeSPI                     
2000885f  PinTypeUART                    
200070f5  Report                         
20008993  ResetISR                       
UNDEFED   SHT$$INIT_ARRAY$$Base          
UNDEFED   SHT$$INIT_ARRAY$$Limit         
20008879  SPICSDisable                   
20008891  SPICSEnable                    
20007d81  SPIConfigSetExpClk             
200087b1  SPIDataGet                     
200087d1  SPIDataPut                     
200088a9  SPIEnable                      
2000705d  TrimSpace                      
2000880d  UARTCharGetNonBlocking         
200087ef  UARTCharPut                    
200088c1  UARTCharsAvail                 
200081e7  UARTConfigSetExpClk            
20008695  UARTDisable                    
20008749  UARTEnable                     
200089bf  UtilsDelay                     
20030000  __STACK_END                    
00000800  __STACK_SIZE                   
00000800  __SYSMEM_SIZE                  
20009728  __TI_CINIT_Base                
20009738  __TI_CINIT_Limit               
20009714  __TI_Handler_Table_Base        
20009720  __TI_Handler_Table_Limit       
2000825d  __TI_auto_init                 
20017818  __TI_cleanup_ptr               
200082cd  __TI_decompress_lzss           
20008985  __TI_decompress_none           
2001781c  __TI_dtors_ptr                 
20017820  __TI_enable_exit_profile_output
ffffffff  __TI_pprof_out_hndl            
20004c39  __TI_printfi                   
ffffffff  __TI_prof_data_size            
ffffffff  __TI_prof_data_start           
200096e8  __TI_static_base__             
200089a1  __TI_zero_init                 
20008061  __aeabi_cdcmpeq                
20008061  __aeabi_cdcmple                
200080e7  __aeabi_cdrcmple               
20008529  __aeabi_d2iz                   
2000759f  __aeabi_dadd                   
200078c5  __aeabi_ddiv                   
20007b0d  __aeabi_dmul                   
20007595  __aeabi_dsub                   
200086c5  __aeabi_i2d                    
2000816d  __aeabi_memclr                 
2000816d  __aeabi_memclr4                
2000816d  __aeabi_memclr8                
20007e21  __aeabi_memcpy                 
20007e21  __aeabi_memcpy4                
20007e21  __aeabi_memcpy8                
2000816f  __aeabi_memset                 
2000816f  __aeabi_memset4                
2000816f  __aeabi_memset8                
200071b5  __aeabi_uldivmod               
ffffffff  __binit__                      
ffffffff  __c_args__                     
20005523  __mpu_init                     
2002f800  __stack                        
200088d9  _args_main                     
200085b1  _c_int00                       
200093be  _ctypes_                       
20017830  _lock                          
2000896b  _nop                           
20008963  _register_lock                 
2000895d  _register_unlock               
20017000  _sys_memory                    
200066b7  _system_post_cinit             
200089c5  _system_pre_init               
20017834  _unlock                        
200083ed  abort                          
20008491  atoi                           
ffffffff  binit                          
20006f05  calloc                         
200084dd  copy_in                        
200089b7  copysign                       
200089b7  copysignl                      
20017800  cursor_x                       
20017804  cursor_y                       
20005fa5  delay                          
20005d83  drawChar                       
20005525  drawCircle                     
20005659  drawCircleHelper               
20006a6d  drawFastHLine                  
200069cd  drawFastVLine                  
2000589f  drawLine                       
20006b09  drawPixel                      
2000598b  drawRect                       
200059d9  drawRoundRect                  
20005b41  drawTriangle                   
20017838  errno                          
200083f5  exit                           
20005777  fillCircle                     
200057b1  fillCircleHelper               
2000691b  fillRect                       
20005ac7  fillRoundRect                  
20006905  fillScreen                     
20005b83  fillTriangle                   
20006c4f  free                           
20008335  frexp                          
20008335  frexpl                         
20004000  g_pfnVectors                   
2000687f  goTo                           
20005f83  height                         
20006b47  invert                         
20006517  lcdTestPattern                 
200065e7  lcdTestPattern2                
20007c09  ldexp                          
20007c09  ldexpl                         
2000843d  ltoa                           
200073c1  main                           
2001783c  main_func_sp                   
20006be5  malloc                         
20006e19  memalign                       
20008829  memccpy                        
20007e21  memcpy                         
2000876d  memmove                        
20008175  memset                         
20006b65  minit                          
20006d11  realloc                        
20007c09  scalbn                         
20007c09  scalbnl                        
20005f1b  setCursor                      
20005f53  setTextColor                   
20005f33  setTextSize                    
20005f6b  setTextWrap                    
2000891d  strchr                         
20008971  strlen                         
200061db  testdrawcircles                
2000604b  testdrawrects                  
20005fd9  testfastlines                  
20006169  testfillcircles                
200060ab  testfillrects                  
20006349  testlines                      
200062d7  testroundrects                 
20006255  testtriangles                  
20017810  textbgcolor                    
2001780c  textcolor                      
20017808  textsize                       
20007fd9  vsnprintf                      
20005f7f  width                          
20017814  wrap                           
200066b9  writeCommand                   
20006703  writeData                      


GLOBAL SYMBOLS: SORTED BY Symbol Address 

address   name                           
-------   ----                           
00000800  __STACK_SIZE                   
00000800  __SYSMEM_SIZE                  
20004000  g_pfnVectors                   
20004c39  __TI_printfi                   
20005523  __mpu_init                     
20005525  drawCircle                     
20005659  drawCircleHelper               
20005777  fillCircle                     
200057b1  fillCircleHelper               
2000589f  drawLine                       
2000598b  drawRect                       
200059d9  drawRoundRect                  
20005ac7  fillRoundRect                  
20005b41  drawTriangle                   
20005b83  fillTriangle                   
20005d83  drawChar                       
20005ecf  Outstr                         
20005f1b  setCursor                      
20005f33  setTextSize                    
20005f53  setTextColor                   
20005f6b  setTextWrap                    
20005f7f  width                          
20005f83  height                         
20005fa5  delay                          
20005fd9  testfastlines                  
2000604b  testdrawrects                  
200060ab  testfillrects                  
20006169  testfillcircles                
200061db  testdrawcircles                
20006255  testtriangles                  
200062d7  testroundrects                 
20006349  testlines                      
20006517  lcdTestPattern                 
200065e7  lcdTestPattern2                
200066b7  _system_post_cinit             
200066b9  writeCommand                   
20006703  writeData                      
2000674d  Adafruit_Init                  
2000687f  goTo                           
200068c3  Color565                       
20006905  fillScreen                     
2000691b  fillRect                       
200069cd  drawFastVLine                  
20006a6d  drawFastHLine                  
20006b09  drawPixel                      
20006b47  invert                         
20006b65  minit                          
20006be5  malloc                         
20006c4f  free                           
20006d11  realloc                        
20006e19  memalign                       
20006f05  calloc                         
20006f35  InitTerm                       
20006f53  Message                        
20006f75  ClearTerm                      
20006f7f  Error                          
20006fb7  GetCmd                         
2000705d  TrimSpace                      
200070f5  Report                         
200071b5  __aeabi_uldivmod               
200073c1  main                           
20007595  __aeabi_dsub                   
2000759f  __aeabi_dadd                   
2000774d  PRCMCC3200MCUInit              
200078c5  __aeabi_ddiv                   
200079fd  PinMuxConfig                   
20007b0d  __aeabi_dmul                   
20007c09  ldexp                          
20007c09  ldexpl                         
20007c09  scalbn                         
20007c09  scalbnl                        
20007cd9  IntEnable                      
20007d81  SPIConfigSetExpClk             
20007e21  __aeabi_memcpy                 
20007e21  __aeabi_memcpy4                
20007e21  __aeabi_memcpy8                
20007e21  memcpy                         
20007ebd  PRCMPeripheralClockGet         
20007f51  PinConfigSet                   
20007fd9  vsnprintf                      
20008061  __aeabi_cdcmpeq                
20008061  __aeabi_cdcmple                
200080e7  __aeabi_cdrcmple               
2000816d  __aeabi_memclr                 
2000816d  __aeabi_memclr4                
2000816d  __aeabi_memclr8                
2000816f  __aeabi_memset                 
2000816f  __aeabi_memset4                
2000816f  __aeabi_memset8                
20008175  memset                         
200081e7  UARTConfigSetExpClk            
2000825d  __TI_auto_init                 
200082cd  __TI_decompress_lzss           
20008335  frexp                          
20008335  frexpl                         
20008391  PRCMPeripheralReset            
200083e9  C$$EXIT                        
200083ed  abort                          
200083f5  exit                           
2000843d  ltoa                           
20008491  atoi                           
200084dd  copy_in                        
20008529  __aeabi_d2iz                   
20008571  PinModeSet                     
200085b1  _c_int00                       
200085f1  PRCMPeripheralClkEnable        
2000862d  GPIODirModeSet                 
20008663  PinTypeGPIO                    
20008695  UARTDisable                    
200086c5  __aeabi_i2d                    
200086f5  PRCMSysResetCauseGet           
20008721  PRCMPeripheralClkDisable       
20008749  UARTEnable                     
2000876d  memmove                        
20008791  GPIOPinWrite                   
200087b1  SPIDataGet                     
200087d1  SPIDataPut                     
200087ef  UARTCharPut                    
2000880d  UARTCharGetNonBlocking         
20008829  memccpy                        
20008845  PinTypeSPI                     
2000885f  PinTypeUART                    
20008879  SPICSDisable                   
20008891  SPICSEnable                    
200088a9  SPIEnable                      
200088c1  UARTCharsAvail                 
200088d9  _args_main                     
200088f1  PRCMHIBRegRead                 
20008907  PRCMHIBRegWrite                
2000891d  strchr                         
20008933  CPUcpsie                       
20008949  IntVTableBaseSet               
2000895d  _register_unlock               
20008963  _register_lock                 
2000896b  _nop                           
20008971  strlen                         
20008985  __TI_decompress_none           
20008993  ResetISR                       
200089a1  __TI_zero_init                 
200089ad  IntMasterEnable                
200089b7  copysign                       
200089b7  copysignl                      
200089bf  UtilsDelay                     
200089c5  _system_pre_init               
200093be  _ctypes_                       
200096e8  __TI_static_base__             
20009714  __TI_Handler_Table_Base        
20009720  __TI_Handler_Table_Limit       
20009728  __TI_CINIT_Base                
20009738  __TI_CINIT_Limit               
20017000  _sys_memory                    
20017800  cursor_x                       
20017804  cursor_y                       
20017808  textsize                       
2001780c  textcolor                      
20017810  textbgcolor                    
20017814  wrap                           
20017818  __TI_cleanup_ptr               
2001781c  __TI_dtors_ptr                 
20017820  __TI_enable_exit_profile_output
20017830  _lock                          
20017834  _unlock                        
20017838  errno                          
2001783c  main_func_sp                   
2002f800  __stack                        
20030000  __STACK_END                    
ffffffff  __TI_pprof_out_hndl            
ffffffff  __TI_prof_data_size            
ffffffff  __TI_prof_data_start           
ffffffff  __binit__                      
ffffffff  __c_args__                     
ffffffff  binit                          
UNDEFED   SHT$$INIT_ARRAY$$Base          
UNDEFED   SHT$$INIT_ARRAY$$Limit         

[174 symbols]
