<?xml version="1.0"?>
<link_info>
   <banner>TI ARM Linker PC v16.9.1.LTS</banner>
   <copyright>Copyright (c) 1996-2015 Texas Instruments Incorporated</copyright>
   <link_time>0x590feeef</link_time>
   <link_errors>0x1</link_errors>
   <output_file>int_sw.out</output_file>
   <entry_point>
      <name>_c_int00</name>
      <address>0x20007bfd</address>
   </entry_point>
   <input_file_list>
      <input_file id="fl-2">
         <path>.\</path>
         <kind>object</kind>
         <file>Adafruit_GFX.obj</file>
         <name>Adafruit_GFX.obj</name>
      </input_file>
      <input_file id="fl-3">
         <path>.\</path>
         <kind>object</kind>
         <file>Adafruit_OLED.obj</file>
         <name>Adafruit_OLED.obj</name>
      </input_file>
      <input_file id="fl-4">
         <path>.\</path>
         <kind>object</kind>
         <file>i2c_if.obj</file>
         <name>i2c_if.obj</name>
      </input_file>
      <input_file id="fl-5">
         <path>.\</path>
         <kind>object</kind>
         <file>main.obj</file>
         <name>main.obj</name>
      </input_file>
      <input_file id="fl-6">
         <path>.\</path>
         <kind>object</kind>
         <file>pin_mux_config.obj</file>
         <name>pin_mux_config.obj</name>
      </input_file>
      <input_file id="fl-7">
         <path>.\</path>
         <kind>object</kind>
         <file>startup_ccs.obj</file>
         <name>startup_ccs.obj</name>
      </input_file>
      <input_file id="fl-8">
         <path>.\</path>
         <kind>object</kind>
         <file>timer_if.obj</file>
         <name>timer_if.obj</name>
      </input_file>
      <input_file id="fl-9">
         <path>.\</path>
         <kind>object</kind>
         <file>uart_if.obj</file>
         <name>uart_if.obj</name>
      </input_file>
      <input_file id="fl-c4">
         <path>C:\ti\ccsv7\tools\compiler\ti-cgt-arm_16.9.1.LTS\lib\</path>
         <kind>archive</kind>
         <file>rtsv7M4_T_le_eabi.lib</file>
         <name>boot.obj</name>
      </input_file>
      <input_file id="fl-c5">
         <path>C:\ti\ccsv7\tools\compiler\ti-cgt-arm_16.9.1.LTS\lib\</path>
         <kind>archive</kind>
         <file>rtsv7M4_T_le_eabi.lib</file>
         <name>copy_decompress_lzss.obj</name>
      </input_file>
      <input_file id="fl-c6">
         <path>C:\ti\ccsv7\tools\compiler\ti-cgt-arm_16.9.1.LTS\lib\</path>
         <kind>archive</kind>
         <file>rtsv7M4_T_le_eabi.lib</file>
         <name>copy_decompress_none.obj</name>
      </input_file>
      <input_file id="fl-c7">
         <path>C:\ti\ccsv7\tools\compiler\ti-cgt-arm_16.9.1.LTS\lib\</path>
         <kind>archive</kind>
         <file>rtsv7M4_T_le_eabi.lib</file>
         <name>copy_zero_init.obj</name>
      </input_file>
      <input_file id="fl-c8">
         <path>C:\ti\ccsv7\tools\compiler\ti-cgt-arm_16.9.1.LTS\lib\</path>
         <kind>archive</kind>
         <file>rtsv7M4_T_le_eabi.lib</file>
         <name>exit.obj</name>
      </input_file>
      <input_file id="fl-c9">
         <path>C:\ti\ccsv7\tools\compiler\ti-cgt-arm_16.9.1.LTS\lib\</path>
         <kind>archive</kind>
         <file>rtsv7M4_T_le_eabi.lib</file>
         <name>memcpy_t2.obj</name>
      </input_file>
      <input_file id="fl-ca">
         <path>C:\ti\ccsv7\tools\compiler\ti-cgt-arm_16.9.1.LTS\lib\</path>
         <kind>archive</kind>
         <file>rtsv7M4_T_le_eabi.lib</file>
         <name>memmov.obj</name>
      </input_file>
      <input_file id="fl-cb">
         <path>C:\ti\ccsv7\tools\compiler\ti-cgt-arm_16.9.1.LTS\lib\</path>
         <kind>archive</kind>
         <file>rtsv7M4_T_le_eabi.lib</file>
         <name>memory.obj</name>
      </input_file>
      <input_file id="fl-cc">
         <path>C:\ti\ccsv7\tools\compiler\ti-cgt-arm_16.9.1.LTS\lib\</path>
         <kind>archive</kind>
         <file>rtsv7M4_T_le_eabi.lib</file>
         <name>memset_t2.obj</name>
      </input_file>
      <input_file id="fl-cd">
         <path>C:\ti\ccsv7\tools\compiler\ti-cgt-arm_16.9.1.LTS\lib\</path>
         <kind>archive</kind>
         <file>rtsv7M4_T_le_eabi.lib</file>
         <name>mpu_init.obj</name>
      </input_file>
      <input_file id="fl-ce">
         <path>C:\ti\ccsv7\tools\compiler\ti-cgt-arm_16.9.1.LTS\lib\</path>
         <kind>archive</kind>
         <file>rtsv7M4_T_le_eabi.lib</file>
         <name>pre_init.obj</name>
      </input_file>
      <input_file id="fl-cf">
         <path>C:\ti\ccsv7\tools\compiler\ti-cgt-arm_16.9.1.LTS\lib\</path>
         <kind>archive</kind>
         <file>rtsv7M4_T_le_eabi.lib</file>
         <name>stkdepth_vars.obj</name>
      </input_file>
      <input_file id="fl-d0">
         <path>C:\ti\ccsv7\tools\compiler\ti-cgt-arm_16.9.1.LTS\lib\</path>
         <kind>archive</kind>
         <file>rtsv7M4_T_le_eabi.lib</file>
         <name>strlen.obj</name>
      </input_file>
      <input_file id="fl-d1">
         <path>C:\ti\ccsv7\tools\compiler\ti-cgt-arm_16.9.1.LTS\lib\</path>
         <kind>archive</kind>
         <file>rtsv7M4_T_le_eabi.lib</file>
         <name>vsnprintf.obj</name>
      </input_file>
      <input_file id="fl-d2">
         <path>C:\ti\ccsv7\tools\compiler\ti-cgt-arm_16.9.1.LTS\lib\</path>
         <kind>archive</kind>
         <file>rtsv7M4_T_le_eabi.lib</file>
         <name>_lock.obj</name>
      </input_file>
      <input_file id="fl-d3">
         <path>C:\ti\ccsv7\tools\compiler\ti-cgt-arm_16.9.1.LTS\lib\</path>
         <kind>archive</kind>
         <file>rtsv7M4_T_le_eabi.lib</file>
         <name>_printfi.obj</name>
      </input_file>
      <input_file id="fl-d4">
         <path>C:\ti\ccsv7\tools\compiler\ti-cgt-arm_16.9.1.LTS\lib\</path>
         <kind>archive</kind>
         <file>rtsv7M4_T_le_eabi.lib</file>
         <name>args_main.obj</name>
      </input_file>
      <input_file id="fl-d5">
         <path>C:\ti\ccsv7\tools\compiler\ti-cgt-arm_16.9.1.LTS\lib\</path>
         <kind>archive</kind>
         <file>rtsv7M4_T_le_eabi.lib</file>
         <name>atoi.obj</name>
      </input_file>
      <input_file id="fl-d6">
         <path>C:\ti\ccsv7\tools\compiler\ti-cgt-arm_16.9.1.LTS\lib\</path>
         <kind>archive</kind>
         <file>rtsv7M4_T_le_eabi.lib</file>
         <name>autoinit.obj</name>
      </input_file>
      <input_file id="fl-d7">
         <path>C:\ti\ccsv7\tools\compiler\ti-cgt-arm_16.9.1.LTS\lib\</path>
         <kind>archive</kind>
         <file>rtsv7M4_T_le_eabi.lib</file>
         <name>cpy_tbl.obj</name>
      </input_file>
      <input_file id="fl-d8">
         <path>C:\ti\ccsv7\tools\compiler\ti-cgt-arm_16.9.1.LTS\lib\</path>
         <kind>archive</kind>
         <file>rtsv7M4_T_le_eabi.lib</file>
         <name>ctype.obj</name>
      </input_file>
      <input_file id="fl-d9">
         <path>C:\ti\ccsv7\tools\compiler\ti-cgt-arm_16.9.1.LTS\lib\</path>
         <kind>archive</kind>
         <file>rtsv7M4_T_le_eabi.lib</file>
         <name>fd_add_t2.obj</name>
      </input_file>
      <input_file id="fl-da">
         <path>C:\ti\ccsv7\tools\compiler\ti-cgt-arm_16.9.1.LTS\lib\</path>
         <kind>archive</kind>
         <file>rtsv7M4_T_le_eabi.lib</file>
         <name>fd_cmp_t2.obj</name>
      </input_file>
      <input_file id="fl-db">
         <path>C:\ti\ccsv7\tools\compiler\ti-cgt-arm_16.9.1.LTS\lib\</path>
         <kind>archive</kind>
         <file>rtsv7M4_T_le_eabi.lib</file>
         <name>fd_div_t2.obj</name>
      </input_file>
      <input_file id="fl-dc">
         <path>C:\ti\ccsv7\tools\compiler\ti-cgt-arm_16.9.1.LTS\lib\</path>
         <kind>archive</kind>
         <file>rtsv7M4_T_le_eabi.lib</file>
         <name>fd_mul_t2.obj</name>
      </input_file>
      <input_file id="fl-dd">
         <path>C:\ti\ccsv7\tools\compiler\ti-cgt-arm_16.9.1.LTS\lib\</path>
         <kind>archive</kind>
         <file>rtsv7M4_T_le_eabi.lib</file>
         <name>fd_toi_t2.obj</name>
      </input_file>
      <input_file id="fl-de">
         <path>C:\ti\ccsv7\tools\compiler\ti-cgt-arm_16.9.1.LTS\lib\</path>
         <kind>archive</kind>
         <file>rtsv7M4_T_le_eabi.lib</file>
         <name>i_tofd_t2.obj</name>
      </input_file>
      <input_file id="fl-df">
         <path>C:\ti\ccsv7\tools\compiler\ti-cgt-arm_16.9.1.LTS\lib\</path>
         <kind>archive</kind>
         <file>rtsv7M4_T_le_eabi.lib</file>
         <name>ltoa.obj</name>
      </input_file>
      <input_file id="fl-e0">
         <path>C:\ti\ccsv7\tools\compiler\ti-cgt-arm_16.9.1.LTS\lib\</path>
         <kind>archive</kind>
         <file>rtsv7M4_T_le_eabi.lib</file>
         <name>memccpy.obj</name>
      </input_file>
      <input_file id="fl-e1">
         <path>C:\ti\ccsv7\tools\compiler\ti-cgt-arm_16.9.1.LTS\lib\</path>
         <kind>archive</kind>
         <file>rtsv7M4_T_le_eabi.lib</file>
         <name>s_frexp.obj</name>
      </input_file>
      <input_file id="fl-e2">
         <path>C:\ti\ccsv7\tools\compiler\ti-cgt-arm_16.9.1.LTS\lib\</path>
         <kind>archive</kind>
         <file>rtsv7M4_T_le_eabi.lib</file>
         <name>s_scalbn.obj</name>
      </input_file>
      <input_file id="fl-e3">
         <path>C:\ti\ccsv7\tools\compiler\ti-cgt-arm_16.9.1.LTS\lib\</path>
         <kind>archive</kind>
         <file>rtsv7M4_T_le_eabi.lib</file>
         <name>startup.obj</name>
      </input_file>
      <input_file id="fl-e4">
         <path>C:\ti\ccsv7\tools\compiler\ti-cgt-arm_16.9.1.LTS\lib\</path>
         <kind>archive</kind>
         <file>rtsv7M4_T_le_eabi.lib</file>
         <name>strchr.obj</name>
      </input_file>
      <input_file id="fl-e5">
         <path>C:\ti\ccsv7\tools\compiler\ti-cgt-arm_16.9.1.LTS\lib\</path>
         <kind>archive</kind>
         <file>rtsv7M4_T_le_eabi.lib</file>
         <name>ull_div_t2.obj</name>
      </input_file>
      <input_file id="fl-e6">
         <path>C:\ti\ccsv7\tools\compiler\ti-cgt-arm_16.9.1.LTS\lib\</path>
         <kind>archive</kind>
         <file>rtsv7M4_T_le_eabi.lib</file>
         <name>errno.obj</name>
      </input_file>
      <input_file id="fl-e7">
         <path>C:\ti\ccsv7\tools\compiler\ti-cgt-arm_16.9.1.LTS\lib\</path>
         <kind>archive</kind>
         <file>rtsv7M4_T_le_eabi.lib</file>
         <name>s_copysign.obj</name>
      </input_file>
      <input_file id="fl-e8">
         <path>C:\ti\CC3200SDK_1.3.0\cc3200-sdk\driverlib\ccs\Release\</path>
         <kind>archive</kind>
         <file>driverlib.a</file>
         <name>gpio.obj</name>
      </input_file>
      <input_file id="fl-e9">
         <path>C:\ti\CC3200SDK_1.3.0\cc3200-sdk\driverlib\ccs\Release\</path>
         <kind>archive</kind>
         <file>driverlib.a</file>
         <name>interrupt.obj</name>
      </input_file>
      <input_file id="fl-ea">
         <path>C:\ti\CC3200SDK_1.3.0\cc3200-sdk\driverlib\ccs\Release\</path>
         <kind>archive</kind>
         <file>driverlib.a</file>
         <name>pin.obj</name>
      </input_file>
      <input_file id="fl-eb">
         <path>C:\ti\CC3200SDK_1.3.0\cc3200-sdk\driverlib\ccs\Release\</path>
         <kind>archive</kind>
         <file>driverlib.a</file>
         <name>prcm.obj</name>
      </input_file>
      <input_file id="fl-ec">
         <path>C:\ti\CC3200SDK_1.3.0\cc3200-sdk\driverlib\ccs\Release\</path>
         <kind>archive</kind>
         <file>driverlib.a</file>
         <name>spi.obj</name>
      </input_file>
      <input_file id="fl-ed">
         <path>C:\ti\CC3200SDK_1.3.0\cc3200-sdk\driverlib\ccs\Release\</path>
         <kind>archive</kind>
         <file>driverlib.a</file>
         <name>timer.obj</name>
      </input_file>
      <input_file id="fl-ee">
         <path>C:\ti\CC3200SDK_1.3.0\cc3200-sdk\driverlib\ccs\Release\</path>
         <kind>archive</kind>
         <file>driverlib.a</file>
         <name>uart.obj</name>
      </input_file>
      <input_file id="fl-ef">
         <path>C:\ti\CC3200SDK_1.3.0\cc3200-sdk\driverlib\ccs\Release\</path>
         <kind>archive</kind>
         <file>driverlib.a</file>
         <name>utils.obj</name>
      </input_file>
      <input_file id="fl-f0">
         <path>C:\ti\CC3200SDK_1.3.0\cc3200-sdk\driverlib\ccs\Release\</path>
         <kind>archive</kind>
         <file>driverlib.a</file>
         <name>cpu.obj</name>
      </input_file>
      <input_file id="fl-f1">
         <path>C:\ti\CC3200SDK_1.3.0\cc3200-sdk\driverlib\ccs\Release\</path>
         <kind>archive</kind>
         <file>driverlib.a</file>
         <name>flash.obj</name>
      </input_file>
   </input_file_list>
   <object_component_list>
      <object_component id="oc-f">
         <name>.intvecs</name>
         <load_address>0x20004000</load_address>
         <run_address>0x20004000</run_address>
         <size>0x400</size>
         <input_file_ref idref="fl-7"/>
      </object_component>
      <object_component id="oc-2b0">
         <name>.text</name>
         <load_address>0x20004400</load_address>
         <run_address>0x20004400</run_address>
         <size>0x1122</size>
         <input_file_ref idref="fl-d3"/>
      </object_component>
      <object_component id="oc-386">
         <name>.text:IntDefaultHandler</name>
         <load_address>0x20005522</load_address>
         <run_address>0x20005522</run_address>
         <size>0x2</size>
         <input_file_ref idref="fl-e9"/>
      </object_component>
      <object_component id="oc-a8">
         <name>.text</name>
         <load_address>0x20005524</load_address>
         <run_address>0x20005524</run_address>
         <size>0x54c</size>
         <input_file_ref idref="fl-5"/>
      </object_component>
      <object_component id="oc-150">
         <name>.text</name>
         <load_address>0x20005a70</load_address>
         <run_address>0x20005a70</run_address>
         <size>0x4aa</size>
         <input_file_ref idref="fl-3"/>
      </object_component>
      <object_component id="oc-59">
         <name>.text</name>
         <load_address>0x20005f1a</load_address>
         <run_address>0x20005f1a</run_address>
         <size>0x2</size>
         <input_file_ref idref="fl-cd"/>
      </object_component>
      <object_component id="oc-1c3">
         <name>.text</name>
         <load_address>0x20005f1c</load_address>
         <run_address>0x20005f1c</run_address>
         <size>0x3d0</size>
         <input_file_ref idref="fl-cb"/>
      </object_component>
      <object_component id="oc-d8">
         <name>.text</name>
         <load_address>0x200062ec</load_address>
         <run_address>0x200062ec</run_address>
         <size>0x280</size>
         <input_file_ref idref="fl-9"/>
      </object_component>
      <object_component id="oc-319">
         <name>.text</name>
         <load_address>0x2000656c</load_address>
         <run_address>0x2000656c</run_address>
         <size>0x1f4</size>
         <input_file_ref idref="fl-e5"/>
      </object_component>
      <object_component id="oc-342">
         <name>.text</name>
         <load_address>0x20006760</load_address>
         <run_address>0x20006760</run_address>
         <size>0x1b6</size>
         <input_file_ref idref="fl-d9"/>
      </object_component>
      <object_component id="oc-a0">
         <name>.text</name>
         <load_address>0x20006916</load_address>
         <run_address>0x20006916</run_address>
         <size>0x2</size>
         <input_file_ref idref="fl-e3"/>
      </object_component>
      <object_component id="oc-15c">
         <name>.text</name>
         <load_address>0x20006918</load_address>
         <run_address>0x20006918</run_address>
         <size>0x198</size>
         <input_file_ref idref="fl-8"/>
      </object_component>
      <object_component id="oc-111">
         <name>.text:PRCMCC3200MCUInit</name>
         <load_address>0x20006ab0</load_address>
         <run_address>0x20006ab0</run_address>
         <size>0x178</size>
         <input_file_ref idref="fl-eb"/>
      </object_component>
      <object_component id="oc-328">
         <name>.text</name>
         <load_address>0x20006c28</load_address>
         <run_address>0x20006c28</run_address>
         <size>0x136</size>
         <input_file_ref idref="fl-db"/>
      </object_component>
      <object_component id="oc-120">
         <name>.text</name>
         <load_address>0x20006d60</load_address>
         <run_address>0x20006d60</run_address>
         <size>0x114</size>
         <input_file_ref idref="fl-6"/>
      </object_component>
      <object_component id="oc-323">
         <name>.text</name>
         <load_address>0x20006e74</load_address>
         <run_address>0x20006e74</run_address>
         <size>0xfc</size>
         <input_file_ref idref="fl-dc"/>
      </object_component>
      <object_component id="oc-34d">
         <name>.text</name>
         <load_address>0x20006f70</load_address>
         <run_address>0x20006f70</run_address>
         <size>0xd0</size>
         <input_file_ref idref="fl-e2"/>
      </object_component>
      <object_component id="oc-304">
         <name>.text:IntDisable</name>
         <load_address>0x20007040</load_address>
         <run_address>0x20007040</run_address>
         <size>0xa8</size>
         <input_file_ref idref="fl-e9"/>
      </object_component>
      <object_component id="oc-10b">
         <name>.text:IntEnable</name>
         <load_address>0x200070e8</load_address>
         <run_address>0x200070e8</run_address>
         <size>0xa8</size>
         <input_file_ref idref="fl-e9"/>
      </object_component>
      <object_component id="oc-13e">
         <name>.text:SPIConfigSetExpClk</name>
         <load_address>0x20007190</load_address>
         <run_address>0x20007190</run_address>
         <size>0xa0</size>
         <input_file_ref idref="fl-ec"/>
      </object_component>
      <object_component id="oc-41">
         <name>.text</name>
         <load_address>0x20007230</load_address>
         <run_address>0x20007230</run_address>
         <size>0x9c</size>
         <input_file_ref idref="fl-c9"/>
      </object_component>
      <object_component id="oc-138">
         <name>.text:PRCMPeripheralClockGet</name>
         <load_address>0x200072cc</load_address>
         <run_address>0x200072cc</run_address>
         <size>0x94</size>
         <input_file_ref idref="fl-eb"/>
      </object_component>
      <object_component id="oc-2dd">
         <name>.text:PinConfigSet</name>
         <load_address>0x20007360</load_address>
         <run_address>0x20007360</run_address>
         <size>0x88</size>
         <input_file_ref idref="fl-ea"/>
      </object_component>
      <object_component id="oc-1a5">
         <name>.text</name>
         <load_address>0x200073e8</load_address>
         <run_address>0x200073e8</run_address>
         <size>0x88</size>
         <input_file_ref idref="fl-d1"/>
      </object_component>
      <object_component id="oc-31e">
         <name>.text:__aeabi_cdcmple</name>
         <load_address>0x20007470</load_address>
         <run_address>0x20007470</run_address>
         <size>0x86</size>
         <input_file_ref idref="fl-da"/>
      </object_component>
      <object_component id="oc-32d">
         <name>.text:__aeabi_cdrcmple</name>
         <load_address>0x200074f6</load_address>
         <run_address>0x200074f6</run_address>
         <size>0x86</size>
         <input_file_ref idref="fl-da"/>
      </object_component>
      <object_component id="oc-168">
         <name>.text:GPIOIntTypeSet</name>
         <load_address>0x2000757c</load_address>
         <run_address>0x2000757c</run_address>
         <size>0x82</size>
         <input_file_ref idref="fl-e8"/>
      </object_component>
      <object_component id="oc-4d">
         <name>.text</name>
         <load_address>0x200075fe</load_address>
         <run_address>0x200075fe</run_address>
         <size>0x7a</size>
         <input_file_ref idref="fl-cc"/>
      </object_component>
      <object_component id="oc-19f">
         <name>.text:UARTConfigSetExpClk</name>
         <load_address>0x20007678</load_address>
         <run_address>0x20007678</run_address>
         <size>0x76</size>
         <input_file_ref idref="fl-ee"/>
      </object_component>
      <object_component id="oc-258">
         <name>.text:TimerIntRegister</name>
         <load_address>0x200076f0</load_address>
         <run_address>0x200076f0</run_address>
         <size>0x70</size>
         <input_file_ref idref="fl-ed"/>
      </object_component>
      <object_component id="oc-65">
         <name>.text</name>
         <load_address>0x20007760</load_address>
         <run_address>0x20007760</run_address>
         <size>0x70</size>
         <input_file_ref idref="fl-d6"/>
      </object_component>
      <object_component id="oc-288">
         <name>.text:TimerIntUnregister</name>
         <load_address>0x200077d0</load_address>
         <run_address>0x200077d0</run_address>
         <size>0x68</size>
         <input_file_ref idref="fl-ed"/>
      </object_component>
      <object_component id="oc-12">
         <name>.text:decompress:lzss</name>
         <load_address>0x20007838</load_address>
         <run_address>0x20007838</run_address>
         <size>0x68</size>
         <input_file_ref idref="fl-c5"/>
      </object_component>
      <object_component id="oc-347">
         <name>.text</name>
         <load_address>0x200078a0</load_address>
         <run_address>0x200078a0</run_address>
         <size>0x5c</size>
         <input_file_ref idref="fl-e1"/>
      </object_component>
      <object_component id="oc-12c">
         <name>.text:PRCMPeripheralReset</name>
         <load_address>0x200078fc</load_address>
         <run_address>0x200078fc</run_address>
         <size>0x58</size>
         <input_file_ref idref="fl-eb"/>
      </object_component>
      <object_component id="oc-252">
         <name>.text:IntPrioritySet</name>
         <load_address>0x20007954</load_address>
         <run_address>0x20007954</run_address>
         <size>0x54</size>
         <input_file_ref idref="fl-e9"/>
      </object_component>
      <object_component id="oc-71">
         <name>.text</name>
         <load_address>0x200079a8</load_address>
         <run_address>0x200079a8</run_address>
         <size>0x54</size>
         <input_file_ref idref="fl-c8"/>
      </object_component>
      <object_component id="oc-337">
         <name>.text</name>
         <load_address>0x200079fc</load_address>
         <run_address>0x200079fc</run_address>
         <size>0x54</size>
         <input_file_ref idref="fl-df"/>
      </object_component>
      <object_component id="oc-359">
         <name>.text</name>
         <load_address>0x20007a50</load_address>
         <run_address>0x20007a50</run_address>
         <size>0x4c</size>
         <input_file_ref idref="fl-d5"/>
      </object_component>
      <object_component id="oc-9a">
         <name>.text</name>
         <load_address>0x20007a9c</load_address>
         <run_address>0x20007a9c</run_address>
         <size>0x4c</size>
         <input_file_ref idref="fl-d7"/>
      </object_component>
      <object_component id="oc-290">
         <name>.text:GPIOGetIntNumber</name>
         <load_address>0x20007ae8</load_address>
         <run_address>0x20007ae8</run_address>
         <size>0x48</size>
         <input_file_ref idref="fl-e8"/>
      </object_component>
      <object_component id="oc-332">
         <name>.text</name>
         <load_address>0x20007b30</load_address>
         <run_address>0x20007b30</run_address>
         <size>0x48</size>
         <input_file_ref idref="fl-dd"/>
      </object_component>
      <object_component id="oc-246">
         <name>.text:TimerConfigure</name>
         <load_address>0x20007b78</load_address>
         <run_address>0x20007b78</run_address>
         <size>0x44</size>
         <input_file_ref idref="fl-ed"/>
      </object_component>
      <object_component id="oc-20d">
         <name>.text:PinModeSet</name>
         <load_address>0x20007bbc</load_address>
         <run_address>0x20007bbc</run_address>
         <size>0x40</size>
         <input_file_ref idref="fl-ea"/>
      </object_component>
      <object_component id="oc-24">
         <name>.text</name>
         <load_address>0x20007bfc</load_address>
         <run_address>0x20007bfc</run_address>
         <size>0x40</size>
         <input_file_ref idref="fl-c4"/>
      </object_component>
      <object_component id="oc-126">
         <name>.text:PRCMPeripheralClkEnable</name>
         <load_address>0x20007c3c</load_address>
         <run_address>0x20007c3c</run_address>
         <size>0x3c</size>
         <input_file_ref idref="fl-eb"/>
      </object_component>
      <object_component id="oc-219">
         <name>.text:GPIODirModeSet</name>
         <load_address>0x20007c78</load_address>
         <run_address>0x20007c78</run_address>
         <size>0x36</size>
         <input_file_ref idref="fl-e8"/>
      </object_component>
      <object_component id="oc-213">
         <name>.text:PinTypeGPIO</name>
         <load_address>0x20007cae</load_address>
         <run_address>0x20007cae</run_address>
         <size>0x30</size>
         <input_file_ref idref="fl-ea"/>
      </object_component>
      <object_component id="oc-2a3">
         <name>.text:UARTDisable</name>
         <load_address>0x20007ce0</load_address>
         <run_address>0x20007ce0</run_address>
         <size>0x30</size>
         <input_file_ref idref="fl-ee"/>
      </object_component>
      <object_component id="oc-33d">
         <name>.text</name>
         <load_address>0x20007d10</load_address>
         <run_address>0x20007d10</run_address>
         <size>0x2e</size>
         <input_file_ref idref="fl-de"/>
      </object_component>
      <object_component id="oc-1f0">
         <name>.text:PRCMSysResetCauseGet</name>
         <load_address>0x20007d40</load_address>
         <run_address>0x20007d40</run_address>
         <size>0x2c</size>
         <input_file_ref idref="fl-eb"/>
      </object_component>
      <object_component id="oc-270">
         <name>.text:TimerLoadSet</name>
         <load_address>0x20007d6c</load_address>
         <run_address>0x20007d6c</run_address>
         <size>0x2a</size>
         <input_file_ref idref="fl-ed"/>
      </object_component>
      <object_component id="oc-24c">
         <name>.text:TimerPrescaleSet</name>
         <load_address>0x20007d96</load_address>
         <run_address>0x20007d96</run_address>
         <size>0x2a</size>
         <input_file_ref idref="fl-ed"/>
      </object_component>
      <object_component id="oc-202">
         <name>.text:PRCMPeripheralClkDisable</name>
         <load_address>0x20007dc0</load_address>
         <run_address>0x20007dc0</run_address>
         <size>0x28</size>
         <input_file_ref idref="fl-eb"/>
      </object_component>
      <object_component id="oc-30a">
         <name>.text:IntUnregister</name>
         <load_address>0x20007de8</load_address>
         <run_address>0x20007de8</run_address>
         <size>0x24</size>
         <input_file_ref idref="fl-e9"/>
      </object_component>
      <object_component id="oc-2a9">
         <name>.text:UARTEnable</name>
         <load_address>0x20007e0c</load_address>
         <run_address>0x20007e0c</run_address>
         <size>0x24</size>
         <input_file_ref idref="fl-ee"/>
      </object_component>
      <object_component id="oc-1bd">
         <name>.text</name>
         <load_address>0x20007e30</load_address>
         <run_address>0x20007e30</run_address>
         <size>0x24</size>
         <input_file_ref idref="fl-ca"/>
      </object_component>
      <object_component id="oc-e4">
         <name>.text:GPIOIntStatus</name>
         <load_address>0x20007e54</load_address>
         <run_address>0x20007e54</run_address>
         <size>0x22</size>
         <input_file_ref idref="fl-e8"/>
      </object_component>
      <object_component id="oc-132">
         <name>.text:SPIReset</name>
         <load_address>0x20007e76</load_address>
         <run_address>0x20007e76</run_address>
         <size>0x22</size>
         <input_file_ref idref="fl-ec"/>
      </object_component>
      <object_component id="oc-f6">
         <name>.text:TimerValueSet</name>
         <load_address>0x20007e98</load_address>
         <run_address>0x20007e98</run_address>
         <size>0x22</size>
         <input_file_ref idref="fl-ed"/>
      </object_component>
      <object_component id="oc-231">
         <name>.text:GPIOPinWrite</name>
         <load_address>0x20007eba</load_address>
         <run_address>0x20007eba</run_address>
         <size>0x20</size>
         <input_file_ref idref="fl-e8"/>
      </object_component>
      <object_component id="oc-296">
         <name>.text:IntRegister</name>
         <load_address>0x20007edc</load_address>
         <run_address>0x20007edc</run_address>
         <size>0x20</size>
         <input_file_ref idref="fl-e9"/>
      </object_component>
      <object_component id="oc-23d">
         <name>.text:SPIDataGet</name>
         <load_address>0x20007efc</load_address>
         <run_address>0x20007efc</run_address>
         <size>0x20</size>
         <input_file_ref idref="fl-ec"/>
      </object_component>
      <object_component id="oc-162">
         <name>.text:GPIOIntRegister</name>
         <load_address>0x20007f1c</load_address>
         <run_address>0x20007f1c</run_address>
         <size>0x1e</size>
         <input_file_ref idref="fl-e8"/>
      </object_component>
      <object_component id="oc-237">
         <name>.text:SPIDataPut</name>
         <load_address>0x20007f3a</load_address>
         <run_address>0x20007f3a</run_address>
         <size>0x1e</size>
         <input_file_ref idref="fl-ec"/>
      </object_component>
      <object_component id="oc-27c">
         <name>.text:TimerDisable</name>
         <load_address>0x20007f58</load_address>
         <run_address>0x20007f58</run_address>
         <size>0x1e</size>
         <input_file_ref idref="fl-ed"/>
      </object_component>
      <object_component id="oc-276">
         <name>.text:TimerEnable</name>
         <load_address>0x20007f76</load_address>
         <run_address>0x20007f76</run_address>
         <size>0x1e</size>
         <input_file_ref idref="fl-ed"/>
      </object_component>
      <object_component id="oc-264">
         <name>.text:TimerIntStatus</name>
         <load_address>0x20007f94</load_address>
         <run_address>0x20007f94</run_address>
         <size>0x1e</size>
         <input_file_ref idref="fl-ed"/>
      </object_component>
      <object_component id="oc-de">
         <name>.text:UARTCharPut</name>
         <load_address>0x20007fb2</load_address>
         <run_address>0x20007fb2</run_address>
         <size>0x1e</size>
         <input_file_ref idref="fl-ee"/>
      </object_component>
      <object_component id="oc-f0">
         <name>.text:TimerValueGet</name>
         <load_address>0x20007fd0</load_address>
         <run_address>0x20007fd0</run_address>
         <size>0x1c</size>
         <input_file_ref idref="fl-ed"/>
      </object_component>
      <object_component id="oc-1b1">
         <name>.text:UARTCharGetNonBlocking</name>
         <load_address>0x20007fec</load_address>
         <run_address>0x20007fec</run_address>
         <size>0x1c</size>
         <input_file_ref idref="fl-ee"/>
      </object_component>
      <object_component id="oc-35f">
         <name>.text</name>
         <load_address>0x20008008</load_address>
         <run_address>0x20008008</run_address>
         <size>0x1c</size>
         <input_file_ref idref="fl-e0"/>
      </object_component>
      <object_component id="oc-170">
         <name>.text:GPIOIntEnable</name>
         <load_address>0x20008024</load_address>
         <run_address>0x20008024</run_address>
         <size>0x1a</size>
         <input_file_ref idref="fl-e8"/>
      </object_component>
      <object_component id="oc-21f">
         <name>.text:PinTypeUART</name>
         <load_address>0x2000803e</load_address>
         <run_address>0x2000803e</run_address>
         <size>0x1a</size>
         <input_file_ref idref="fl-ea"/>
      </object_component>
      <object_component id="oc-156">
         <name>.text:SPICSDisable</name>
         <load_address>0x20008058</load_address>
         <run_address>0x20008058</run_address>
         <size>0x18</size>
         <input_file_ref idref="fl-ec"/>
      </object_component>
      <object_component id="oc-14a">
         <name>.text:SPICSEnable</name>
         <load_address>0x20008070</load_address>
         <run_address>0x20008070</run_address>
         <size>0x18</size>
         <input_file_ref idref="fl-ec"/>
      </object_component>
      <object_component id="oc-144">
         <name>.text:SPIEnable</name>
         <load_address>0x20008088</load_address>
         <run_address>0x20008088</run_address>
         <size>0x18</size>
         <input_file_ref idref="fl-ec"/>
      </object_component>
      <object_component id="oc-282">
         <name>.text:TimerIntDisable</name>
         <load_address>0x200080a0</load_address>
         <run_address>0x200080a0</run_address>
         <size>0x18</size>
         <input_file_ref idref="fl-ed"/>
      </object_component>
      <object_component id="oc-25e">
         <name>.text:TimerIntEnable</name>
         <load_address>0x200080b8</load_address>
         <run_address>0x200080b8</run_address>
         <size>0x18</size>
         <input_file_ref idref="fl-ed"/>
      </object_component>
      <object_component id="oc-1ab">
         <name>.text:UARTCharsAvail</name>
         <load_address>0x200080d0</load_address>
         <run_address>0x200080d0</run_address>
         <size>0x18</size>
         <input_file_ref idref="fl-ee"/>
      </object_component>
      <object_component id="oc-6b">
         <name>.text</name>
         <load_address>0x200080e8</load_address>
         <run_address>0x200080e8</run_address>
         <size>0x18</size>
         <input_file_ref idref="fl-d4"/>
      </object_component>
      <object_component id="oc-1f6">
         <name>.text:PRCMHIBRegRead</name>
         <load_address>0x20008100</load_address>
         <run_address>0x20008100</run_address>
         <size>0x16</size>
         <input_file_ref idref="fl-eb"/>
      </object_component>
      <object_component id="oc-1fc">
         <name>.text:PRCMHIBRegWrite</name>
         <load_address>0x20008116</load_address>
         <run_address>0x20008116</run_address>
         <size>0x16</size>
         <input_file_ref idref="fl-eb"/>
      </object_component>
      <object_component id="oc-353">
         <name>.text</name>
         <load_address>0x2000812c</load_address>
         <run_address>0x2000812c</run_address>
         <size>0x16</size>
         <input_file_ref idref="fl-e4"/>
      </object_component>
      <object_component id="oc-1e5">
         <name>.text:CPUcpsie</name>
         <load_address>0x20008142</load_address>
         <run_address>0x20008142</run_address>
         <size>0x14</size>
         <input_file_ref idref="fl-f0"/>
      </object_component>
      <object_component id="oc-ea">
         <name>.text:GPIOIntClear</name>
         <load_address>0x20008156</load_address>
         <run_address>0x20008156</run_address>
         <size>0x14</size>
         <input_file_ref idref="fl-e8"/>
      </object_component>
      <object_component id="oc-ff">
         <name>.text:IntVTableBaseSet</name>
         <load_address>0x2000816c</load_address>
         <run_address>0x2000816c</run_address>
         <size>0x14</size>
         <input_file_ref idref="fl-e9"/>
      </object_component>
      <object_component id="oc-187">
         <name>.text</name>
         <load_address>0x20008180</load_address>
         <run_address>0x20008180</run_address>
         <size>0x14</size>
         <input_file_ref idref="fl-d2"/>
      </object_component>
      <object_component id="oc-1b7">
         <name>.text</name>
         <load_address>0x20008194</load_address>
         <run_address>0x20008194</run_address>
         <size>0x14</size>
         <input_file_ref idref="fl-d0"/>
      </object_component>
      <object_component id="oc-26a">
         <name>.text:TimerIntClear</name>
         <load_address>0x200081a8</load_address>
         <run_address>0x200081a8</run_address>
         <size>0x12</size>
         <input_file_ref idref="fl-ed"/>
      </object_component>
      <object_component id="oc-18">
         <name>.text:decompress:none</name>
         <load_address>0x200081ba</load_address>
         <run_address>0x200081ba</run_address>
         <size>0xe</size>
         <input_file_ref idref="fl-c6"/>
      </object_component>
      <object_component id="oc-2d">
         <name>.text</name>
         <load_address>0x200081c8</load_address>
         <run_address>0x200081c8</run_address>
         <size>0xe</size>
         <input_file_ref idref="fl-7"/>
      </object_component>
      <object_component id="oc-1e">
         <name>.text:decompress:ZI</name>
         <load_address>0x200081d6</load_address>
         <run_address>0x200081d6</run_address>
         <size>0xc</size>
         <input_file_ref idref="fl-c7"/>
      </object_component>
      <object_component id="oc-105">
         <name>.text:IntMasterEnable</name>
         <load_address>0x200081e2</load_address>
         <run_address>0x200081e2</run_address>
         <size>0xa</size>
         <input_file_ref idref="fl-e9"/>
      </object_component>
      <object_component id="oc-39e">
         <name>.text</name>
         <load_address>0x200081ec</load_address>
         <run_address>0x200081ec</run_address>
         <size>0x8</size>
         <input_file_ref idref="fl-e7"/>
      </object_component>
      <object_component id="oc-2d5">
         <name>.text:UtilsDelay</name>
         <load_address>0x200081f4</load_address>
         <run_address>0x200081f4</run_address>
         <size>0x6</size>
         <input_file_ref idref="fl-ef"/>
      </object_component>
      <object_component id="oc-5f">
         <name>.text</name>
         <load_address>0x200081fa</load_address>
         <run_address>0x200081fa</run_address>
         <size>0x4</size>
         <input_file_ref idref="fl-ce"/>
      </object_component>
      <object_component id="oc-3ab">
         <name>.const:.string:_ctypes_</name>
         <load_address>0x20008200</load_address>
         <run_address>0x20008200</run_address>
         <size>0x101</size>
         <input_file_ref idref="fl-d8"/>
      </object_component>
      <object_component id="oc-2d9">
         <name>.const:g_ulPinToPadMap</name>
         <load_address>0x20008304</load_address>
         <run_address>0x20008304</run_address>
         <size>0x100</size>
         <input_file_ref idref="fl-ea"/>
      </object_component>
      <object_component id="oc-2f7">
         <name>.const:g_pulRegs</name>
         <load_address>0x20008404</load_address>
         <run_address>0x20008404</run_address>
         <size>0xd4</size>
         <input_file_ref idref="fl-e9"/>
      </object_component>
      <object_component id="oc-226">
         <name>.const:PRCM_PeriphRegsList</name>
         <load_address>0x200084d8</load_address>
         <run_address>0x200084d8</run_address>
         <size>0xa8</size>
         <input_file_ref idref="fl-eb"/>
      </object_component>
      <object_component id="oc-1ec">
         <name>.const</name>
         <load_address>0x20008580</load_address>
         <run_address>0x20008580</run_address>
         <size>0x80</size>
         <input_file_ref idref="fl-e9"/>
      </object_component>
      <object_component id="oc-3f1">
         <name>.cinit..data.load</name>
         <load_address>0x20008600</load_address>
         <run_address>0x20008600</run_address>
         <size>0xa1</size>
      </object_component>
      <object_component id="oc-3ef">
         <name>__TI_handler_table</name>
         <load_address>0x200086a4</load_address>
         <run_address>0x200086a4</run_address>
         <size>0xc</size>
      </object_component>
      <object_component id="oc-3f2">
         <name>.cinit..bss.load</name>
         <load_address>0x200086b0</load_address>
         <run_address>0x200086b0</run_address>
         <size>0x8</size>
      </object_component>
      <object_component id="oc-3f0">
         <name>__TI_cinit_table</name>
         <load_address>0x200086b8</load_address>
         <run_address>0x200086b8</run_address>
         <size>0x10</size>
      </object_component>
      <object_component id="oc-fc">
         <name>.data:patterns</name>
         <load_address>0x2001d800</load_address>
         <run_address>0x2001d800</run_address>
         <size>0x4b0</size>
         <input_file_ref idref="fl-5"/>
      </object_component>
      <object_component id="oc-11c">
         <name>.data:letters</name>
         <load_address>0x2001dcb0</load_address>
         <run_address>0x2001dcb0</run_address>
         <size>0x24</size>
         <input_file_ref idref="fl-5"/>
      </object_component>
      <object_component id="oc-b0">
         <name>.data:$O1$$</name>
         <load_address>0x2001dcd4</load_address>
         <run_address>0x2001dcd4</run_address>
         <size>0xc</size>
         <input_file_ref idref="fl-c8"/>
      </object_component>
      <object_component id="oc-2c8">
         <name>.data:$O1$$</name>
         <load_address>0x2001dce0</load_address>
         <run_address>0x2001dce0</run_address>
         <size>0xc</size>
         <input_file_ref idref="fl-cb"/>
      </object_component>
      <object_component id="oc-77">
         <name>.data</name>
         <load_address>0x2001dcf8</load_address>
         <run_address>0x2001dcf8</run_address>
         <size>0x4</size>
         <input_file_ref idref="fl-cf"/>
      </object_component>
      <object_component id="oc-b3">
         <name>.data:$O1$$</name>
         <load_address>0x2001dcec</load_address>
         <run_address>0x2001dcec</run_address>
         <size>0x8</size>
         <input_file_ref idref="fl-d2"/>
      </object_component>
      <object_component id="oc-3a4">
         <name>.data</name>
         <load_address>0x2001dcf4</load_address>
         <run_address>0x2001dcf4</run_address>
         <size>0x4</size>
         <input_file_ref idref="fl-e6"/>
      </object_component>
      <object_component id="oc-1c9">
         <name>.bss</name>
         <uninitialized>true</uninitialized>
         <run_address>0x2001dd90</run_address>
         <size>0x4</size>
         <input_file_ref idref="fl-9"/>
      </object_component>
      <object_component id="oc-17c">
         <name>.common:pin_intcount</name>
         <uninitialized>true</uninitialized>
         <run_address>0x2001dda4</run_address>
         <size>0x4</size>
      </object_component>
      <object_component id="oc-177">
         <name>.common:pin_intflag</name>
         <uninitialized>true</uninitialized>
         <run_address>0x2001ddb5</run_address>
         <size>0x1</size>
      </object_component>
      <object_component id="oc-16e">
         <name>.common:char_i</name>
         <uninitialized>true</uninitialized>
         <run_address>0x2001dd98</run_address>
         <size>0x4</size>
      </object_component>
      <object_component id="oc-11b">
         <name>.common:prev_button</name>
         <uninitialized>true</uninitialized>
         <run_address>0x2001dda8</run_address>
         <size>0x4</size>
      </object_component>
      <object_component id="oc-117">
         <name>.common:checker</name>
         <uninitialized>true</uninitialized>
         <run_address>0x2001dd60</run_address>
         <size>0x30</size>
      </object_component>
      <object_component id="oc-178">
         <name>.common:start</name>
         <uninitialized>true</uninitialized>
         <run_address>0x2001ddb0</run_address>
         <size>0x4</size>
      </object_component>
      <object_component id="oc-17b">
         <name>.common:done</name>
         <uninitialized>true</uninitialized>
         <run_address>0x2001ddb4</run_address>
         <size>0x1</size>
      </object_component>
      <object_component id="oc-17a">
         <name>.common:i</name>
         <uninitialized>true</uninitialized>
         <run_address>0x2001dd9c</run_address>
         <size>0x4</size>
      </object_component>
      <object_component id="oc-16f">
         <name>.common:t</name>
         <uninitialized>true</uninitialized>
         <run_address>0x2001ddb6</run_address>
         <size>0x1</size>
      </object_component>
      <object_component id="oc-179">
         <name>.common:s</name>
         <uninitialized>true</uninitialized>
         <run_address>0x2001ddac</run_address>
         <size>0x4</size>
      </object_component>
      <object_component id="oc-11a">
         <name>.common:button</name>
         <uninitialized>true</uninitialized>
         <run_address>0x2001dd94</run_address>
         <size>0x4</size>
      </object_component>
      <object_component id="oc-11f">
         <name>.common:message</name>
         <uninitialized>true</uninitialized>
         <run_address>0x2001dcfc</run_address>
         <size>0x64</size>
      </object_component>
      <object_component id="oc-176">
         <name>.common:message_i</name>
         <uninitialized>true</uninitialized>
         <run_address>0x2001dda0</run_address>
         <size>0x4</size>
      </object_component>
      <object_component id="oc-2a">
         <name>.sysmem</name>
         <uninitialized>true</uninitialized>
         <run_address>0x2001d000</run_address>
         <size>0x8</size>
         <input_file_ref idref="fl-cb"/>
      </object_component>
      <object_component id="oc-3f4">
         <name>.sysmem</name>
         <uninitialized>true</uninitialized>
         <run_address>0x2001d000</run_address>
         <size>0x0</size>
      </object_component>
      <object_component id="oc-29">
         <name>.stack</name>
         <uninitialized>true</uninitialized>
         <run_address>0x2003f800</run_address>
         <size>0x0</size>
         <input_file_ref idref="fl-c4"/>
      </object_component>
      <object_component id="oc-3f3">
         <name>.stack</name>
         <uninitialized>true</uninitialized>
         <run_address>0x2003f800</run_address>
         <size>0x0</size>
      </object_component>
      <object_component id="oc-3c">
         <name>.debug_info</name>
         <load_address>0x0</load_address>
         <run_address>0x0</run_address>
         <size>0x84</size>
         <input_file_ref idref="fl-2"/>
      </object_component>
      <object_component id="oc-244">
         <name>.debug_info</name>
         <load_address>0x84</load_address>
         <run_address>0x84</run_address>
         <size>0x1ab</size>
         <input_file_ref idref="fl-3"/>
      </object_component>
      <object_component id="oc-152">
         <name>.debug_info</name>
         <load_address>0x22f</load_address>
         <run_address>0x22f</run_address>
         <size>0xe55</size>
         <input_file_ref idref="fl-3"/>
      </object_component>
      <object_component id="oc-2ea">
         <name>.debug_info</name>
         <load_address>0x1084</load_address>
         <run_address>0x1084</run_address>
         <size>0x62</size>
         <input_file_ref idref="fl-3"/>
      </object_component>
      <object_component id="oc-1da">
         <name>.debug_info</name>
         <load_address>0x10e6</load_address>
         <run_address>0x10e6</run_address>
         <size>0x2c</size>
         <input_file_ref idref="fl-3"/>
      </object_component>
      <object_component id="oc-91">
         <name>.debug_info</name>
         <load_address>0x1112</load_address>
         <run_address>0x1112</run_address>
         <size>0x2c</size>
         <input_file_ref idref="fl-3"/>
      </object_component>
      <object_component id="oc-118">
         <name>.debug_info</name>
         <load_address>0x113e</load_address>
         <run_address>0x113e</run_address>
         <size>0x8f4</size>
         <input_file_ref idref="fl-5"/>
      </object_component>
      <object_component id="oc-fd">
         <name>.debug_info</name>
         <load_address>0x1a32</load_address>
         <run_address>0x1a32</run_address>
         <size>0xcf</size>
         <input_file_ref idref="fl-5"/>
      </object_component>
      <object_component id="oc-11d">
         <name>.debug_info</name>
         <load_address>0x1b01</load_address>
         <run_address>0x1b01</run_address>
         <size>0xcd</size>
         <input_file_ref idref="fl-5"/>
      </object_component>
      <object_component id="oc-aa">
         <name>.debug_info</name>
         <load_address>0x1bce</load_address>
         <run_address>0x1bce</run_address>
         <size>0x5d5</size>
         <input_file_ref idref="fl-5"/>
      </object_component>
      <object_component id="oc-1ce">
         <name>.debug_info</name>
         <load_address>0x21a3</load_address>
         <run_address>0x21a3</run_address>
         <size>0x4e</size>
         <input_file_ref idref="fl-5"/>
      </object_component>
      <object_component id="oc-124">
         <name>.debug_info</name>
         <load_address>0x21f1</load_address>
         <run_address>0x21f1</run_address>
         <size>0x36b</size>
         <input_file_ref idref="fl-6"/>
      </object_component>
      <object_component id="oc-35">
         <name>.debug_info</name>
         <load_address>0x255c</load_address>
         <run_address>0x255c</run_address>
         <size>0x120</size>
         <input_file_ref idref="fl-7"/>
      </object_component>
      <object_component id="oc-10">
         <name>.debug_info</name>
         <load_address>0x267c</load_address>
         <run_address>0x267c</run_address>
         <size>0x10b</size>
         <input_file_ref idref="fl-7"/>
      </object_component>
      <object_component id="oc-2f">
         <name>.debug_info</name>
         <load_address>0x2787</load_address>
         <run_address>0x2787</run_address>
         <size>0x42c</size>
         <input_file_ref idref="fl-7"/>
      </object_component>
      <object_component id="oc-28f">
         <name>.debug_info</name>
         <load_address>0x2bb3</load_address>
         <run_address>0x2bb3</run_address>
         <size>0x412</size>
         <input_file_ref idref="fl-8"/>
      </object_component>
      <object_component id="oc-15d">
         <name>.debug_info</name>
         <load_address>0x2fc5</load_address>
         <run_address>0x2fc5</run_address>
         <size>0xd58</size>
         <input_file_ref idref="fl-8"/>
      </object_component>
      <object_component id="oc-1cd">
         <name>.debug_info</name>
         <load_address>0x3d1d</load_address>
         <run_address>0x3d1d</run_address>
         <size>0x355</size>
         <input_file_ref idref="fl-9"/>
      </object_component>
      <object_component id="oc-1ca">
         <name>.debug_info</name>
         <load_address>0x4072</load_address>
         <run_address>0x4072</run_address>
         <size>0xd5</size>
         <input_file_ref idref="fl-9"/>
      </object_component>
      <object_component id="oc-d9">
         <name>.debug_info</name>
         <load_address>0x4147</load_address>
         <run_address>0x4147</run_address>
         <size>0x63b</size>
         <input_file_ref idref="fl-9"/>
      </object_component>
      <object_component id="oc-1d3">
         <name>.debug_info</name>
         <load_address>0x4782</load_address>
         <run_address>0x4782</run_address>
         <size>0x110</size>
         <input_file_ref idref="fl-9"/>
      </object_component>
      <object_component id="oc-26">
         <name>.debug_info</name>
         <load_address>0x4892</load_address>
         <run_address>0x4892</run_address>
         <size>0x160</size>
         <input_file_ref idref="fl-c4"/>
      </object_component>
      <object_component id="oc-87">
         <name>.debug_info</name>
         <load_address>0x49f2</load_address>
         <run_address>0x49f2</run_address>
         <size>0xf9</size>
         <input_file_ref idref="fl-c5"/>
      </object_component>
      <object_component id="oc-16">
         <name>.debug_info</name>
         <load_address>0x4aeb</load_address>
         <run_address>0x4aeb</run_address>
         <size>0x245</size>
         <input_file_ref idref="fl-c5"/>
      </object_component>
      <object_component id="oc-37">
         <name>.debug_info</name>
         <load_address>0x4d30</load_address>
         <run_address>0x4d30</run_address>
         <size>0x60</size>
         <input_file_ref idref="fl-c5"/>
      </object_component>
      <object_component id="oc-82">
         <name>.debug_info</name>
         <load_address>0x4d90</load_address>
         <run_address>0x4d90</run_address>
         <size>0x46</size>
         <input_file_ref idref="fl-c5"/>
      </object_component>
      <object_component id="oc-4c">
         <name>.debug_info</name>
         <load_address>0x4dd6</load_address>
         <run_address>0x4dd6</run_address>
         <size>0x140</size>
         <input_file_ref idref="fl-c6"/>
      </object_component>
      <object_component id="oc-1c">
         <name>.debug_info</name>
         <load_address>0x4f16</load_address>
         <run_address>0x4f16</run_address>
         <size>0x1df</size>
         <input_file_ref idref="fl-c6"/>
      </object_component>
      <object_component id="oc-47">
         <name>.debug_info</name>
         <load_address>0x50f5</load_address>
         <run_address>0x50f5</run_address>
         <size>0x46</size>
         <input_file_ref idref="fl-c6"/>
      </object_component>
      <object_component id="oc-89">
         <name>.debug_info</name>
         <load_address>0x513b</load_address>
         <run_address>0x513b</run_address>
         <size>0x2c</size>
         <input_file_ref idref="fl-c6"/>
      </object_component>
      <object_component id="oc-58">
         <name>.debug_info</name>
         <load_address>0x5167</load_address>
         <run_address>0x5167</run_address>
         <size>0x12f</size>
         <input_file_ref idref="fl-c7"/>
      </object_component>
      <object_component id="oc-1f">
         <name>.debug_info</name>
         <load_address>0x5296</load_address>
         <run_address>0x5296</run_address>
         <size>0x1aa</size>
         <input_file_ref idref="fl-c7"/>
      </object_component>
      <object_component id="oc-53">
         <name>.debug_info</name>
         <load_address>0x5440</load_address>
         <run_address>0x5440</run_address>
         <size>0x46</size>
         <input_file_ref idref="fl-c7"/>
      </object_component>
      <object_component id="oc-b7">
         <name>.debug_info</name>
         <load_address>0x5486</load_address>
         <run_address>0x5486</run_address>
         <size>0x234</size>
         <input_file_ref idref="fl-c8"/>
      </object_component>
      <object_component id="oc-b1">
         <name>.debug_info</name>
         <load_address>0x56ba</load_address>
         <run_address>0x56ba</run_address>
         <size>0x185</size>
         <input_file_ref idref="fl-c8"/>
      </object_component>
      <object_component id="oc-74">
         <name>.debug_info</name>
         <load_address>0x583f</load_address>
         <run_address>0x583f</run_address>
         <size>0x214</size>
         <input_file_ref idref="fl-c8"/>
      </object_component>
      <object_component id="oc-42">
         <name>.debug_info</name>
         <load_address>0x5a53</load_address>
         <run_address>0x5a53</run_address>
         <size>0x111</size>
         <input_file_ref idref="fl-c9"/>
      </object_component>
      <object_component id="oc-2c7">
         <name>.debug_info</name>
         <load_address>0x5b64</load_address>
         <run_address>0x5b64</run_address>
         <size>0x12c</size>
         <input_file_ref idref="fl-ca"/>
      </object_component>
      <object_component id="oc-1c0">
         <name>.debug_info</name>
         <load_address>0x5c90</load_address>
         <run_address>0x5c90</run_address>
         <size>0x1ab</size>
         <input_file_ref idref="fl-ca"/>
      </object_component>
      <object_component id="oc-7d">
         <name>.debug_info</name>
         <load_address>0x5e3b</load_address>
         <run_address>0x5e3b</run_address>
         <size>0x222</size>
         <input_file_ref idref="fl-cb"/>
      </object_component>
      <object_component id="oc-2b">
         <name>.debug_info</name>
         <load_address>0x605d</load_address>
         <run_address>0x605d</run_address>
         <size>0x101</size>
         <input_file_ref idref="fl-cb"/>
      </object_component>
      <object_component id="oc-2c9">
         <name>.debug_info</name>
         <load_address>0x615e</load_address>
         <run_address>0x615e</run_address>
         <size>0x14c</size>
         <input_file_ref idref="fl-cb"/>
      </object_component>
      <object_component id="oc-1c4">
         <name>.debug_info</name>
         <load_address>0x62aa</load_address>
         <run_address>0x62aa</run_address>
         <size>0x885</size>
         <input_file_ref idref="fl-cb"/>
      </object_component>
      <object_component id="oc-bd">
         <name>.debug_info</name>
         <load_address>0x6b2f</load_address>
         <run_address>0x6b2f</run_address>
         <size>0x2c</size>
         <input_file_ref idref="fl-cb"/>
      </object_component>
      <object_component id="oc-c2">
         <name>.debug_info</name>
         <load_address>0x6b5b</load_address>
         <run_address>0x6b5b</run_address>
         <size>0x62</size>
         <input_file_ref idref="fl-cb"/>
      </object_component>
      <object_component id="oc-4e">
         <name>.debug_info</name>
         <load_address>0x6bbd</load_address>
         <run_address>0x6bbd</run_address>
         <size>0x13f</size>
         <input_file_ref idref="fl-cc"/>
      </object_component>
      <object_component id="oc-5c">
         <name>.debug_info</name>
         <load_address>0x6cfc</load_address>
         <run_address>0x6cfc</run_address>
         <size>0x138</size>
         <input_file_ref idref="fl-cd"/>
      </object_component>
      <object_component id="oc-62">
         <name>.debug_info</name>
         <load_address>0x6e34</load_address>
         <run_address>0x6e34</run_address>
         <size>0x148</size>
         <input_file_ref idref="fl-ce"/>
      </object_component>
      <object_component id="oc-78">
         <name>.debug_info</name>
         <load_address>0x6f7c</load_address>
         <run_address>0x6f7c</run_address>
         <size>0x109</size>
         <input_file_ref idref="fl-cf"/>
      </object_component>
      <object_component id="oc-2c5">
         <name>.debug_info</name>
         <load_address>0x7085</load_address>
         <run_address>0x7085</run_address>
         <size>0xea</size>
         <input_file_ref idref="fl-d0"/>
      </object_component>
      <object_component id="oc-1b8">
         <name>.debug_info</name>
         <load_address>0x716f</load_address>
         <run_address>0x716f</run_address>
         <size>0x22a</size>
         <input_file_ref idref="fl-d0"/>
      </object_component>
      <object_component id="oc-2b7">
         <name>.debug_info</name>
         <load_address>0x7399</load_address>
         <run_address>0x7399</run_address>
         <size>0x1c8</size>
         <input_file_ref idref="fl-d1"/>
      </object_component>
      <object_component id="oc-1a9">
         <name>.debug_info</name>
         <load_address>0x7561</load_address>
         <run_address>0x7561</run_address>
         <size>0x35c</size>
         <input_file_ref idref="fl-d1"/>
      </object_component>
      <object_component id="oc-2b8">
         <name>.debug_info</name>
         <load_address>0x78bd</load_address>
         <run_address>0x78bd</run_address>
         <size>0x2c</size>
         <input_file_ref idref="fl-d1"/>
      </object_component>
      <object_component id="oc-2bd">
         <name>.debug_info</name>
         <load_address>0x78e9</load_address>
         <run_address>0x78e9</run_address>
         <size>0x69</size>
         <input_file_ref idref="fl-d1"/>
      </object_component>
      <object_component id="oc-18f">
         <name>.debug_info</name>
         <load_address>0x7952</load_address>
         <run_address>0x7952</run_address>
         <size>0x124</size>
         <input_file_ref idref="fl-d2"/>
      </object_component>
      <object_component id="oc-b4">
         <name>.debug_info</name>
         <load_address>0x7a76</load_address>
         <run_address>0x7a76</run_address>
         <size>0x113</size>
         <input_file_ref idref="fl-d2"/>
      </object_component>
      <object_component id="oc-188">
         <name>.debug_info</name>
         <load_address>0x7b89</load_address>
         <run_address>0x7b89</run_address>
         <size>0x21f</size>
         <input_file_ref idref="fl-d2"/>
      </object_component>
      <object_component id="oc-366">
         <name>.debug_info</name>
         <load_address>0x7da8</load_address>
         <run_address>0x7da8</run_address>
         <size>0x385</size>
         <input_file_ref idref="fl-d3"/>
      </object_component>
      <object_component id="oc-2b3">
         <name>.debug_info</name>
         <load_address>0x812d</load_address>
         <run_address>0x812d</run_address>
         <size>0x1554</size>
         <input_file_ref idref="fl-d3"/>
      </object_component>
      <object_component id="oc-367">
         <name>.debug_info</name>
         <load_address>0x9681</load_address>
         <run_address>0x9681</run_address>
         <size>0x86</size>
         <input_file_ref idref="fl-d3"/>
      </object_component>
      <object_component id="oc-3b4">
         <name>.debug_info</name>
         <load_address>0x9707</load_address>
         <run_address>0x9707</run_address>
         <size>0x46</size>
         <input_file_ref idref="fl-d3"/>
      </object_component>
      <object_component id="oc-36c">
         <name>.debug_info</name>
         <load_address>0x974d</load_address>
         <run_address>0x974d</run_address>
         <size>0x39</size>
         <input_file_ref idref="fl-d3"/>
      </object_component>
      <object_component id="oc-af">
         <name>.debug_info</name>
         <load_address>0x9786</load_address>
         <run_address>0x9786</run_address>
         <size>0x166</size>
         <input_file_ref idref="fl-d4"/>
      </object_component>
      <object_component id="oc-6c">
         <name>.debug_info</name>
         <load_address>0x98ec</load_address>
         <run_address>0x98ec</run_address>
         <size>0x167</size>
         <input_file_ref idref="fl-d4"/>
      </object_component>
      <object_component id="oc-180">
         <name>.debug_info</name>
         <load_address>0x9a53</load_address>
         <run_address>0x9a53</run_address>
         <size>0x5e</size>
         <input_file_ref idref="fl-d4"/>
      </object_component>
      <object_component id="oc-3af">
         <name>.debug_info</name>
         <load_address>0x9ab1</load_address>
         <run_address>0x9ab1</run_address>
         <size>0x114</size>
         <input_file_ref idref="fl-d5"/>
      </object_component>
      <object_component id="oc-35b">
         <name>.debug_info</name>
         <load_address>0x9bc5</load_address>
         <run_address>0x9bc5</run_address>
         <size>0x171</size>
         <input_file_ref idref="fl-d5"/>
      </object_component>
      <object_component id="oc-a7">
         <name>.debug_info</name>
         <load_address>0x9d36</load_address>
         <run_address>0x9d36</run_address>
         <size>0x2e9</size>
         <input_file_ref idref="fl-d6"/>
      </object_component>
      <object_component id="oc-67">
         <name>.debug_info</name>
         <load_address>0xa01f</load_address>
         <run_address>0xa01f</run_address>
         <size>0x190</size>
         <input_file_ref idref="fl-d6"/>
      </object_component>
      <object_component id="oc-ce">
         <name>.debug_info</name>
         <load_address>0xa1af</load_address>
         <run_address>0xa1af</run_address>
         <size>0x39</size>
         <input_file_ref idref="fl-d6"/>
      </object_component>
      <object_component id="oc-19a">
         <name>.debug_info</name>
         <load_address>0xa1e8</load_address>
         <run_address>0xa1e8</run_address>
         <size>0x39</size>
         <input_file_ref idref="fl-d6"/>
      </object_component>
      <object_component id="oc-d3">
         <name>.debug_info</name>
         <load_address>0xa221</load_address>
         <run_address>0xa221</run_address>
         <size>0xcd</size>
         <input_file_ref idref="fl-d6"/>
      </object_component>
      <object_component id="oc-ca">
         <name>.debug_info</name>
         <load_address>0xa2ee</load_address>
         <run_address>0xa2ee</run_address>
         <size>0x1e0</size>
         <input_file_ref idref="fl-d7"/>
      </object_component>
      <object_component id="oc-9c">
         <name>.debug_info</name>
         <load_address>0xa4ce</load_address>
         <run_address>0xa4ce</run_address>
         <size>0x183</size>
         <input_file_ref idref="fl-d7"/>
      </object_component>
      <object_component id="oc-195">
         <name>.debug_info</name>
         <load_address>0xa651</load_address>
         <run_address>0xa651</run_address>
         <size>0x2c</size>
         <input_file_ref idref="fl-d7"/>
      </object_component>
      <object_component id="oc-3c9">
         <name>.debug_info</name>
         <load_address>0xa67d</load_address>
         <run_address>0xa67d</run_address>
         <size>0xee</size>
         <input_file_ref idref="fl-d8"/>
      </object_component>
      <object_component id="oc-3ac">
         <name>.debug_info</name>
         <load_address>0xa76b</load_address>
         <run_address>0xa76b</run_address>
         <size>0xfa</size>
         <input_file_ref idref="fl-d8"/>
      </object_component>
      <object_component id="oc-344">
         <name>.debug_info</name>
         <load_address>0xa865</load_address>
         <run_address>0xa865</run_address>
         <size>0x144</size>
         <input_file_ref idref="fl-d9"/>
      </object_component>
      <object_component id="oc-320">
         <name>.debug_info</name>
         <load_address>0xa9a9</load_address>
         <run_address>0xa9a9</run_address>
         <size>0x120</size>
         <input_file_ref idref="fl-da"/>
      </object_component>
      <object_component id="oc-32f">
         <name>.debug_info</name>
         <load_address>0xaac9</load_address>
         <run_address>0xaac9</run_address>
         <size>0x122</size>
         <input_file_ref idref="fl-da"/>
      </object_component>
      <object_component id="oc-32b">
         <name>.debug_info</name>
         <load_address>0xabeb</load_address>
         <run_address>0xabeb</run_address>
         <size>0x132</size>
         <input_file_ref idref="fl-db"/>
      </object_component>
      <object_component id="oc-324">
         <name>.debug_info</name>
         <load_address>0xad1d</load_address>
         <run_address>0xad1d</run_address>
         <size>0x132</size>
         <input_file_ref idref="fl-dc"/>
      </object_component>
      <object_component id="oc-334">
         <name>.debug_info</name>
         <load_address>0xae4f</load_address>
         <run_address>0xae4f</run_address>
         <size>0x126</size>
         <input_file_ref idref="fl-dd"/>
      </object_component>
      <object_component id="oc-33f">
         <name>.debug_info</name>
         <load_address>0xaf75</load_address>
         <run_address>0xaf75</run_address>
         <size>0x124</size>
         <input_file_ref idref="fl-de"/>
      </object_component>
      <object_component id="oc-394">
         <name>.debug_info</name>
         <load_address>0xb099</load_address>
         <run_address>0xb099</run_address>
         <size>0x14c</size>
         <input_file_ref idref="fl-df"/>
      </object_component>
      <object_component id="oc-33b">
         <name>.debug_info</name>
         <load_address>0xb1e5</load_address>
         <run_address>0xb1e5</run_address>
         <size>0x1c2</size>
         <input_file_ref idref="fl-df"/>
      </object_component>
      <object_component id="oc-3b1">
         <name>.debug_info</name>
         <load_address>0xb3a7</load_address>
         <run_address>0xb3a7</run_address>
         <size>0xf1</size>
         <input_file_ref idref="fl-e0"/>
      </object_component>
      <object_component id="oc-361">
         <name>.debug_info</name>
         <load_address>0xb498</load_address>
         <run_address>0xb498</run_address>
         <size>0x1ab</size>
         <input_file_ref idref="fl-e0"/>
      </object_component>
      <object_component id="oc-398">
         <name>.debug_info</name>
         <load_address>0xb643</load_address>
         <run_address>0xb643</run_address>
         <size>0x13f</size>
         <input_file_ref idref="fl-e1"/>
      </object_component>
      <object_component id="oc-34b">
         <name>.debug_info</name>
         <load_address>0xb782</load_address>
         <run_address>0xb782</run_address>
         <size>0x189</size>
         <input_file_ref idref="fl-e1"/>
      </object_component>
      <object_component id="oc-399">
         <name>.debug_info</name>
         <load_address>0xb90b</load_address>
         <run_address>0xb90b</run_address>
         <size>0x2c</size>
         <input_file_ref idref="fl-e1"/>
      </object_component>
      <object_component id="oc-3a8">
         <name>.debug_info</name>
         <load_address>0xb937</load_address>
         <run_address>0xb937</run_address>
         <size>0x17c</size>
         <input_file_ref idref="fl-e2"/>
      </object_component>
      <object_component id="oc-34f">
         <name>.debug_info</name>
         <load_address>0xbab3</load_address>
         <run_address>0xbab3</run_address>
         <size>0x1e6</size>
         <input_file_ref idref="fl-e2"/>
      </object_component>
      <object_component id="oc-a2">
         <name>.debug_info</name>
         <load_address>0xbc99</load_address>
         <run_address>0xbc99</run_address>
         <size>0x145</size>
         <input_file_ref idref="fl-e3"/>
      </object_component>
      <object_component id="oc-3aa">
         <name>.debug_info</name>
         <load_address>0xbdde</load_address>
         <run_address>0xbdde</run_address>
         <size>0xf5</size>
         <input_file_ref idref="fl-e4"/>
      </object_component>
      <object_component id="oc-354">
         <name>.debug_info</name>
         <load_address>0xbed3</load_address>
         <run_address>0xbed3</run_address>
         <size>0x244</size>
         <input_file_ref idref="fl-e4"/>
      </object_component>
      <object_component id="oc-31c">
         <name>.debug_info</name>
         <load_address>0xc117</load_address>
         <run_address>0xc117</run_address>
         <size>0x17d</size>
         <input_file_ref idref="fl-e5"/>
      </object_component>
      <object_component id="oc-3a5">
         <name>.debug_info</name>
         <load_address>0xc294</load_address>
         <run_address>0xc294</run_address>
         <size>0xf3</size>
         <input_file_ref idref="fl-e6"/>
      </object_component>
      <object_component id="oc-3a0">
         <name>.debug_info</name>
         <load_address>0xc387</load_address>
         <run_address>0xc387</run_address>
         <size>0x154</size>
         <input_file_ref idref="fl-e7"/>
      </object_component>
      <object_component id="oc-29d">
         <name>.debug_info</name>
         <load_address>0xc4db</load_address>
         <run_address>0xc4db</run_address>
         <size>0x17a</size>
         <input_file_ref idref="fl-e8"/>
      </object_component>
      <object_component id="oc-292">
         <name>.debug_info</name>
         <load_address>0xc655</load_address>
         <run_address>0xc655</run_address>
         <size>0x1aa</size>
         <input_file_ref idref="fl-e8"/>
      </object_component>
      <object_component id="oc-21b">
         <name>.debug_info</name>
         <load_address>0xc7ff</load_address>
         <run_address>0xc7ff</run_address>
         <size>0x1e9</size>
         <input_file_ref idref="fl-e8"/>
      </object_component>
      <object_component id="oc-16a">
         <name>.debug_info</name>
         <load_address>0xc9e8</load_address>
         <run_address>0xc9e8</run_address>
         <size>0x1f4</size>
         <input_file_ref idref="fl-e8"/>
      </object_component>
      <object_component id="oc-172">
         <name>.debug_info</name>
         <load_address>0xcbdc</load_address>
         <run_address>0xcbdc</run_address>
         <size>0x1cb</size>
         <input_file_ref idref="fl-e8"/>
      </object_component>
      <object_component id="oc-e6">
         <name>.debug_info</name>
         <load_address>0xcda7</load_address>
         <run_address>0xcda7</run_address>
         <size>0x1c3</size>
         <input_file_ref idref="fl-e8"/>
      </object_component>
      <object_component id="oc-ec">
         <name>.debug_info</name>
         <load_address>0xcf6a</load_address>
         <run_address>0xcf6a</run_address>
         <size>0x1c9</size>
         <input_file_ref idref="fl-e8"/>
      </object_component>
      <object_component id="oc-165">
         <name>.debug_info</name>
         <load_address>0xd133</load_address>
         <run_address>0xd133</run_address>
         <size>0x214</size>
         <input_file_ref idref="fl-e8"/>
      </object_component>
      <object_component id="oc-234">
         <name>.debug_info</name>
         <load_address>0xd347</load_address>
         <run_address>0xd347</run_address>
         <size>0x1e0</size>
         <input_file_ref idref="fl-e8"/>
      </object_component>
      <object_component id="oc-2d3">
         <name>.debug_info</name>
         <load_address>0xd527</load_address>
         <run_address>0xd527</run_address>
         <size>0x19b</size>
         <input_file_ref idref="fl-e9"/>
      </object_component>
      <object_component id="oc-1ed">
         <name>.debug_info</name>
         <load_address>0xd6c2</load_address>
         <run_address>0xd6c2</run_address>
         <size>0x19e</size>
         <input_file_ref idref="fl-e9"/>
      </object_component>
      <object_component id="oc-2f8">
         <name>.debug_info</name>
         <load_address>0xd860</load_address>
         <run_address>0xd860</run_address>
         <size>0xf0</size>
         <input_file_ref idref="fl-e9"/>
      </object_component>
      <object_component id="oc-388">
         <name>.debug_info</name>
         <load_address>0xd950</load_address>
         <run_address>0xd950</run_address>
         <size>0x16d</size>
         <input_file_ref idref="fl-e9"/>
      </object_component>
      <object_component id="oc-106">
         <name>.debug_info</name>
         <load_address>0xdabd</load_address>
         <run_address>0xdabd</run_address>
         <size>0x188</size>
         <input_file_ref idref="fl-e9"/>
      </object_component>
      <object_component id="oc-101">
         <name>.debug_info</name>
         <load_address>0xdc45</load_address>
         <run_address>0xdc45</run_address>
         <size>0x1ba</size>
         <input_file_ref idref="fl-e9"/>
      </object_component>
      <object_component id="oc-298">
         <name>.debug_info</name>
         <load_address>0xddff</load_address>
         <run_address>0xddff</run_address>
         <size>0x204</size>
         <input_file_ref idref="fl-e9"/>
      </object_component>
      <object_component id="oc-30b">
         <name>.debug_info</name>
         <load_address>0xe003</load_address>
         <run_address>0xe003</run_address>
         <size>0x1cf</size>
         <input_file_ref idref="fl-e9"/>
      </object_component>
      <object_component id="oc-253">
         <name>.debug_info</name>
         <load_address>0xe1d2</load_address>
         <run_address>0xe1d2</run_address>
         <size>0x206</size>
         <input_file_ref idref="fl-e9"/>
      </object_component>
      <object_component id="oc-10c">
         <name>.debug_info</name>
         <load_address>0xe3d8</load_address>
         <run_address>0xe3d8</run_address>
         <size>0x1ab</size>
         <input_file_ref idref="fl-e9"/>
      </object_component>
      <object_component id="oc-305">
         <name>.debug_info</name>
         <load_address>0xe583</load_address>
         <run_address>0xe583</run_address>
         <size>0x1ad</size>
         <input_file_ref idref="fl-e9"/>
      </object_component>
      <object_component id="oc-37d">
         <name>.debug_info</name>
         <load_address>0xe730</load_address>
         <run_address>0xe730</run_address>
         <size>0xe8</size>
         <input_file_ref idref="fl-ea"/>
      </object_component>
      <object_component id="oc-2da">
         <name>.debug_info</name>
         <load_address>0xe818</load_address>
         <run_address>0xe818</run_address>
         <size>0xf6</size>
         <input_file_ref idref="fl-ea"/>
      </object_component>
      <object_component id="oc-20e">
         <name>.debug_info</name>
         <load_address>0xe90e</load_address>
         <run_address>0xe90e</run_address>
         <size>0x1cb</size>
         <input_file_ref idref="fl-ea"/>
      </object_component>
      <object_component id="oc-2de">
         <name>.debug_info</name>
         <load_address>0xead9</load_address>
         <run_address>0xead9</run_address>
         <size>0x219</size>
         <input_file_ref idref="fl-ea"/>
      </object_component>
      <object_component id="oc-220">
         <name>.debug_info</name>
         <load_address>0xecf2</load_address>
         <run_address>0xecf2</run_address>
         <size>0x1e0</size>
         <input_file_ref idref="fl-ea"/>
      </object_component>
[...]
      </symbol>
      <symbol id="sm-218">
         <name>abort</name>
         <value>0x200079ad</value>
         <object_component_ref idref="oc-71"/>
      </symbol>
      <symbol id="sm-219">
         <name>exit</name>
         <value>0x200079b5</value>
         <object_component_ref idref="oc-71"/>
      </symbol>
      <symbol id="sm-21a">
         <name>__TI_dtors_ptr</name>
         <value>0x2001dcd8</value>
         <object_component_ref idref="oc-b0"/>
      </symbol>
      <symbol id="sm-21b">
         <name>__TI_cleanup_ptr</name>
         <value>0x2001dcd4</value>
         <object_component_ref idref="oc-b0"/>
      </symbol>
      <symbol id="sm-21c">
         <name>__TI_enable_exit_profile_output</name>
         <value>0x2001dcdc</value>
         <object_component_ref idref="oc-b0"/>
      </symbol>
      <symbol id="sm-237">
         <name>memcpy</name>
         <value>0x20007231</value>
         <object_component_ref idref="oc-41"/>
      </symbol>
      <symbol id="sm-238">
         <name>__aeabi_memcpy</name>
         <value>0x20007231</value>
         <object_component_ref idref="oc-41"/>
      </symbol>
      <symbol id="sm-239">
         <name>__aeabi_memcpy8</name>
         <value>0x20007231</value>
         <object_component_ref idref="oc-41"/>
      </symbol>
      <symbol id="sm-23a">
         <name>__aeabi_memcpy4</name>
         <value>0x20007231</value>
         <object_component_ref idref="oc-41"/>
      </symbol>
      <symbol id="sm-24a">
         <name>memmove</name>
         <value>0x20007e31</value>
         <object_component_ref idref="oc-1bd"/>
      </symbol>
      <symbol id="sm-2be">
         <name>_sys_memory</name>
         <value>0x2001d000</value>
         <object_component_ref idref="oc-2a"/>
      </symbol>
      <symbol id="sm-2bf">
         <name>free</name>
         <value>0x20006007</value>
         <object_component_ref idref="oc-1c3"/>
      </symbol>
      <symbol id="sm-2c0">
         <name>realloc</name>
         <value>0x200060c9</value>
         <object_component_ref idref="oc-1c3"/>
      </symbol>
      <symbol id="sm-2c1">
         <name>memalign</name>
         <value>0x200061d1</value>
         <object_component_ref idref="oc-1c3"/>
      </symbol>
      <symbol id="sm-2c2">
         <name>calloc</name>
         <value>0x200062bd</value>
         <object_component_ref idref="oc-1c3"/>
      </symbol>
      <symbol id="sm-2c3">
         <name>malloc</name>
         <value>0x20005f9d</value>
         <object_component_ref idref="oc-1c3"/>
      </symbol>
      <symbol id="sm-2c4">
         <name>minit</name>
         <value>0x20005f1d</value>
         <object_component_ref idref="oc-1c3"/>
      </symbol>
      <symbol id="sm-2d3">
         <name>__aeabi_memset</name>
         <value>0x20007601</value>
         <object_component_ref idref="oc-4d"/>
      </symbol>
      <symbol id="sm-2d4">
         <name>memset</name>
         <value>0x20007607</value>
         <object_component_ref idref="oc-4d"/>
      </symbol>
      <symbol id="sm-2d5">
         <name>__aeabi_memset8</name>
         <value>0x20007601</value>
         <object_component_ref idref="oc-4d"/>
      </symbol>
      <symbol id="sm-2d6">
         <name>__aeabi_memset4</name>
         <value>0x20007601</value>
         <object_component_ref idref="oc-4d"/>
      </symbol>
      <symbol id="sm-2d7">
         <name>__aeabi_memclr8</name>
         <value>0x200075ff</value>
         <object_component_ref idref="oc-4d"/>
      </symbol>
      <symbol id="sm-2d8">
         <name>__aeabi_memclr4</name>
         <value>0x200075ff</value>
         <object_component_ref idref="oc-4d"/>
      </symbol>
      <symbol id="sm-2d9">
         <name>__aeabi_memclr</name>
         <value>0x200075ff</value>
         <object_component_ref idref="oc-4d"/>
      </symbol>
      <symbol id="sm-2e3">
         <name>__mpu_init</name>
         <value>0x20005f1b</value>
         <object_component_ref idref="oc-59"/>
      </symbol>
      <symbol id="sm-2ed">
         <name>_system_pre_init</name>
         <value>0x200081fb</value>
         <object_component_ref idref="oc-5f"/>
      </symbol>
      <symbol id="sm-2f5">
         <name>main_func_sp</name>
         <value>0x2001dcf8</value>
         <object_component_ref idref="oc-77"/>
      </symbol>
      <symbol id="sm-303">
         <name>strlen</name>
         <value>0x20008195</value>
         <object_component_ref idref="oc-1b7"/>
      </symbol>
      <symbol id="sm-324">
         <name>vsnprintf</name>
         <value>0x200073e9</value>
         <object_component_ref idref="oc-1a5"/>
      </symbol>
      <symbol id="sm-33d">
         <name>_nop</name>
         <value>0x2000818f</value>
         <object_component_ref idref="oc-187"/>
      </symbol>
      <symbol id="sm-33e">
         <name>_lock</name>
         <value>0x2001dcec</value>
         <object_component_ref idref="oc-b3"/>
      </symbol>
      <symbol id="sm-33f">
         <name>_unlock</name>
         <value>0x2001dcf0</value>
         <object_component_ref idref="oc-b3"/>
      </symbol>
      <symbol id="sm-340">
         <name>_register_lock</name>
         <value>0x20008187</value>
         <object_component_ref idref="oc-187"/>
      </symbol>
      <symbol id="sm-341">
         <name>_register_unlock</name>
         <value>0x20008181</value>
         <object_component_ref idref="oc-187"/>
      </symbol>
      <symbol id="sm-442">
         <name>__TI_printfi</name>
         <value>0x20004c39</value>
         <object_component_ref idref="oc-2b0"/>
      </symbol>
      <symbol id="sm-456">
         <name>_args_main</name>
         <value>0x200080e9</value>
         <object_component_ref idref="oc-6b"/>
      </symbol>
      <symbol id="sm-46c">
         <name>atoi</name>
         <value>0x20007a51</value>
         <object_component_ref idref="oc-359"/>
      </symbol>
      <symbol id="sm-496">
         <name>__TI_auto_init</name>
         <value>0x20007761</value>
         <object_component_ref idref="oc-65"/>
      </symbol>
      <symbol id="sm-4b0">
         <name>copy_in</name>
         <value>0x20007a9d</value>
         <object_component_ref idref="oc-9a"/>
      </symbol>
      <symbol id="sm-4bb">
         <name>_ctypes_</name>
         <value>0x20008200</value>
         <object_component_ref idref="oc-3ab"/>
      </symbol>
      <symbol id="sm-4d2">
         <name>__aeabi_dsub</name>
         <value>0x20006761</value>
         <object_component_ref idref="oc-342"/>
      </symbol>
      <symbol id="sm-4d3">
         <name>__aeabi_dadd</name>
         <value>0x2000676b</value>
         <object_component_ref idref="oc-342"/>
      </symbol>
      <symbol id="sm-4f5">
         <name>__aeabi_cdcmpeq</name>
         <value>0x20007471</value>
         <object_component_ref idref="oc-31e"/>
      </symbol>
      <symbol id="sm-4f6">
         <name>__aeabi_cdcmple</name>
         <value>0x20007471</value>
         <object_component_ref idref="oc-31e"/>
      </symbol>
      <symbol id="sm-4f7">
         <name>__aeabi_cdrcmple</name>
         <value>0x200074f7</value>
         <object_component_ref idref="oc-32d"/>
      </symbol>
      <symbol id="sm-50b">
         <name>__aeabi_ddiv</name>
         <value>0x20006c29</value>
         <object_component_ref idref="oc-328"/>
      </symbol>
      <symbol id="sm-516">
         <name>__aeabi_dmul</name>
         <value>0x20006e75</value>
         <object_component_ref idref="oc-323"/>
      </symbol>
      <symbol id="sm-520">
         <name>__aeabi_d2iz</name>
         <value>0x20007b31</value>
         <object_component_ref idref="oc-332"/>
      </symbol>
      <symbol id="sm-52a">
         <name>__aeabi_i2d</name>
         <value>0x20007d11</value>
         <object_component_ref idref="oc-33d"/>
      </symbol>
      <symbol id="sm-539">
         <name>ltoa</name>
         <value>0x200079fd</value>
         <object_component_ref idref="oc-337"/>
      </symbol>
      <symbol id="sm-549">
         <name>memccpy</name>
         <value>0x20008009</value>
         <object_component_ref idref="oc-35f"/>
      </symbol>
      <symbol id="sm-564">
         <name>frexpl</name>
         <value>0x200078a1</value>
         <object_component_ref idref="oc-347"/>
      </symbol>
      <symbol id="sm-565">
         <name>frexp</name>
         <value>0x200078a1</value>
         <object_component_ref idref="oc-347"/>
      </symbol>
      <symbol id="sm-583">
         <name>scalbn</name>
         <value>0x20006f71</value>
         <object_component_ref idref="oc-34d"/>
      </symbol>
      <symbol id="sm-584">
         <name>scalbnl</name>
         <value>0x20006f71</value>
         <object_component_ref idref="oc-34d"/>
      </symbol>
      <symbol id="sm-585">
         <name>ldexpl</name>
         <value>0x20006f71</value>
         <object_component_ref idref="oc-34d"/>
      </symbol>
      <symbol id="sm-586">
         <name>ldexp</name>
         <value>0x20006f71</value>
         <object_component_ref idref="oc-34d"/>
      </symbol>
      <symbol id="sm-590">
         <name>_system_post_cinit</name>
         <value>0x20006917</value>
         <object_component_ref idref="oc-a0"/>
      </symbol>
      <symbol id="sm-5a0">
         <name>strchr</name>
         <value>0x2000812d</value>
         <object_component_ref idref="oc-353"/>
      </symbol>
      <symbol id="sm-5bc">
         <name>__aeabi_uldivmod</name>
         <value>0x2000656d</value>
         <object_component_ref idref="oc-319"/>
      </symbol>
      <symbol id="sm-5c4">
         <name>errno</name>
         <value>0x2001dcf4</value>
         <object_component_ref idref="oc-3a4"/>
      </symbol>
      <symbol id="sm-5ce">
         <name>copysign</name>
         <value>0x200081ed</value>
         <object_component_ref idref="oc-39e"/>
      </symbol>
      <symbol id="sm-5cf">
         <name>copysignl</name>
         <value>0x200081ed</value>
         <object_component_ref idref="oc-39e"/>
      </symbol>
      <symbol id="sm-627">
         <name>GPIOIntRegister</name>
         <value>0x20007f1d</value>
         <object_component_ref idref="oc-162"/>
      </symbol>
      <symbol id="sm-628">
         <name>GPIOIntEnable</name>
         <value>0x20008025</value>
         <object_component_ref idref="oc-170"/>
      </symbol>
      <symbol id="sm-629">
         <name>GPIOIntTypeSet</name>
         <value>0x2000757d</value>
         <object_component_ref idref="oc-168"/>
      </symbol>
      <symbol id="sm-62a">
         <name>GPIOIntClear</name>
         <value>0x20008157</value>
         <object_component_ref idref="oc-ea"/>
      </symbol>
      <symbol id="sm-62b">
         <name>GPIOIntStatus</name>
         <value>0x20007e55</value>
         <object_component_ref idref="oc-e4"/>
      </symbol>
      <symbol id="sm-62c">
         <name>GPIODirModeSet</name>
         <value>0x20007c79</value>
         <object_component_ref idref="oc-219"/>
      </symbol>
      <symbol id="sm-62d">
         <name>GPIOPinWrite</name>
         <value>0x20007ebb</value>
         <object_component_ref idref="oc-231"/>
      </symbol>
      <symbol id="sm-6a5">
         <name>IntPrioritySet</name>
         <value>0x20007955</value>
         <object_component_ref idref="oc-252"/>
      </symbol>
      <symbol id="sm-6a6">
         <name>IntVTableBaseSet</name>
         <value>0x2000816d</value>
         <object_component_ref idref="oc-ff"/>
      </symbol>
      <symbol id="sm-6a7">
         <name>IntEnable</name>
         <value>0x200070e9</value>
         <object_component_ref idref="oc-10b"/>
      </symbol>
      <symbol id="sm-6a8">
         <name>IntDisable</name>
         <value>0x20007041</value>
         <object_component_ref idref="oc-304"/>
      </symbol>
      <symbol id="sm-6a9">
         <name>IntRegister</name>
         <value>0x20007edd</value>
         <object_component_ref idref="oc-296"/>
      </symbol>
      <symbol id="sm-6aa">
         <name>IntUnregister</name>
         <value>0x20007de9</value>
         <object_component_ref idref="oc-30a"/>
      </symbol>
      <symbol id="sm-6ab">
         <name>IntMasterEnable</name>
         <value>0x200081e3</value>
         <object_component_ref idref="oc-105"/>
      </symbol>
      <symbol id="sm-6e2">
         <name>PinTypeUART</name>
         <value>0x2000803f</value>
         <object_component_ref idref="oc-21f"/>
      </symbol>
      <symbol id="sm-6e3">
         <name>PinTypeGPIO</name>
         <value>0x20007caf</value>
         <object_component_ref idref="oc-213"/>
      </symbol>
      <symbol id="sm-6e4">
         <name>PinConfigSet</name>
         <value>0x20007361</value>
         <object_component_ref idref="oc-2dd"/>
      </symbol>
      <symbol id="sm-6e5">
         <name>PinModeSet</name>
         <value>0x20007bbd</value>
         <object_component_ref idref="oc-20d"/>
      </symbol>
      <symbol id="sm-76b">
         <name>PRCMPeripheralReset</name>
         <value>0x200078fd</value>
         <object_component_ref idref="oc-12c"/>
      </symbol>
      <symbol id="sm-76c">
         <name>PRCMPeripheralClkEnable</name>
         <value>0x20007c3d</value>
         <object_component_ref idref="oc-126"/>
      </symbol>
      <symbol id="sm-76d">
         <name>PRCMPeripheralClockGet</name>
         <value>0x200072cd</value>
         <object_component_ref idref="oc-138"/>
      </symbol>
      <symbol id="sm-76e">
         <name>PRCMCC3200MCUInit</name>
         <value>0x20006ab1</value>
         <object_component_ref idref="oc-111"/>
      </symbol>
      <symbol id="sm-76f">
         <name>PRCMHIBRegWrite</name>
         <value>0x20008117</value>
         <object_component_ref idref="oc-1fc"/>
      </symbol>
      <symbol id="sm-770">
         <name>PRCMSysResetCauseGet</name>
         <value>0x20007d41</value>
         <object_component_ref idref="oc-1f0"/>
      </symbol>
      <symbol id="sm-771">
         <name>PRCMPeripheralClkDisable</name>
         <value>0x20007dc1</value>
         <object_component_ref idref="oc-202"/>
      </symbol>
      <symbol id="sm-772">
         <name>PRCMHIBRegRead</name>
         <value>0x20008101</value>
         <object_component_ref idref="oc-1f6"/>
      </symbol>
      <symbol id="sm-7b7">
         <name>SPICSEnable</name>
         <value>0x20008071</value>
         <object_component_ref idref="oc-14a"/>
      </symbol>
      <symbol id="sm-7b8">
         <name>SPIDataPut</name>
         <value>0x20007f3b</value>
         <object_component_ref idref="oc-237"/>
      </symbol>
      <symbol id="sm-7b9">
         <name>SPIEnable</name>
         <value>0x20008089</value>
         <object_component_ref idref="oc-144"/>
      </symbol>
      <symbol id="sm-7ba">
         <name>SPIDataGet</name>
         <value>0x20007efd</value>
         <object_component_ref idref="oc-23d"/>
      </symbol>
      <symbol id="sm-7bb">
         <name>SPIConfigSetExpClk</name>
         <value>0x20007191</value>
         <object_component_ref idref="oc-13e"/>
      </symbol>
      <symbol id="sm-7bc">
         <name>SPIReset</name>
         <value>0x20007e77</value>
         <object_component_ref idref="oc-132"/>
      </symbol>
      <symbol id="sm-7bd">
         <name>SPICSDisable</name>
         <value>0x20008059</value>
         <object_component_ref idref="oc-156"/>
      </symbol>
      <symbol id="sm-84b">
         <name>TimerLoadSet</name>
         <value>0x20007d6d</value>
         <object_component_ref idref="oc-270"/>
      </symbol>
      <symbol id="sm-84c">
         <name>TimerDisable</name>
         <value>0x20007f59</value>
         <object_component_ref idref="oc-27c"/>
      </symbol>
      <symbol id="sm-84d">
         <name>TimerValueSet</name>
         <value>0x20007e99</value>
         <object_component_ref idref="oc-f6"/>
      </symbol>
      <symbol id="sm-84e">
         <name>TimerIntRegister</name>
         <value>0x200076f1</value>
         <object_component_ref idref="oc-258"/>
      </symbol>
      <symbol id="sm-84f">
         <name>TimerEnable</name>
         <value>0x20007f77</value>
         <object_component_ref idref="oc-276"/>
      </symbol>
      <symbol id="sm-850">
         <name>TimerIntUnregister</name>
         <value>0x200077d1</value>
         <object_component_ref idref="oc-288"/>
      </symbol>
      <symbol id="sm-851">
         <name>TimerIntStatus</name>
         <value>0x20007f95</value>
         <object_component_ref idref="oc-264"/>
      </symbol>
      <symbol id="sm-852">
         <name>TimerIntDisable</name>
         <value>0x200080a1</value>
         <object_component_ref idref="oc-282"/>
      </symbol>
      <symbol id="sm-853">
         <name>TimerValueGet</name>
         <value>0x20007fd1</value>
         <object_component_ref idref="oc-f0"/>
      </symbol>
      <symbol id="sm-854">
         <name>TimerPrescaleSet</name>
         <value>0x20007d97</value>
         <object_component_ref idref="oc-24c"/>
      </symbol>
      <symbol id="sm-855">
         <name>TimerIntEnable</name>
         <value>0x200080b9</value>
         <object_component_ref idref="oc-25e"/>
      </symbol>
      <symbol id="sm-856">
         <name>TimerConfigure</name>
         <value>0x20007b79</value>
         <object_component_ref idref="oc-246"/>
      </symbol>
      <symbol id="sm-857">
         <name>TimerIntClear</name>
         <value>0x200081a9</value>
         <object_component_ref idref="oc-26a"/>
      </symbol>
      <symbol id="sm-893">
         <name>UARTConfigSetExpClk</name>
         <value>0x20007679</value>
         <object_component_ref idref="oc-19f"/>
      </symbol>
      <symbol id="sm-894">
         <name>UARTDisable</name>
         <value>0x20007ce1</value>
         <object_component_ref idref="oc-2a3"/>
      </symbol>
      <symbol id="sm-895">
         <name>UARTCharsAvail</name>
         <value>0x200080d1</value>
         <object_component_ref idref="oc-1ab"/>
      </symbol>
      <symbol id="sm-896">
         <name>UARTCharGetNonBlocking</name>
         <value>0x20007fed</value>
         <object_component_ref idref="oc-1b1"/>
      </symbol>
      <symbol id="sm-897">
         <name>UARTCharPut</name>
         <value>0x20007fb3</value>
         <object_component_ref idref="oc-de"/>
      </symbol>
      <symbol id="sm-898">
         <name>UARTEnable</name>
         <value>0x20007e0d</value>
         <object_component_ref idref="oc-2a9"/>
      </symbol>
      <symbol id="sm-89c">
         <name>UtilsDelay</name>
         <value>0x200081f5</value>
         <object_component_ref idref="oc-2d5"/>
      </symbol>
      <symbol id="sm-8a6">
         <name>CPUcpsie</name>
         <value>0x20008143</value>
         <object_component_ref idref="oc-1e5"/>
      </symbol>
      <symbol id="sm-8a8">
         <name>__TI_static_base__</name>
         <value>0x20008600</value>
      </symbol>
      <symbol id="sm-8ab">
         <name>I2C_IF_Open</name>
         <value>0x0</value>
      </symbol>
      <symbol id="sm-8ac">
         <name>SHT$$INIT_ARRAY$$Limit</name>
         <value>0x0</value>
      </symbol>
      <symbol id="sm-8ad">
         <name>SHT$$INIT_ARRAY$$Base</name>
         <value>0x0</value>
      </symbol>
   </symbol_table>
   <title>Link errors: red sections failed placement</title>
</link_info>
