<?xml version="1.0"?>
<link_info>
   <banner>TI ARM Linker PC v16.9.1.LTS</banner>
   <copyright>Copyright (c) 1996-2015 Texas Instruments Incorporated</copyright>
   <link_time>0x590feaf4</link_time>
   <link_errors>0x0</link_errors>
   <output_file>decoding.out</output_file>
   <entry_point>
      <name>_c_int00</name>
      <address>0x2000753d</address>
   </entry_point>
   <input_file_list>
      <input_file id="fl-2">
         <path>.\</path>
         <kind>object</kind>
         <file>main.obj</file>
         <name>main.obj</name>
      </input_file>
      <input_file id="fl-3">
         <path>.\</path>
         <kind>object</kind>
         <file>pin_mux_config.obj</file>
         <name>pin_mux_config.obj</name>
      </input_file>
      <input_file id="fl-4">
         <path>.\</path>
         <kind>object</kind>
         <file>startup_ccs.obj</file>
         <name>startup_ccs.obj</name>
      </input_file>
      <input_file id="fl-5">
         <path>.\</path>
         <kind>object</kind>
         <file>timer_if.obj</file>
         <name>timer_if.obj</name>
      </input_file>
      <input_file id="fl-6">
         <path>.\</path>
         <kind>object</kind>
         <file>uart_if.obj</file>
         <name>uart_if.obj</name>
      </input_file>
      <input_file id="fl-c1">
         <path>C:\ti\ccsv7\tools\compiler\ti-cgt-arm_16.9.1.LTS\lib\</path>
         <kind>archive</kind>
         <file>rtsv7M4_T_le_eabi.lib</file>
         <name>boot.obj</name>
      </input_file>
      <input_file id="fl-c2">
         <path>C:\ti\ccsv7\tools\compiler\ti-cgt-arm_16.9.1.LTS\lib\</path>
         <kind>archive</kind>
         <file>rtsv7M4_T_le_eabi.lib</file>
         <name>copy_decompress_lzss.obj</name>
      </input_file>
      <input_file id="fl-c3">
         <path>C:\ti\ccsv7\tools\compiler\ti-cgt-arm_16.9.1.LTS\lib\</path>
         <kind>archive</kind>
         <file>rtsv7M4_T_le_eabi.lib</file>
         <name>copy_decompress_none.obj</name>
      </input_file>
      <input_file id="fl-c4">
         <path>C:\ti\ccsv7\tools\compiler\ti-cgt-arm_16.9.1.LTS\lib\</path>
         <kind>archive</kind>
         <file>rtsv7M4_T_le_eabi.lib</file>
         <name>copy_zero_init.obj</name>
      </input_file>
      <input_file id="fl-c5">
         <path>C:\ti\ccsv7\tools\compiler\ti-cgt-arm_16.9.1.LTS\lib\</path>
         <kind>archive</kind>
         <file>rtsv7M4_T_le_eabi.lib</file>
         <name>exit.obj</name>
      </input_file>
      <input_file id="fl-c6">
         <path>C:\ti\ccsv7\tools\compiler\ti-cgt-arm_16.9.1.LTS\lib\</path>
         <kind>archive</kind>
         <file>rtsv7M4_T_le_eabi.lib</file>
         <name>memcpy_t2.obj</name>
      </input_file>
      <input_file id="fl-c7">
         <path>C:\ti\ccsv7\tools\compiler\ti-cgt-arm_16.9.1.LTS\lib\</path>
         <kind>archive</kind>
         <file>rtsv7M4_T_le_eabi.lib</file>
         <name>memmov.obj</name>
      </input_file>
      <input_file id="fl-c8">
         <path>C:\ti\ccsv7\tools\compiler\ti-cgt-arm_16.9.1.LTS\lib\</path>
         <kind>archive</kind>
         <file>rtsv7M4_T_le_eabi.lib</file>
         <name>memory.obj</name>
      </input_file>
      <input_file id="fl-c9">
         <path>C:\ti\ccsv7\tools\compiler\ti-cgt-arm_16.9.1.LTS\lib\</path>
         <kind>archive</kind>
         <file>rtsv7M4_T_le_eabi.lib</file>
         <name>memset_t2.obj</name>
      </input_file>
      <input_file id="fl-ca">
         <path>C:\ti\ccsv7\tools\compiler\ti-cgt-arm_16.9.1.LTS\lib\</path>
         <kind>archive</kind>
         <file>rtsv7M4_T_le_eabi.lib</file>
         <name>mpu_init.obj</name>
      </input_file>
      <input_file id="fl-cb">
         <path>C:\ti\ccsv7\tools\compiler\ti-cgt-arm_16.9.1.LTS\lib\</path>
         <kind>archive</kind>
         <file>rtsv7M4_T_le_eabi.lib</file>
         <name>pre_init.obj</name>
      </input_file>
      <input_file id="fl-cc">
         <path>C:\ti\ccsv7\tools\compiler\ti-cgt-arm_16.9.1.LTS\lib\</path>
         <kind>archive</kind>
         <file>rtsv7M4_T_le_eabi.lib</file>
         <name>stkdepth_vars.obj</name>
      </input_file>
      <input_file id="fl-cd">
         <path>C:\ti\ccsv7\tools\compiler\ti-cgt-arm_16.9.1.LTS\lib\</path>
         <kind>archive</kind>
         <file>rtsv7M4_T_le_eabi.lib</file>
         <name>strlen.obj</name>
      </input_file>
      <input_file id="fl-ce">
         <path>C:\ti\ccsv7\tools\compiler\ti-cgt-arm_16.9.1.LTS\lib\</path>
         <kind>archive</kind>
         <file>rtsv7M4_T_le_eabi.lib</file>
         <name>vsnprintf.obj</name>
      </input_file>
      <input_file id="fl-cf">
         <path>C:\ti\ccsv7\tools\compiler\ti-cgt-arm_16.9.1.LTS\lib\</path>
         <kind>archive</kind>
         <file>rtsv7M4_T_le_eabi.lib</file>
         <name>_lock.obj</name>
      </input_file>
      <input_file id="fl-d0">
         <path>C:\ti\ccsv7\tools\compiler\ti-cgt-arm_16.9.1.LTS\lib\</path>
         <kind>archive</kind>
         <file>rtsv7M4_T_le_eabi.lib</file>
         <name>_printfi.obj</name>
      </input_file>
      <input_file id="fl-d1">
         <path>C:\ti\ccsv7\tools\compiler\ti-cgt-arm_16.9.1.LTS\lib\</path>
         <kind>archive</kind>
         <file>rtsv7M4_T_le_eabi.lib</file>
         <name>args_main.obj</name>
      </input_file>
      <input_file id="fl-d2">
         <path>C:\ti\ccsv7\tools\compiler\ti-cgt-arm_16.9.1.LTS\lib\</path>
         <kind>archive</kind>
         <file>rtsv7M4_T_le_eabi.lib</file>
         <name>atoi.obj</name>
      </input_file>
      <input_file id="fl-d3">
         <path>C:\ti\ccsv7\tools\compiler\ti-cgt-arm_16.9.1.LTS\lib\</path>
         <kind>archive</kind>
         <file>rtsv7M4_T_le_eabi.lib</file>
         <name>autoinit.obj</name>
      </input_file>
      <input_file id="fl-d4">
         <path>C:\ti\ccsv7\tools\compiler\ti-cgt-arm_16.9.1.LTS\lib\</path>
         <kind>archive</kind>
         <file>rtsv7M4_T_le_eabi.lib</file>
         <name>cpy_tbl.obj</name>
      </input_file>
      <input_file id="fl-d5">
         <path>C:\ti\ccsv7\tools\compiler\ti-cgt-arm_16.9.1.LTS\lib\</path>
         <kind>archive</kind>
         <file>rtsv7M4_T_le_eabi.lib</file>
         <name>ctype.obj</name>
      </input_file>
      <input_file id="fl-d6">
         <path>C:\ti\ccsv7\tools\compiler\ti-cgt-arm_16.9.1.LTS\lib\</path>
         <kind>archive</kind>
         <file>rtsv7M4_T_le_eabi.lib</file>
         <name>fd_add_t2.obj</name>
      </input_file>
      <input_file id="fl-d7">
         <path>C:\ti\ccsv7\tools\compiler\ti-cgt-arm_16.9.1.LTS\lib\</path>
         <kind>archive</kind>
         <file>rtsv7M4_T_le_eabi.lib</file>
         <name>fd_cmp_t2.obj</name>
      </input_file>
      <input_file id="fl-d8">
         <path>C:\ti\ccsv7\tools\compiler\ti-cgt-arm_16.9.1.LTS\lib\</path>
         <kind>archive</kind>
         <file>rtsv7M4_T_le_eabi.lib</file>
         <name>fd_div_t2.obj</name>
      </input_file>
      <input_file id="fl-d9">
         <path>C:\ti\ccsv7\tools\compiler\ti-cgt-arm_16.9.1.LTS\lib\</path>
         <kind>archive</kind>
         <file>rtsv7M4_T_le_eabi.lib</file>
         <name>fd_mul_t2.obj</name>
      </input_file>
      <input_file id="fl-da">
         <path>C:\ti\ccsv7\tools\compiler\ti-cgt-arm_16.9.1.LTS\lib\</path>
         <kind>archive</kind>
         <file>rtsv7M4_T_le_eabi.lib</file>
         <name>fd_toi_t2.obj</name>
      </input_file>
      <input_file id="fl-db">
         <path>C:\ti\ccsv7\tools\compiler\ti-cgt-arm_16.9.1.LTS\lib\</path>
         <kind>archive</kind>
         <file>rtsv7M4_T_le_eabi.lib</file>
         <name>i_tofd_t2.obj</name>
      </input_file>
      <input_file id="fl-dc">
         <path>C:\ti\ccsv7\tools\compiler\ti-cgt-arm_16.9.1.LTS\lib\</path>
         <kind>archive</kind>
         <file>rtsv7M4_T_le_eabi.lib</file>
         <name>ltoa.obj</name>
      </input_file>
      <input_file id="fl-dd">
         <path>C:\ti\ccsv7\tools\compiler\ti-cgt-arm_16.9.1.LTS\lib\</path>
         <kind>archive</kind>
         <file>rtsv7M4_T_le_eabi.lib</file>
         <name>memccpy.obj</name>
      </input_file>
      <input_file id="fl-de">
         <path>C:\ti\ccsv7\tools\compiler\ti-cgt-arm_16.9.1.LTS\lib\</path>
         <kind>archive</kind>
         <file>rtsv7M4_T_le_eabi.lib</file>
         <name>s_frexp.obj</name>
      </input_file>
      <input_file id="fl-df">
         <path>C:\ti\ccsv7\tools\compiler\ti-cgt-arm_16.9.1.LTS\lib\</path>
         <kind>archive</kind>
         <file>rtsv7M4_T_le_eabi.lib</file>
         <name>s_scalbn.obj</name>
      </input_file>
      <input_file id="fl-e0">
         <path>C:\ti\ccsv7\tools\compiler\ti-cgt-arm_16.9.1.LTS\lib\</path>
         <kind>archive</kind>
         <file>rtsv7M4_T_le_eabi.lib</file>
         <name>startup.obj</name>
      </input_file>
      <input_file id="fl-e1">
         <path>C:\ti\ccsv7\tools\compiler\ti-cgt-arm_16.9.1.LTS\lib\</path>
         <kind>archive</kind>
         <file>rtsv7M4_T_le_eabi.lib</file>
         <name>strchr.obj</name>
      </input_file>
      <input_file id="fl-e2">
         <path>C:\ti\ccsv7\tools\compiler\ti-cgt-arm_16.9.1.LTS\lib\</path>
         <kind>archive</kind>
         <file>rtsv7M4_T_le_eabi.lib</file>
         <name>ull_div_t2.obj</name>
      </input_file>
      <input_file id="fl-e3">
         <path>C:\ti\ccsv7\tools\compiler\ti-cgt-arm_16.9.1.LTS\lib\</path>
         <kind>archive</kind>
         <file>rtsv7M4_T_le_eabi.lib</file>
         <name>errno.obj</name>
      </input_file>
      <input_file id="fl-e4">
         <path>C:\ti\ccsv7\tools\compiler\ti-cgt-arm_16.9.1.LTS\lib\</path>
         <kind>archive</kind>
         <file>rtsv7M4_T_le_eabi.lib</file>
         <name>s_copysign.obj</name>
      </input_file>
      <input_file id="fl-e5">
         <path>C:\ti\CC3200SDK_1.3.0\cc3200-sdk\driverlib\ccs\Release\</path>
         <kind>archive</kind>
         <file>driverlib.a</file>
         <name>gpio.obj</name>
      </input_file>
      <input_file id="fl-e6">
         <path>C:\ti\CC3200SDK_1.3.0\cc3200-sdk\driverlib\ccs\Release\</path>
         <kind>archive</kind>
         <file>driverlib.a</file>
         <name>interrupt.obj</name>
      </input_file>
      <input_file id="fl-e7">
         <path>C:\ti\CC3200SDK_1.3.0\cc3200-sdk\driverlib\ccs\Release\</path>
         <kind>archive</kind>
         <file>driverlib.a</file>
         <name>pin.obj</name>
      </input_file>
      <input_file id="fl-e8">
         <path>C:\ti\CC3200SDK_1.3.0\cc3200-sdk\driverlib\ccs\Release\</path>
         <kind>archive</kind>
         <file>driverlib.a</file>
         <name>prcm.obj</name>
      </input_file>
      <input_file id="fl-e9">
         <path>C:\ti\CC3200SDK_1.3.0\cc3200-sdk\driverlib\ccs\Release\</path>
         <kind>archive</kind>
         <file>driverlib.a</file>
         <name>timer.obj</name>
      </input_file>
      <input_file id="fl-ea">
         <path>C:\ti\CC3200SDK_1.3.0\cc3200-sdk\driverlib\ccs\Release\</path>
         <kind>archive</kind>
         <file>driverlib.a</file>
         <name>uart.obj</name>
      </input_file>
      <input_file id="fl-eb">
         <path>C:\ti\CC3200SDK_1.3.0\cc3200-sdk\driverlib\ccs\Release\</path>
         <kind>archive</kind>
         <file>driverlib.a</file>
         <name>utils.obj</name>
      </input_file>
      <input_file id="fl-ec">
         <path>C:\ti\CC3200SDK_1.3.0\cc3200-sdk\driverlib\ccs\Release\</path>
         <kind>archive</kind>
         <file>driverlib.a</file>
         <name>cpu.obj</name>
      </input_file>
      <input_file id="fl-ed">
         <path>C:\ti\CC3200SDK_1.3.0\cc3200-sdk\driverlib\ccs\Release\</path>
         <kind>archive</kind>
         <file>driverlib.a</file>
         <name>flash.obj</name>
      </input_file>
   </input_file_list>
   <object_component_list>
      <object_component id="oc-f">
         <name>.intvecs</name>
         <load_address>0x20004000</load_address>
         <run_address>0x20004000</run_address>
         <size>0x400</size>
         <input_file_ref idref="fl-4"/>
      </object_component>
      <object_component id="oc-266">
         <name>.text</name>
         <load_address>0x20004400</load_address>
         <run_address>0x20004400</run_address>
         <size>0x1122</size>
         <input_file_ref idref="fl-d0"/>
      </object_component>
      <object_component id="oc-33a">
         <name>.text:IntDefaultHandler</name>
         <load_address>0x20005522</load_address>
         <run_address>0x20005522</run_address>
         <size>0x2</size>
         <input_file_ref idref="fl-e6"/>
      </object_component>
      <object_component id="oc-a8">
         <name>.text</name>
         <load_address>0x20005524</load_address>
         <run_address>0x20005524</run_address>
         <size>0x40c</size>
         <input_file_ref idref="fl-2"/>
      </object_component>
      <object_component id="oc-18e">
         <name>.text</name>
         <load_address>0x20005930</load_address>
         <run_address>0x20005930</run_address>
         <size>0x3d0</size>
         <input_file_ref idref="fl-c8"/>
      </object_component>
      <object_component id="oc-d8">
         <name>.text</name>
         <load_address>0x20005d00</load_address>
         <run_address>0x20005d00</run_address>
         <size>0x280</size>
         <input_file_ref idref="fl-6"/>
      </object_component>
      <object_component id="oc-2c6">
         <name>.text</name>
         <load_address>0x20005f80</load_address>
         <run_address>0x20005f80</run_address>
         <size>0x1f4</size>
         <input_file_ref idref="fl-e2"/>
      </object_component>
      <object_component id="oc-2ef">
         <name>.text</name>
         <load_address>0x20006174</load_address>
         <run_address>0x20006174</run_address>
         <size>0x1b6</size>
         <input_file_ref idref="fl-d6"/>
      </object_component>
      <object_component id="oc-59">
         <name>.text</name>
         <load_address>0x2000632a</load_address>
         <run_address>0x2000632a</run_address>
         <size>0x2</size>
         <input_file_ref idref="fl-ca"/>
      </object_component>
      <object_component id="oc-11a">
         <name>.text</name>
         <load_address>0x2000632c</load_address>
         <run_address>0x2000632c</run_address>
         <size>0x198</size>
         <input_file_ref idref="fl-5"/>
      </object_component>
      <object_component id="oc-108">
         <name>.text:PRCMCC3200MCUInit</name>
         <load_address>0x200064c4</load_address>
         <run_address>0x200064c4</run_address>
         <size>0x178</size>
         <input_file_ref idref="fl-e8"/>
      </object_component>
      <object_component id="oc-2d5">
         <name>.text</name>
         <load_address>0x2000663c</load_address>
         <run_address>0x2000663c</run_address>
         <size>0x136</size>
         <input_file_ref idref="fl-d8"/>
      </object_component>
      <object_component id="oc-2d0">
         <name>.text</name>
         <load_address>0x20006772</load_address>
         <run_address>0x20006772</run_address>
         <size>0xfc</size>
         <input_file_ref idref="fl-d9"/>
      </object_component>
      <object_component id="oc-114">
         <name>.text</name>
         <load_address>0x2000686e</load_address>
         <run_address>0x2000686e</run_address>
         <size>0xe2</size>
         <input_file_ref idref="fl-3"/>
      </object_component>
      <object_component id="oc-2fa">
         <name>.text</name>
         <load_address>0x20006950</load_address>
         <run_address>0x20006950</run_address>
         <size>0xd0</size>
         <input_file_ref idref="fl-df"/>
      </object_component>
      <object_component id="oc-2b1">
         <name>.text:IntDisable</name>
         <load_address>0x20006a20</load_address>
         <run_address>0x20006a20</run_address>
         <size>0xa8</size>
         <input_file_ref idref="fl-e6"/>
      </object_component>
      <object_component id="oc-102">
         <name>.text:IntEnable</name>
         <load_address>0x20006ac8</load_address>
         <run_address>0x20006ac8</run_address>
         <size>0xa8</size>
         <input_file_ref idref="fl-e6"/>
      </object_component>
      <object_component id="oc-41">
         <name>.text</name>
         <load_address>0x20006b70</load_address>
         <run_address>0x20006b70</run_address>
         <size>0x9c</size>
         <input_file_ref idref="fl-c6"/>
      </object_component>
      <object_component id="oc-15e">
         <name>.text:PRCMPeripheralClockGet</name>
         <load_address>0x20006c0c</load_address>
         <run_address>0x20006c0c</run_address>
         <size>0x94</size>
         <input_file_ref idref="fl-e8"/>
      </object_component>
      <object_component id="oc-299">
         <name>.text:PinConfigSet</name>
         <load_address>0x20006ca0</load_address>
         <run_address>0x20006ca0</run_address>
         <size>0x88</size>
         <input_file_ref idref="fl-e7"/>
      </object_component>
      <object_component id="oc-170">
         <name>.text</name>
         <load_address>0x20006d28</load_address>
         <run_address>0x20006d28</run_address>
         <size>0x88</size>
         <input_file_ref idref="fl-ce"/>
      </object_component>
      <object_component id="oc-2cb">
         <name>.text:__aeabi_cdcmple</name>
         <load_address>0x20006db0</load_address>
         <run_address>0x20006db0</run_address>
         <size>0x86</size>
         <input_file_ref idref="fl-d7"/>
      </object_component>
      <object_component id="oc-2da">
         <name>.text:__aeabi_cdrcmple</name>
         <load_address>0x20006e36</load_address>
         <run_address>0x20006e36</run_address>
         <size>0x86</size>
         <input_file_ref idref="fl-d7"/>
      </object_component>
      <object_component id="oc-126">
         <name>.text:GPIOIntTypeSet</name>
         <load_address>0x20006ebc</load_address>
         <run_address>0x20006ebc</run_address>
         <size>0x82</size>
         <input_file_ref idref="fl-e5"/>
      </object_component>
      <object_component id="oc-4d">
         <name>.text</name>
         <load_address>0x20006f3e</load_address>
         <run_address>0x20006f3e</run_address>
         <size>0x7a</size>
         <input_file_ref idref="fl-c9"/>
      </object_component>
      <object_component id="oc-164">
         <name>.text:UARTConfigSetExpClk</name>
         <load_address>0x20006fb8</load_address>
         <run_address>0x20006fb8</run_address>
         <size>0x76</size>
         <input_file_ref idref="fl-ea"/>
      </object_component>
      <object_component id="oc-a0">
         <name>.text</name>
         <load_address>0x2000702e</load_address>
         <run_address>0x2000702e</run_address>
         <size>0x2</size>
         <input_file_ref idref="fl-e0"/>
      </object_component>
      <object_component id="oc-20c">
         <name>.text:TimerIntRegister</name>
         <load_address>0x20007030</load_address>
         <run_address>0x20007030</run_address>
         <size>0x70</size>
         <input_file_ref idref="fl-e9"/>
      </object_component>
      <object_component id="oc-65">
         <name>.text</name>
         <load_address>0x200070a0</load_address>
         <run_address>0x200070a0</run_address>
         <size>0x70</size>
         <input_file_ref idref="fl-d3"/>
      </object_component>
      <object_component id="oc-23c">
         <name>.text:TimerIntUnregister</name>
         <load_address>0x20007110</load_address>
         <run_address>0x20007110</run_address>
         <size>0x68</size>
         <input_file_ref idref="fl-e9"/>
      </object_component>
      <object_component id="oc-12">
         <name>.text:decompress:lzss</name>
         <load_address>0x20007178</load_address>
         <run_address>0x20007178</run_address>
         <size>0x68</size>
         <input_file_ref idref="fl-c2"/>
      </object_component>
      <object_component id="oc-2f4">
         <name>.text</name>
         <load_address>0x200071e0</load_address>
         <run_address>0x200071e0</run_address>
         <size>0x5c</size>
         <input_file_ref idref="fl-de"/>
      </object_component>
      <object_component id="oc-1d0">
         <name>.text:PRCMPeripheralReset</name>
         <load_address>0x2000723c</load_address>
         <run_address>0x2000723c</run_address>
         <size>0x58</size>
         <input_file_ref idref="fl-e8"/>
      </object_component>
      <object_component id="oc-206">
         <name>.text:IntPrioritySet</name>
         <load_address>0x20007294</load_address>
         <run_address>0x20007294</run_address>
         <size>0x54</size>
         <input_file_ref idref="fl-e6"/>
      </object_component>
      <object_component id="oc-71">
         <name>.text</name>
         <load_address>0x200072e8</load_address>
         <run_address>0x200072e8</run_address>
         <size>0x54</size>
         <input_file_ref idref="fl-c5"/>
      </object_component>
      <object_component id="oc-2e4">
         <name>.text</name>
         <load_address>0x2000733c</load_address>
         <run_address>0x2000733c</run_address>
         <size>0x54</size>
         <input_file_ref idref="fl-dc"/>
      </object_component>
      <object_component id="oc-306">
         <name>.text</name>
         <load_address>0x20007390</load_address>
         <run_address>0x20007390</run_address>
         <size>0x4c</size>
         <input_file_ref idref="fl-d2"/>
      </object_component>
      <object_component id="oc-9a">
         <name>.text</name>
         <load_address>0x200073dc</load_address>
         <run_address>0x200073dc</run_address>
         <size>0x4c</size>
         <input_file_ref idref="fl-d4"/>
      </object_component>
      <object_component id="oc-244">
         <name>.text:GPIOGetIntNumber</name>
         <load_address>0x20007428</load_address>
         <run_address>0x20007428</run_address>
         <size>0x48</size>
         <input_file_ref idref="fl-e5"/>
      </object_component>
      <object_component id="oc-2df">
         <name>.text</name>
         <load_address>0x20007470</load_address>
         <run_address>0x20007470</run_address>
         <size>0x48</size>
         <input_file_ref idref="fl-da"/>
      </object_component>
      <object_component id="oc-1fa">
         <name>.text:TimerConfigure</name>
         <load_address>0x200074b8</load_address>
         <run_address>0x200074b8</run_address>
         <size>0x44</size>
         <input_file_ref idref="fl-e9"/>
      </object_component>
      <object_component id="oc-1e1">
         <name>.text:PinModeSet</name>
         <load_address>0x200074fc</load_address>
         <run_address>0x200074fc</run_address>
         <size>0x40</size>
         <input_file_ref idref="fl-e7"/>
      </object_component>
      <object_component id="oc-24">
         <name>.text</name>
         <load_address>0x2000753c</load_address>
         <run_address>0x2000753c</run_address>
         <size>0x40</size>
         <input_file_ref idref="fl-c1"/>
      </object_component>
      <object_component id="oc-1ca">
         <name>.text:PRCMPeripheralClkEnable</name>
         <load_address>0x2000757c</load_address>
         <run_address>0x2000757c</run_address>
         <size>0x3c</size>
         <input_file_ref idref="fl-e8"/>
      </object_component>
      <object_component id="oc-1ed">
         <name>.text:GPIODirModeSet</name>
         <load_address>0x200075b8</load_address>
         <run_address>0x200075b8</run_address>
         <size>0x36</size>
         <input_file_ref idref="fl-e5"/>
      </object_component>
      <object_component id="oc-1e7">
         <name>.text:PinTypeGPIO</name>
         <load_address>0x200075ee</load_address>
         <run_address>0x200075ee</run_address>
         <size>0x30</size>
         <input_file_ref idref="fl-e7"/>
      </object_component>
      <object_component id="oc-258">
         <name>.text:UARTDisable</name>
         <load_address>0x20007620</load_address>
         <run_address>0x20007620</run_address>
         <size>0x30</size>
         <input_file_ref idref="fl-ea"/>
      </object_component>
      <object_component id="oc-2ea">
         <name>.text</name>
         <load_address>0x20007650</load_address>
         <run_address>0x20007650</run_address>
         <size>0x2e</size>
         <input_file_ref idref="fl-db"/>
      </object_component>
      <object_component id="oc-1b8">
         <name>.text:PRCMSysResetCauseGet</name>
         <load_address>0x20007680</load_address>
         <run_address>0x20007680</run_address>
         <size>0x2c</size>
         <input_file_ref idref="fl-e8"/>
      </object_component>
      <object_component id="oc-224">
         <name>.text:TimerLoadSet</name>
         <load_address>0x200076ac</load_address>
         <run_address>0x200076ac</run_address>
         <size>0x2a</size>
         <input_file_ref idref="fl-e9"/>
      </object_component>
      <object_component id="oc-200">
         <name>.text:TimerPrescaleSet</name>
         <load_address>0x200076d6</load_address>
         <run_address>0x200076d6</run_address>
         <size>0x2a</size>
         <input_file_ref idref="fl-e9"/>
      </object_component>
      <object_component id="oc-1d6">
         <name>.text:PRCMPeripheralClkDisable</name>
         <load_address>0x20007700</load_address>
         <run_address>0x20007700</run_address>
         <size>0x28</size>
         <input_file_ref idref="fl-e8"/>
      </object_component>
      <object_component id="oc-2b7">
         <name>.text:IntUnregister</name>
         <load_address>0x20007728</load_address>
         <run_address>0x20007728</run_address>
         <size>0x24</size>
         <input_file_ref idref="fl-e6"/>
      </object_component>
      <object_component id="oc-25e">
         <name>.text:UARTEnable</name>
         <load_address>0x2000774c</load_address>
         <run_address>0x2000774c</run_address>
         <size>0x24</size>
         <input_file_ref idref="fl-ea"/>
      </object_component>
      <object_component id="oc-188">
         <name>.text</name>
         <load_address>0x20007770</load_address>
         <run_address>0x20007770</run_address>
         <size>0x24</size>
         <input_file_ref idref="fl-c7"/>
      </object_component>
      <object_component id="oc-de">
         <name>.text:GPIOIntStatus</name>
         <load_address>0x20007794</load_address>
         <run_address>0x20007794</run_address>
         <size>0x22</size>
         <input_file_ref idref="fl-e5"/>
      </object_component>
      <object_component id="oc-f0">
         <name>.text:TimerValueSet</name>
         <load_address>0x200077b6</load_address>
         <run_address>0x200077b6</run_address>
         <size>0x22</size>
         <input_file_ref idref="fl-e9"/>
      </object_component>
      <object_component id="oc-24a">
         <name>.text:IntRegister</name>
         <load_address>0x200077d8</load_address>
         <run_address>0x200077d8</run_address>
         <size>0x20</size>
         <input_file_ref idref="fl-e6"/>
      </object_component>
      <object_component id="oc-120">
         <name>.text:GPIOIntRegister</name>
         <load_address>0x200077f8</load_address>
         <run_address>0x200077f8</run_address>
         <size>0x1e</size>
         <input_file_ref idref="fl-e5"/>
      </object_component>
      <object_component id="oc-230">
         <name>.text:TimerDisable</name>
         <load_address>0x20007816</load_address>
         <run_address>0x20007816</run_address>
         <size>0x1e</size>
         <input_file_ref idref="fl-e9"/>
      </object_component>
      <object_component id="oc-22a">
         <name>.text:TimerEnable</name>
         <load_address>0x20007834</load_address>
         <run_address>0x20007834</run_address>
         <size>0x1e</size>
         <input_file_ref idref="fl-e9"/>
      </object_component>
      <object_component id="oc-218">
         <name>.text:TimerIntStatus</name>
         <load_address>0x20007852</load_address>
         <run_address>0x20007852</run_address>
         <size>0x1e</size>
         <input_file_ref idref="fl-e9"/>
      </object_component>
      <object_component id="oc-16a">
         <name>.text:UARTCharPut</name>
         <load_address>0x20007870</load_address>
         <run_address>0x20007870</run_address>
         <size>0x1e</size>
         <input_file_ref idref="fl-ea"/>
      </object_component>
      <object_component id="oc-ea">
         <name>.text:TimerValueGet</name>
         <load_address>0x2000788e</load_address>
         <run_address>0x2000788e</run_address>
         <size>0x1c</size>
         <input_file_ref idref="fl-e9"/>
      </object_component>
      <object_component id="oc-17c">
         <name>.text:UARTCharGetNonBlocking</name>
         <load_address>0x200078aa</load_address>
         <run_address>0x200078aa</run_address>
         <size>0x1c</size>
         <input_file_ref idref="fl-ea"/>
      </object_component>
      <object_component id="oc-30c">
         <name>.text</name>
         <load_address>0x200078c6</load_address>
         <run_address>0x200078c6</run_address>
         <size>0x1c</size>
         <input_file_ref idref="fl-dd"/>
      </object_component>
      <object_component id="oc-12c">
         <name>.text:GPIOIntEnable</name>
         <load_address>0x200078e2</load_address>
         <run_address>0x200078e2</run_address>
         <size>0x1a</size>
         <input_file_ref idref="fl-e5"/>
      </object_component>
      <object_component id="oc-1f3">
         <name>.text:PinTypeUART</name>
         <load_address>0x200078fc</load_address>
         <run_address>0x200078fc</run_address>
         <size>0x1a</size>
         <input_file_ref idref="fl-e7"/>
      </object_component>
      <object_component id="oc-236">
         <name>.text:TimerIntDisable</name>
         <load_address>0x20007916</load_address>
         <run_address>0x20007916</run_address>
         <size>0x18</size>
         <input_file_ref idref="fl-e9"/>
      </object_component>
      <object_component id="oc-212">
         <name>.text:TimerIntEnable</name>
         <load_address>0x2000792e</load_address>
         <run_address>0x2000792e</run_address>
         <size>0x18</size>
         <input_file_ref idref="fl-e9"/>
      </object_component>
      <object_component id="oc-176">
         <name>.text:UARTCharsAvail</name>
         <load_address>0x20007946</load_address>
         <run_address>0x20007946</run_address>
         <size>0x18</size>
         <input_file_ref idref="fl-ea"/>
      </object_component>
      <object_component id="oc-6b">
         <name>.text</name>
         <load_address>0x20007960</load_address>
         <run_address>0x20007960</run_address>
         <size>0x18</size>
         <input_file_ref idref="fl-d1"/>
      </object_component>
      <object_component id="oc-1be">
         <name>.text:PRCMHIBRegRead</name>
         <load_address>0x20007978</load_address>
         <run_address>0x20007978</run_address>
         <size>0x16</size>
         <input_file_ref idref="fl-e8"/>
      </object_component>
      <object_component id="oc-1c4">
         <name>.text:PRCMHIBRegWrite</name>
         <load_address>0x2000798e</load_address>
         <run_address>0x2000798e</run_address>
         <size>0x16</size>
         <input_file_ref idref="fl-e8"/>
      </object_component>
      <object_component id="oc-300">
         <name>.text</name>
         <load_address>0x200079a4</load_address>
         <run_address>0x200079a4</run_address>
         <size>0x16</size>
         <input_file_ref idref="fl-e1"/>
      </object_component>
      <object_component id="oc-1ad">
         <name>.text:CPUcpsie</name>
         <load_address>0x200079ba</load_address>
         <run_address>0x200079ba</run_address>
         <size>0x14</size>
         <input_file_ref idref="fl-ec"/>
      </object_component>
      <object_component id="oc-e4">
         <name>.text:GPIOIntClear</name>
         <load_address>0x200079ce</load_address>
         <run_address>0x200079ce</run_address>
         <size>0x14</size>
         <input_file_ref idref="fl-e5"/>
      </object_component>
      <object_component id="oc-f6">
         <name>.text:IntVTableBaseSet</name>
         <load_address>0x200079e4</load_address>
         <run_address>0x200079e4</run_address>
         <size>0x14</size>
         <input_file_ref idref="fl-e6"/>
      </object_component>
      <object_component id="oc-146">
         <name>.text</name>
         <load_address>0x200079f8</load_address>
         <run_address>0x200079f8</run_address>
         <size>0x14</size>
         <input_file_ref idref="fl-cf"/>
      </object_component>
      <object_component id="oc-182">
         <name>.text</name>
         <load_address>0x20007a0c</load_address>
         <run_address>0x20007a0c</run_address>
         <size>0x14</size>
         <input_file_ref idref="fl-cd"/>
      </object_component>
      <object_component id="oc-21e">
         <name>.text:TimerIntClear</name>
         <load_address>0x20007a20</load_address>
         <run_address>0x20007a20</run_address>
         <size>0x12</size>
         <input_file_ref idref="fl-e9"/>
      </object_component>
      <object_component id="oc-18">
         <name>.text:decompress:none</name>
         <load_address>0x20007a32</load_address>
         <run_address>0x20007a32</run_address>
         <size>0xe</size>
         <input_file_ref idref="fl-c3"/>
      </object_component>
      <object_component id="oc-2d">
         <name>.text</name>
         <load_address>0x20007a40</load_address>
         <run_address>0x20007a40</run_address>
         <size>0xe</size>
         <input_file_ref idref="fl-4"/>
      </object_component>
      <object_component id="oc-1e">
         <name>.text:decompress:ZI</name>
         <load_address>0x20007a4e</load_address>
         <run_address>0x20007a4e</run_address>
         <size>0xc</size>
         <input_file_ref idref="fl-c4"/>
      </object_component>
      <object_component id="oc-fc">
         <name>.text:IntMasterEnable</name>
         <load_address>0x20007a5a</load_address>
         <run_address>0x20007a5a</run_address>
         <size>0xa</size>
         <input_file_ref idref="fl-e6"/>
      </object_component>
      <object_component id="oc-352">
         <name>.text</name>
         <load_address>0x20007a64</load_address>
         <run_address>0x20007a64</run_address>
         <size>0x8</size>
         <input_file_ref idref="fl-e4"/>
      </object_component>
      <object_component id="oc-28b">
         <name>.text:UtilsDelay</name>
         <load_address>0x20007a6c</load_address>
         <run_address>0x20007a6c</run_address>
         <size>0x6</size>
         <input_file_ref idref="fl-eb"/>
      </object_component>
      <object_component id="oc-5f">
         <name>.text</name>
         <load_address>0x20007a72</load_address>
         <run_address>0x20007a72</run_address>
         <size>0x4</size>
         <input_file_ref idref="fl-cb"/>
      </object_component>
      <object_component id="oc-35f">
         <name>.const:.string:_ctypes_</name>
         <load_address>0x20007a78</load_address>
         <run_address>0x20007a78</run_address>
         <size>0x101</size>
         <input_file_ref idref="fl-d5"/>
      </object_component>
      <object_component id="oc-295">
         <name>.const:g_ulPinToPadMap</name>
         <load_address>0x20007b7c</load_address>
         <run_address>0x20007b7c</run_address>
         <size>0x100</size>
         <input_file_ref idref="fl-e7"/>
      </object_component>
      <object_component id="oc-2a4">
         <name>.const:g_pulRegs</name>
         <load_address>0x20007c7c</load_address>
         <run_address>0x20007c7c</run_address>
         <size>0xd4</size>
         <input_file_ref idref="fl-e6"/>
      </object_component>
      <object_component id="oc-28e">
         <name>.const:PRCM_PeriphRegsList</name>
         <load_address>0x20007d50</load_address>
         <run_address>0x20007d50</run_address>
         <size>0xa8</size>
         <input_file_ref idref="fl-e8"/>
      </object_component>
      <object_component id="oc-1b4">
         <name>.const</name>
         <load_address>0x20007df8</load_address>
         <run_address>0x20007df8</run_address>
         <size>0x80</size>
         <input_file_ref idref="fl-e6"/>
      </object_component>
      <object_component id="oc-3a5">
         <name>.cinit..data.load</name>
         <load_address>0x20007e78</load_address>
         <run_address>0x20007e78</run_address>
         <size>0x79</size>
      </object_component>
      <object_component id="oc-3a3">
         <name>__TI_handler_table</name>
         <load_address>0x20007ef4</load_address>
         <run_address>0x20007ef4</run_address>
         <size>0xc</size>
      </object_component>
      <object_component id="oc-3a6">
         <name>.cinit..bss.load</name>
         <load_address>0x20007f00</load_address>
         <run_address>0x20007f00</run_address>
         <size>0x8</size>
      </object_component>
      <object_component id="oc-3a4">
         <name>__TI_cinit_table</name>
         <load_address>0x20007f08</load_address>
         <run_address>0x20007f08</run_address>
         <size>0x10</size>
      </object_component>
      <object_component id="oc-111">
         <name>.data:patterns</name>
         <load_address>0x2001d800</load_address>
         <run_address>0x2001d800</run_address>
         <size>0x4b0</size>
         <input_file_ref idref="fl-2"/>
      </object_component>
      <object_component id="oc-b0">
         <name>.data:$O1$$</name>
         <load_address>0x2001dcb0</load_address>
         <run_address>0x2001dcb0</run_address>
         <size>0xc</size>
         <input_file_ref idref="fl-c5"/>
      </object_component>
      <object_component id="oc-27e">
         <name>.data:$O1$$</name>
         <load_address>0x2001dcbc</load_address>
         <run_address>0x2001dcbc</run_address>
         <size>0xc</size>
         <input_file_ref idref="fl-c8"/>
      </object_component>
      <object_component id="oc-77">
         <name>.data</name>
         <load_address>0x2001dcd4</load_address>
         <run_address>0x2001dcd4</run_address>
         <size>0x4</size>
         <input_file_ref idref="fl-cc"/>
      </object_component>
      <object_component id="oc-b3">
         <name>.data:$O1$$</name>
         <load_address>0x2001dcc8</load_address>
         <run_address>0x2001dcc8</run_address>
         <size>0x8</size>
         <input_file_ref idref="fl-cf"/>
      </object_component>
      <object_component id="oc-358">
         <name>.data</name>
         <load_address>0x2001dcd0</load_address>
         <run_address>0x2001dcd0</run_address>
         <size>0x4</size>
         <input_file_ref idref="fl-e3"/>
      </object_component>
      <object_component id="oc-194">
         <name>.bss</name>
         <uninitialized>true</uninitialized>
         <run_address>0x2001dd08</run_address>
         <size>0x4</size>
         <input_file_ref idref="fl-6"/>
      </object_component>
      <object_component id="oc-13b">
         <name>.common:pin_intcount</name>
         <uninitialized>true</uninitialized>
         <run_address>0x2001dd1c</run_address>
         <size>0x4</size>
      </object_component>
      <object_component id="oc-133">
         <name>.common:pin_intflag</name>
         <uninitialized>true</uninitialized>
         <run_address>0x2001dd29</run_address>
         <size>0x1</size>
      </object_component>
      <object_component id="oc-10e">
         <name>.common:checker</name>
         <uninitialized>true</uninitialized>
         <run_address>0x2001dcd8</run_address>
         <size>0x30</size>
      </object_component>
      <object_component id="oc-138">
         <name>.common:delta</name>
         <uninitialized>true</uninitialized>
         <run_address>0x2001dd10</run_address>
         <size>0x4</size>
      </object_component>
      <object_component id="oc-134">
         <name>.common:start</name>
         <uninitialized>true</uninitialized>
         <run_address>0x2001dd24</run_address>
         <size>0x4</size>
      </object_component>
      <object_component id="oc-139">
         <name>.common:end</name>
         <uninitialized>true</uninitialized>
         <run_address>0x2001dd14</run_address>
         <size>0x4</size>
      </object_component>
      <object_component id="oc-137">
         <name>.common:done</name>
         <uninitialized>true</uninitialized>
         <run_address>0x2001dd28</run_address>
         <size>0x1</size>
      </object_component>
      <object_component id="oc-13a">
         <name>.common:count</name>
         <uninitialized>true</uninitialized>
         <run_address>0x2001dd0c</run_address>
         <size>0x4</size>
      </object_component>
      <object_component id="oc-136">
         <name>.common:i</name>
         <uninitialized>true</uninitialized>
         <run_address>0x2001dd18</run_address>
         <size>0x4</size>
      </object_component>
      <object_component id="oc-132">
         <name>.common:t</name>
         <uninitialized>true</uninitialized>
         <run_address>0x2001dd2a</run_address>
         <size>0x1</size>
      </object_component>
      <object_component id="oc-135">
         <name>.common:s</name>
         <uninitialized>true</uninitialized>
         <run_address>0x2001dd20</run_address>
         <size>0x4</size>
      </object_component>
      <object_component id="oc-2a">
         <name>.sysmem</name>
         <uninitialized>true</uninitialized>
         <run_address>0x2001d000</run_address>
         <size>0x8</size>
         <input_file_ref idref="fl-c8"/>
      </object_component>
      <object_component id="oc-3a8">
         <name>.sysmem</name>
         <uninitialized>true</uninitialized>
         <run_address>0x2001d000</run_address>
         <size>0x0</size>
      </object_component>
      <object_component id="oc-29">
         <name>.stack</name>
         <uninitialized>true</uninitialized>
         <run_address>0x2003f800</run_address>
         <size>0x0</size>
         <input_file_ref idref="fl-c1"/>
      </object_component>
      <object_component id="oc-3a7">
         <name>.stack</name>
         <uninitialized>true</uninitialized>
         <run_address>0x2003f800</run_address>
         <size>0x0</size>
      </object_component>
      <object_component id="oc-10f">
         <name>.debug_info</name>
         <load_address>0x0</load_address>
         <run_address>0x0</run_address>
         <size>0x6de</size>
         <input_file_ref idref="fl-2"/>
      </object_component>
      <object_component id="oc-112">
         <name>.debug_info</name>
         <load_address>0x6de</load_address>
         <run_address>0x6de</run_address>
         <size>0xd1</size>
         <input_file_ref idref="fl-2"/>
      </object_component>
      <object_component id="oc-a9">
         <name>.debug_info</name>
         <load_address>0x7af</load_address>
         <run_address>0x7af</run_address>
         <size>0x498</size>
         <input_file_ref idref="fl-2"/>
      </object_component>
      <object_component id="oc-32c">
         <name>.debug_info</name>
         <load_address>0xc47</load_address>
         <run_address>0xc47</run_address>
         <size>0x62</size>
         <input_file_ref idref="fl-2"/>
      </object_component>
      <object_component id="oc-3c">
         <name>.debug_info</name>
         <load_address>0xca9</load_address>
         <run_address>0xca9</run_address>
         <size>0x84</size>
         <input_file_ref idref="fl-2"/>
      </object_component>
      <object_component id="oc-1a4">
         <name>.debug_info</name>
         <load_address>0xd2d</load_address>
         <run_address>0xd2d</run_address>
         <size>0x2c</size>
         <input_file_ref idref="fl-2"/>
      </object_component>
      <object_component id="oc-199">
         <name>.debug_info</name>
         <load_address>0xd59</load_address>
         <run_address>0xd59</run_address>
         <size>0x4e</size>
         <input_file_ref idref="fl-2"/>
      </object_component>
      <object_component id="oc-115">
         <name>.debug_info</name>
         <load_address>0xda7</load_address>
         <run_address>0xda7</run_address>
         <size>0x30d</size>
         <input_file_ref idref="fl-3"/>
      </object_component>
      <object_component id="oc-35">
         <name>.debug_info</name>
         <load_address>0x10b4</load_address>
         <run_address>0x10b4</run_address>
         <size>0x122</size>
         <input_file_ref idref="fl-4"/>
      </object_component>
      <object_component id="oc-10">
         <name>.debug_info</name>
         <load_address>0x11d6</load_address>
         <run_address>0x11d6</run_address>
         <size>0x10d</size>
         <input_file_ref idref="fl-4"/>
      </object_component>
      <object_component id="oc-2e">
         <name>.debug_info</name>
         <load_address>0x12e3</load_address>
         <run_address>0x12e3</run_address>
         <size>0x42e</size>
         <input_file_ref idref="fl-4"/>
      </object_component>
      <object_component id="oc-243">
         <name>.debug_info</name>
         <load_address>0x1711</load_address>
         <run_address>0x1711</run_address>
         <size>0x414</size>
         <input_file_ref idref="fl-5"/>
      </object_component>
      <object_component id="oc-11b">
         <name>.debug_info</name>
         <load_address>0x1b25</load_address>
         <run_address>0x1b25</run_address>
         <size>0xd5a</size>
         <input_file_ref idref="fl-5"/>
      </object_component>
      <object_component id="oc-198">
         <name>.debug_info</name>
         <load_address>0x287f</load_address>
         <run_address>0x287f</run_address>
         <size>0x357</size>
         <input_file_ref idref="fl-6"/>
      </object_component>
      <object_component id="oc-195">
         <name>.debug_info</name>
         <load_address>0x2bd6</load_address>
         <run_address>0x2bd6</run_address>
         <size>0xd7</size>
         <input_file_ref idref="fl-6"/>
      </object_component>
      <object_component id="oc-da">
         <name>.debug_info</name>
         <load_address>0x2cad</load_address>
         <run_address>0x2cad</run_address>
         <size>0x63d</size>
         <input_file_ref idref="fl-6"/>
      </object_component>
      <object_component id="oc-19e">
         <name>.debug_info</name>
         <load_address>0x32ea</load_address>
         <run_address>0x32ea</run_address>
         <size>0x110</size>
         <input_file_ref idref="fl-6"/>
      </object_component>
      <object_component id="oc-26">
         <name>.debug_info</name>
         <load_address>0x33fa</load_address>
         <run_address>0x33fa</run_address>
         <size>0x160</size>
         <input_file_ref idref="fl-c1"/>
      </object_component>
      <object_component id="oc-87">
         <name>.debug_info</name>
         <load_address>0x355a</load_address>
         <run_address>0x355a</run_address>
         <size>0xf9</size>
         <input_file_ref idref="fl-c2"/>
      </object_component>
      <object_component id="oc-14">
         <name>.debug_info</name>
         <load_address>0x3653</load_address>
         <run_address>0x3653</run_address>
         <size>0x245</size>
         <input_file_ref idref="fl-c2"/>
      </object_component>
      <object_component id="oc-37">
         <name>.debug_info</name>
         <load_address>0x3898</load_address>
         <run_address>0x3898</run_address>
         <size>0x60</size>
         <input_file_ref idref="fl-c2"/>
      </object_component>
      <object_component id="oc-82">
         <name>.debug_info</name>
         <load_address>0x38f8</load_address>
         <run_address>0x38f8</run_address>
         <size>0x46</size>
         <input_file_ref idref="fl-c2"/>
      </object_component>
      <object_component id="oc-4c">
         <name>.debug_info</name>
         <load_address>0x393e</load_address>
         <run_address>0x393e</run_address>
         <size>0x140</size>
         <input_file_ref idref="fl-c3"/>
      </object_component>
      <object_component id="oc-1a">
         <name>.debug_info</name>
         <load_address>0x3a7e</load_address>
         <run_address>0x3a7e</run_address>
         <size>0x1df</size>
         <input_file_ref idref="fl-c3"/>
      </object_component>
      <object_component id="oc-47">
         <name>.debug_info</name>
         <load_address>0x3c5d</load_address>
         <run_address>0x3c5d</run_address>
         <size>0x46</size>
         <input_file_ref idref="fl-c3"/>
      </object_component>
      <object_component id="oc-89">
         <name>.debug_info</name>
         <load_address>0x3ca3</load_address>
         <run_address>0x3ca3</run_address>
         <size>0x2c</size>
         <input_file_ref idref="fl-c3"/>
      </object_component>
      <object_component id="oc-58">
         <name>.debug_info</name>
         <load_address>0x3ccf</load_address>
         <run_address>0x3ccf</run_address>
         <size>0x12f</size>
         <input_file_ref idref="fl-c4"/>
      </object_component>
      <object_component id="oc-20">
         <name>.debug_info</name>
         <load_address>0x3dfe</load_address>
         <run_address>0x3dfe</run_address>
         <size>0x1aa</size>
         <input_file_ref idref="fl-c4"/>
      </object_component>
      <object_component id="oc-53">
         <name>.debug_info</name>
         <load_address>0x3fa8</load_address>
         <run_address>0x3fa8</run_address>
         <size>0x46</size>
         <input_file_ref idref="fl-c4"/>
      </object_component>
      <object_component id="oc-91">
         <name>.debug_info</name>
         <load_address>0x3fee</load_address>
         <run_address>0x3fee</run_address>
         <size>0x2c</size>
         <input_file_ref idref="fl-c4"/>
      </object_component>
      <object_component id="oc-b7">
         <name>.debug_info</name>
         <load_address>0x401a</load_address>
         <run_address>0x401a</run_address>
         <size>0x234</size>
         <input_file_ref idref="fl-c5"/>
      </object_component>
      <object_component id="oc-b1">
         <name>.debug_info</name>
         <load_address>0x424e</load_address>
         <run_address>0x424e</run_address>
         <size>0x185</size>
         <input_file_ref idref="fl-c5"/>
      </object_component>
      <object_component id="oc-74">
         <name>.debug_info</name>
         <load_address>0x43d3</load_address>
         <run_address>0x43d3</run_address>
         <size>0x214</size>
         <input_file_ref idref="fl-c5"/>
      </object_component>
      <object_component id="oc-44">
         <name>.debug_info</name>
         <load_address>0x45e7</load_address>
         <run_address>0x45e7</run_address>
         <size>0x111</size>
         <input_file_ref idref="fl-c6"/>
      </object_component>
      <object_component id="oc-27d">
         <name>.debug_info</name>
         <load_address>0x46f8</load_address>
         <run_address>0x46f8</run_address>
         <size>0x12c</size>
         <input_file_ref idref="fl-c7"/>
      </object_component>
      <object_component id="oc-18c">
         <name>.debug_info</name>
         <load_address>0x4824</load_address>
         <run_address>0x4824</run_address>
         <size>0x1ab</size>
         <input_file_ref idref="fl-c7"/>
      </object_component>
      <object_component id="oc-7d">
         <name>.debug_info</name>
         <load_address>0x49cf</load_address>
         <run_address>0x49cf</run_address>
         <size>0x222</size>
         <input_file_ref idref="fl-c8"/>
      </object_component>
      <object_component id="oc-2b">
         <name>.debug_info</name>
         <load_address>0x4bf1</load_address>
         <run_address>0x4bf1</run_address>
         <size>0x101</size>
         <input_file_ref idref="fl-c8"/>
      </object_component>
      <object_component id="oc-27f">
         <name>.debug_info</name>
         <load_address>0x4cf2</load_address>
         <run_address>0x4cf2</run_address>
         <size>0x14c</size>
         <input_file_ref idref="fl-c8"/>
      </object_component>
      <object_component id="oc-18f">
         <name>.debug_info</name>
         <load_address>0x4e3e</load_address>
         <run_address>0x4e3e</run_address>
         <size>0x885</size>
         <input_file_ref idref="fl-c8"/>
      </object_component>
      <object_component id="oc-bd">
         <name>.debug_info</name>
         <load_address>0x56c3</load_address>
         <run_address>0x56c3</run_address>
         <size>0x2c</size>
         <input_file_ref idref="fl-c8"/>
      </object_component>
      <object_component id="oc-c2">
         <name>.debug_info</name>
         <load_address>0x56ef</load_address>
         <run_address>0x56ef</run_address>
         <size>0x62</size>
         <input_file_ref idref="fl-c8"/>
      </object_component>
      <object_component id="oc-50">
         <name>.debug_info</name>
         <load_address>0x5751</load_address>
         <run_address>0x5751</run_address>
         <size>0x13f</size>
         <input_file_ref idref="fl-c9"/>
      </object_component>
      <object_component id="oc-5a">
         <name>.debug_info</name>
         <load_address>0x5890</load_address>
         <run_address>0x5890</run_address>
         <size>0x138</size>
         <input_file_ref idref="fl-ca"/>
      </object_component>
      <object_component id="oc-60">
         <name>.debug_info</name>
         <load_address>0x59c8</load_address>
         <run_address>0x59c8</run_address>
         <size>0x148</size>
         <input_file_ref idref="fl-cb"/>
      </object_component>
      <object_component id="oc-78">
         <name>.debug_info</name>
         <load_address>0x5b10</load_address>
         <run_address>0x5b10</run_address>
         <size>0x109</size>
         <input_file_ref idref="fl-cc"/>
      </object_component>
      <object_component id="oc-27b">
         <name>.debug_info</name>
         <load_address>0x5c19</load_address>
         <run_address>0x5c19</run_address>
         <size>0xea</size>
         <input_file_ref idref="fl-cd"/>
      </object_component>
      <object_component id="oc-183">
         <name>.debug_info</name>
         <load_address>0x5d03</load_address>
         <run_address>0x5d03</run_address>
         <size>0x22a</size>
         <input_file_ref idref="fl-cd"/>
      </object_component>
      <object_component id="oc-26d">
         <name>.debug_info</name>
         <load_address>0x5f2d</load_address>
         <run_address>0x5f2d</run_address>
         <size>0x1c8</size>
         <input_file_ref idref="fl-ce"/>
      </object_component>
      <object_component id="oc-174">
         <name>.debug_info</name>
         <load_address>0x60f5</load_address>
         <run_address>0x60f5</run_address>
         <size>0x35c</size>
         <input_file_ref idref="fl-ce"/>
      </object_component>
      <object_component id="oc-26e">
         <name>.debug_info</name>
         <load_address>0x6451</load_address>
         <run_address>0x6451</run_address>
         <size>0x2c</size>
         <input_file_ref idref="fl-ce"/>
      </object_component>
      <object_component id="oc-273">
         <name>.debug_info</name>
         <load_address>0x647d</load_address>
         <run_address>0x647d</run_address>
         <size>0x69</size>
         <input_file_ref idref="fl-ce"/>
      </object_component>
      <object_component id="oc-14e">
         <name>.debug_info</name>
         <load_address>0x64e6</load_address>
         <run_address>0x64e6</run_address>
         <size>0x124</size>
         <input_file_ref idref="fl-cf"/>
      </object_component>
      <object_component id="oc-b4">
         <name>.debug_info</name>
         <load_address>0x660a</load_address>
         <run_address>0x660a</run_address>
         <size>0x113</size>
         <input_file_ref idref="fl-cf"/>
      </object_component>
      <object_component id="oc-147">
         <name>.debug_info</name>
         <load_address>0x671d</load_address>
         <run_address>0x671d</run_address>
         <size>0x21f</size>
         <input_file_ref idref="fl-cf"/>
      </object_component>
      <object_component id="oc-313">
         <name>.debug_info</name>
         <load_address>0x693c</load_address>
         <run_address>0x693c</run_address>
         <size>0x385</size>
         <input_file_ref idref="fl-d0"/>
      </object_component>
      <object_component id="oc-268">
         <name>.debug_info</name>
         <load_address>0x6cc1</load_address>
         <run_address>0x6cc1</run_address>
         <size>0x1554</size>
         <input_file_ref idref="fl-d0"/>
      </object_component>
      <object_component id="oc-314">
         <name>.debug_info</name>
         <load_address>0x8215</load_address>
         <run_address>0x8215</run_address>
         <size>0x86</size>
         <input_file_ref idref="fl-d0"/>
      </object_component>
      <object_component id="oc-368">
         <name>.debug_info</name>
         <load_address>0x829b</load_address>
         <run_address>0x829b</run_address>
         <size>0x46</size>
         <input_file_ref idref="fl-d0"/>
      </object_component>
      <object_component id="oc-319">
         <name>.debug_info</name>
         <load_address>0x82e1</load_address>
         <run_address>0x82e1</run_address>
         <size>0x39</size>
         <input_file_ref idref="fl-d0"/>
      </object_component>
      <object_component id="oc-af">
         <name>.debug_info</name>
         <load_address>0x831a</load_address>
         <run_address>0x831a</run_address>
         <size>0x166</size>
         <input_file_ref idref="fl-d1"/>
      </object_component>
      <object_component id="oc-6c">
         <name>.debug_info</name>
         <load_address>0x8480</load_address>
         <run_address>0x8480</run_address>
         <size>0x167</size>
         <input_file_ref idref="fl-d1"/>
      </object_component>
      <object_component id="oc-13f">
         <name>.debug_info</name>
         <load_address>0x85e7</load_address>
         <run_address>0x85e7</run_address>
         <size>0x5e</size>
         <input_file_ref idref="fl-d1"/>
      </object_component>
      <object_component id="oc-363">
         <name>.debug_info</name>
         <load_address>0x8645</load_address>
         <run_address>0x8645</run_address>
         <size>0x114</size>
         <input_file_ref idref="fl-d2"/>
      </object_component>
      <object_component id="oc-307">
         <name>.debug_info</name>
         <load_address>0x8759</load_address>
         <run_address>0x8759</run_address>
         <size>0x171</size>
         <input_file_ref idref="fl-d2"/>
      </object_component>
      <object_component id="oc-a7">
         <name>.debug_info</name>
         <load_address>0x88ca</load_address>
         <run_address>0x88ca</run_address>
         <size>0x2e9</size>
         <input_file_ref idref="fl-d3"/>
      </object_component>
      <object_component id="oc-67">
         <name>.debug_info</name>
         <load_address>0x8bb3</load_address>
         <run_address>0x8bb3</run_address>
         <size>0x190</size>
         <input_file_ref idref="fl-d3"/>
      </object_component>
      <object_component id="oc-ce">
         <name>.debug_info</name>
         <load_address>0x8d43</load_address>
         <run_address>0x8d43</run_address>
         <size>0x39</size>
         <input_file_ref idref="fl-d3"/>
      </object_component>
      <object_component id="oc-159">
         <name>.debug_info</name>
         <load_address>0x8d7c</load_address>
         <run_address>0x8d7c</run_address>
         <size>0x39</size>
         <input_file_ref idref="fl-d3"/>
      </object_component>
      <object_component id="oc-d3">
         <name>.debug_info</name>
         <load_address>0x8db5</load_address>
         <run_address>0x8db5</run_address>
         <size>0xcd</size>
         <input_file_ref idref="fl-d3"/>
      </object_component>
      <object_component id="oc-ca">
         <name>.debug_info</name>
         <load_address>0x8e82</load_address>
         <run_address>0x8e82</run_address>
         <size>0x1e0</size>
         <input_file_ref idref="fl-d4"/>
      </object_component>
      <object_component id="oc-9c">
         <name>.debug_info</name>
         <load_address>0x9062</load_address>
         <run_address>0x9062</run_address>
         <size>0x183</size>
         <input_file_ref idref="fl-d4"/>
      </object_component>
      <object_component id="oc-154">
         <name>.debug_info</name>
         <load_address>0x91e5</load_address>
         <run_address>0x91e5</run_address>
         <size>0x2c</size>
         <input_file_ref idref="fl-d4"/>
      </object_component>
      <object_component id="oc-37d">
         <name>.debug_info</name>
         <load_address>0x9211</load_address>
         <run_address>0x9211</run_address>
         <size>0xee</size>
         <input_file_ref idref="fl-d5"/>
      </object_component>
      <object_component id="oc-360">
         <name>.debug_info</name>
         <load_address>0x92ff</load_address>
         <run_address>0x92ff</run_address>
         <size>0xfa</size>
         <input_file_ref idref="fl-d5"/>
      </object_component>
      <object_component id="oc-2f2">
         <name>.debug_info</name>
         <load_address>0x93f9</load_address>
         <run_address>0x93f9</run_address>
         <size>0x144</size>
         <input_file_ref idref="fl-d6"/>
      </object_component>
      <object_component id="oc-2cd">
         <name>.debug_info</name>
         <load_address>0x953d</load_address>
         <run_address>0x953d</run_address>
         <size>0x120</size>
         <input_file_ref idref="fl-d7"/>
      </object_component>
      <object_component id="oc-2dc">
         <name>.debug_info</name>
         <load_address>0x965d</load_address>
         <run_address>0x965d</run_address>
         <size>0x122</size>
         <input_file_ref idref="fl-d7"/>
      </object_component>
      <object_component id="oc-2d7">
         <name>.debug_info</name>
         <load_address>0x977f</load_address>
         <run_address>0x977f</run_address>
         <size>0x132</size>
         <input_file_ref idref="fl-d8"/>
      </object_component>
      <object_component id="oc-2d1">
         <name>.debug_info</name>
         <load_address>0x98b1</load_address>
         <run_address>0x98b1</run_address>
         <size>0x132</size>
         <input_file_ref idref="fl-d9"/>
      </object_component>
      <object_component id="oc-2e2">
         <name>.debug_info</name>
         <load_address>0x99e3</load_address>
         <run_address>0x99e3</run_address>
         <size>0x126</size>
         <input_file_ref idref="fl-da"/>
      </object_component>
      <object_component id="oc-2eb">
         <name>.debug_info</name>
         <load_address>0x9b09</load_address>
         <run_address>0x9b09</run_address>
         <size>0x124</size>
         <input_file_ref idref="fl-db"/>
      </object_component>
      <object_component id="oc-348">
         <name>.debug_info</name>
         <load_address>0x9c2d</load_address>
         <run_address>0x9c2d</run_address>
         <size>0x14c</size>
         <input_file_ref idref="fl-dc"/>
      </object_component>
      <object_component id="oc-2e6">
         <name>.debug_info</name>
         <load_address>0x9d79</load_address>
         <run_address>0x9d79</run_address>
         <size>0x1c2</size>
         <input_file_ref idref="fl-dc"/>
      </object_component>
      <object_component id="oc-365">
         <name>.debug_info</name>
         <load_address>0x9f3b</load_address>
         <run_address>0x9f3b</run_address>
         <size>0xf1</size>
         <input_file_ref idref="fl-dd"/>
      </object_component>
      <object_component id="oc-30e">
         <name>.debug_info</name>
         <load_address>0xa02c</load_address>
         <run_address>0xa02c</run_address>
         <size>0x1ab</size>
         <input_file_ref idref="fl-dd"/>
      </object_component>
      <object_component id="oc-34c">
         <name>.debug_info</name>
         <load_address>0xa1d7</load_address>
         <run_address>0xa1d7</run_address>
         <size>0x13f</size>
         <input_file_ref idref="fl-de"/>
      </object_component>
      <object_component id="oc-2f7">
         <name>.debug_info</name>
         <load_address>0xa316</load_address>
         <run_address>0xa316</run_address>
         <size>0x189</size>
         <input_file_ref idref="fl-de"/>
      </object_component>
      <object_component id="oc-34d">
         <name>.debug_info</name>
         <load_address>0xa49f</load_address>
         <run_address>0xa49f</run_address>
         <size>0x2c</size>
         <input_file_ref idref="fl-de"/>
      </object_component>
      <object_component id="oc-35c">
         <name>.debug_info</name>
         <load_address>0xa4cb</load_address>
         <run_address>0xa4cb</run_address>
         <size>0x17c</size>
         <input_file_ref idref="fl-df"/>
      </object_component>
      <object_component id="oc-2fe">
         <name>.debug_info</name>
         <load_address>0xa647</load_address>
         <run_address>0xa647</run_address>
         <size>0x1e6</size>
         <input_file_ref idref="fl-df"/>
      </object_component>
      <object_component id="oc-a3">
         <name>.debug_info</name>
         <load_address>0xa82d</load_address>
         <run_address>0xa82d</run_address>
         <size>0x145</size>
         <input_file_ref idref="fl-e0"/>
      </object_component>
      <object_component id="oc-35e">
         <name>.debug_info</name>
         <load_address>0xa972</load_address>
         <run_address>0xa972</run_address>
         <size>0xf5</size>
         <input_file_ref idref="fl-e1"/>
      </object_component>
      <object_component id="oc-301">
         <name>.debug_info</name>
         <load_address>0xaa67</load_address>
         <run_address>0xaa67</run_address>
         <size>0x244</size>
         <input_file_ref idref="fl-e1"/>
      </object_component>
      <object_component id="oc-2c7">
         <name>.debug_info</name>
         <load_address>0xacab</load_address>
         <run_address>0xacab</run_address>
         <size>0x17d</size>
         <input_file_ref idref="fl-e2"/>
      </object_component>
      <object_component id="oc-359">
         <name>.debug_info</name>
         <load_address>0xae28</load_address>
         <run_address>0xae28</run_address>
         <size>0xf3</size>
         <input_file_ref idref="fl-e3"/>
      </object_component>
      <object_component id="oc-356">
         <name>.debug_info</name>
         <load_address>0xaf1b</load_address>
         <run_address>0xaf1b</run_address>
         <size>0x154</size>
         <input_file_ref idref="fl-e4"/>
      </object_component>
      <object_component id="oc-251">
         <name>.debug_info</name>
         <load_address>0xb06f</load_address>
         <run_address>0xb06f</run_address>
         <size>0x17a</size>
         <input_file_ref idref="fl-e5"/>
      </object_component>
      <object_component id="oc-245">
         <name>.debug_info</name>
         <load_address>0xb1e9</load_address>
         <run_address>0xb1e9</run_address>
         <size>0x1aa</size>
         <input_file_ref idref="fl-e5"/>
      </object_component>
      <object_component id="oc-1ee">
         <name>.debug_info</name>
         <load_address>0xb393</load_address>
         <run_address>0xb393</run_address>
         <size>0x1e9</size>
         <input_file_ref idref="fl-e5"/>
      </object_component>
      <object_component id="oc-127">
         <name>.debug_info</name>
         <load_address>0xb57c</load_address>
         <run_address>0xb57c</run_address>
         <size>0x1f4</size>
         <input_file_ref idref="fl-e5"/>
      </object_component>
      <object_component id="oc-12e">
         <name>.debug_info</name>
         <load_address>0xb770</load_address>
         <run_address>0xb770</run_address>
         <size>0x1cb</size>
         <input_file_ref idref="fl-e5"/>
      </object_component>
      <object_component id="oc-df">
         <name>.debug_info</name>
         <load_address>0xb93b</load_address>
         <run_address>0xb93b</run_address>
         <size>0x1c3</size>
         <input_file_ref idref="fl-e5"/>
      </object_component>
      <object_component id="oc-e6">
         <name>.debug_info</name>
         <load_address>0xbafe</load_address>
         <run_address>0xbafe</run_address>
         <size>0x1c9</size>
         <input_file_ref idref="fl-e5"/>
      </object_component>
      <object_component id="oc-122">
         <name>.debug_info</name>
         <load_address>0xbcc7</load_address>
         <run_address>0xbcc7</run_address>
         <size>0x214</size>
         <input_file_ref idref="fl-e5"/>
      </object_component>
      <object_component id="oc-289">
         <name>.debug_info</name>
         <load_address>0xbedb</load_address>
         <run_address>0xbedb</run_address>
         <size>0x19b</size>
         <input_file_ref idref="fl-e6"/>
      </object_component>
      <object_component id="oc-1b5">
         <name>.debug_info</name>
         <load_address>0xc076</load_address>
         <run_address>0xc076</run_address>
         <size>0x19e</size>
         <input_file_ref idref="fl-e6"/>
      </object_component>
      <object_component id="oc-2a5">
         <name>.debug_info</name>
         <load_address>0xc214</load_address>
         <run_address>0xc214</run_address>
         <size>0xf0</size>
         <input_file_ref idref="fl-e6"/>
      </object_component>
      <object_component id="oc-33b">
         <name>.debug_info</name>
         <load_address>0xc304</load_address>
         <run_address>0xc304</run_address>
         <size>0x16d</size>
         <input_file_ref idref="fl-e6"/>
      </object_component>
      <object_component id="oc-fd">
         <name>.debug_info</name>
         <load_address>0xc471</load_address>
         <run_address>0xc471</run_address>
         <size>0x188</size>
         <input_file_ref idref="fl-e6"/>
      </object_component>
      <object_component id="oc-f7">
         <name>.debug_info</name>
         <load_address>0xc5f9</load_address>
         <run_address>0xc5f9</run_address>
         <size>0x1ba</size>
         <input_file_ref idref="fl-e6"/>
      </object_component>
      <object_component id="oc-24b">
         <name>.debug_info</name>
         <load_address>0xc7b3</load_address>
         <run_address>0xc7b3</run_address>
         <size>0x204</size>
         <input_file_ref idref="fl-e6"/>
      </object_component>
      <object_component id="oc-2b8">
         <name>.debug_info</name>
         <load_address>0xc9b7</load_address>
         <run_address>0xc9b7</run_address>
         <size>0x1cf</size>
         <input_file_ref idref="fl-e6"/>
      </object_component>
      <object_component id="oc-207">
         <name>.debug_info</name>
         <load_address>0xcb86</load_address>
         <run_address>0xcb86</run_address>
         <size>0x206</size>
         <input_file_ref idref="fl-e6"/>
      </object_component>
      <object_component id="oc-104">
         <name>.debug_info</name>
         <load_address>0xcd8c</load_address>
         <run_address>0xcd8c</run_address>
         <size>0x1ab</size>
         <input_file_ref idref="fl-e6"/>
      </object_component>
      <object_component id="oc-2b2">
         <name>.debug_info</name>
         <load_address>0xcf37</load_address>
         <run_address>0xcf37</run_address>
         <size>0x1ad</size>
         <input_file_ref idref="fl-e6"/>
      </object_component>
      <object_component id="oc-333">
         <name>.debug_info</name>
         <load_address>0xd0e4</load_address>
         <run_address>0xd0e4</run_address>
         <size>0xe8</size>
         <input_file_ref idref="fl-e7"/>
      </object_component>
      <object_component id="oc-296">
         <name>.debug_info</name>
         <load_address>0xd1cc</load_address>
         <run_address>0xd1cc</run_address>
         <size>0xf6</size>
         <input_file_ref idref="fl-e7"/>
      </object_component>
      <object_component id="oc-1e2">
         <name>.debug_info</name>
         <load_address>0xd2c2</load_address>
         <run_address>0xd2c2</run_address>
         <size>0x1cb</size>
         <input_file_ref idref="fl-e7"/>
      </object_component>
      <object_component id="oc-29a">
         <name>.debug_info</name>
         <load_address>0xd48d</load_address>
         <run_address>0xd48d</run_address>
         <size>0x219</size>
         <input_file_ref idref="fl-e7"/>
      </object_component>
      <object_component id="oc-1f4">
         <name>.debug_info</name>
         <load_address>0xd6a6</load_address>
         <run_address>0xd6a6</run_address>
         <size>0x1e0</size>
         <input_file_ref idref="fl-e7"/>
      </object_component>
      <object_component id="oc-1e8">
         <name>.debug_info</name>
         <load_address>0xd886</load_address>
         <run_address>0xd886</run_address>
         <size>0x22e</size>
         <input_file_ref idref="fl-e7"/>
      </object_component>
      <object_component id="oc-293">
         <name>.debug_info</name>
         <load_address>0xdab4</load_address>
         <run_address>0xdab4</run_address>
         <size>0x1f8</size>
         <input_file_ref idref="fl-e8"/>
      </object_component>
      <object_component id="oc-28f">
         <name>.debug_info</name>
         <load_address>0xdcac</load_address>
         <run_address>0xdcac</run_address>
         <size>0xff</size>
         <input_file_ref idref="fl-e8"/>
      </object_component>
      <object_component id="oc-1ba">
         <name>.debug_info</name>
         <load_address>0xddab</load_address>
         <run_address>0xddab</run_address>
         <size>0x1b2</size>
         <input_file_ref idref="fl-e8"/>
      </object_component>
      <object_component id="oc-1cc">
         <name>.debug_info</name>
         <load_address>0xdf5d</load_address>
         <run_address>0xdf5d</run_address>
         <size>0x1f7</size>
         <input_file_ref idref="fl-e8"/>
      </object_component>
      <object_component id="oc-1d8">
         <name>.debug_info</name>
         <load_address>0xe154</load_address>
         <run_address>0xe154</run_address>
         <size>0x1f9</size>
         <input_file_ref idref="fl-e8"/>
      </object_component>
      <object_component id="oc-160">
         <name>.debug_info</name>
         <load_address>0xe34d</load_address>
         <run_address>0xe34d</run_address>
         <size>0x222</size>
         <input_file_ref idref="fl-e8"/>
      </object_component>
      <object_component id="oc-1d2">
         <name>.debug_info</name>
         <load_address>0xe56f</load_address>
         <run_address>0xe56f</run_address>
         <size>0x1cc</size>
         <input_file_ref idref="fl-e8"/>
      </object_component>
      <object_component id="oc-109">
         <name>.debug_info</name>
         <load_address>0xe73b</load_address>
         <run_address>0xe73b</run_address>
         <size>0x28f</size>
         <input_file_ref idref="fl-e8"/>
      </object_component>
      <object_component id="oc-1bf">
         <name>.debug_info</name>
         <load_address>0xe9ca</load_address>
         <run_address>0xe9ca</run_address>
         <size>0x1cb</size>
         <input_file_ref idref="fl-e8"/>
      </object_component>
      <object_component id="oc-1c5">
         <name>.debug_info</name>
         <load_address>0xeb95</load_address>
         <run_address>0xeb95</run_address>
         <size>0x1e0</size>
         <input_file_ref idref="fl-e8"/>
      </object_component>
      <object_component id="oc-2a9">
         <name>.debug_info</name>
         <load_address>0xed75</load_address>
         <run_address>0xed75</run_address>
         <size>0x17b</size>
         <input_file_ref idref="fl-e9"/>
      </object_component>
      <object_component id="oc-22b">
         <name>.debug_info</name>
         <load_address>0xeef0</load_address>
         <run_address>0xeef0</run_address>
         <size>0x1bb</size>
         <input_file_ref idref="fl-e9"/>
      </object_component>
      <object_component id="oc-231">
         <name>.debug_info</name>
         <load_address>0xf0ab</load_address>
         <run_address>0xf0ab</run_address>
         <size>0x1bd</size>
         <input_file_ref idref="fl-e9"/>
      </object_component>
      <object_component id="oc-1fb">
         <name>.debug_info</name>
         <load_address>0xf268</load_address>
         <run_address>0xf268</run_address>
         <size>0x1c5</size>
         <input_file_ref idref="fl-e9"/>
      </object_component>
      <object_component id="oc-201">
         <name>.debug_info</name>
         <load_address>0xf42d</load_address>
         <run_address>0xf42d</run_address>
         <size>0x1f7</size>
         <input_file_ref idref="fl-e9"/>
      </object_component>
      <object_component id="oc-225">
         <name>.debug_info</name>
         <load_address>0xf624</load_address>
         <run_address>0xf624</run_address>
         <size>0x1ef</size>
         <input_file_ref idref="fl-e9"/>
      </object_component>
      <object_component id="oc-eb">
         <name>.debug_info</name>
         <load_address>0xf813</load_address>
         <run_address>0xf813</run_address>
         <size>0x1c6</size>
         <input_file_ref idref="fl-e9"/>
      </object_component>
      <object_component id="oc-f1">
         <name>.debug_info</name>
         <load_address>0xf9d9</load_address>
         <run_address>0xf9d9</run_address>
         <size>0x1f1</size>
         <input_file_ref idref="fl-e9"/>
      </object_component>
      <object_component id="oc-20d">
[...]
      </symbol>
      <symbol id="sm-131">
         <name>InitTerm</name>
         <value>0x20005d01</value>
         <object_component_ref idref="oc-d8"/>
      </symbol>
      <symbol id="sm-132">
         <name>ClearTerm</name>
         <value>0x20005d41</value>
         <object_component_ref idref="oc-d8"/>
      </symbol>
      <symbol id="sm-133">
         <name>TrimSpace</name>
         <value>0x20005e29</value>
         <object_component_ref idref="oc-d8"/>
      </symbol>
      <symbol id="sm-143">
         <name>_c_int00</name>
         <value>0x2000753d</value>
         <object_component_ref idref="oc-24"/>
      </symbol>
      <symbol id="sm-144">
         <name>__stack</name>
         <value>0x2003f800</value>
         <object_component_ref idref="oc-29"/>
      </symbol>
      <symbol id="sm-162">
         <name>__TI_decompress_lzss</name>
         <value>0x20007179</value>
         <object_component_ref idref="oc-12"/>
      </symbol>
      <symbol id="sm-179">
         <name>__TI_decompress_none</name>
         <value>0x20007a33</value>
         <object_component_ref idref="oc-18"/>
      </symbol>
      <symbol id="sm-190">
         <name>__TI_zero_init</name>
         <value>0x20007a4f</value>
         <object_component_ref idref="oc-1e"/>
      </symbol>
      <symbol id="sm-1b1">
         <name>C$$EXIT</name>
         <value>0x200072e9</value>
         <object_component_ref idref="oc-71"/>
      </symbol>
      <symbol id="sm-1b2">
         <name>abort</name>
         <value>0x200072ed</value>
         <object_component_ref idref="oc-71"/>
      </symbol>
      <symbol id="sm-1b3">
         <name>exit</name>
         <value>0x200072f5</value>
         <object_component_ref idref="oc-71"/>
      </symbol>
      <symbol id="sm-1b4">
         <name>__TI_dtors_ptr</name>
         <value>0x2001dcb4</value>
         <object_component_ref idref="oc-b0"/>
      </symbol>
      <symbol id="sm-1b5">
         <name>__TI_cleanup_ptr</name>
         <value>0x2001dcb0</value>
         <object_component_ref idref="oc-b0"/>
      </symbol>
      <symbol id="sm-1b6">
         <name>__TI_enable_exit_profile_output</name>
         <value>0x2001dcb8</value>
         <object_component_ref idref="oc-b0"/>
      </symbol>
      <symbol id="sm-1d1">
         <name>memcpy</name>
         <value>0x20006b71</value>
         <object_component_ref idref="oc-41"/>
      </symbol>
      <symbol id="sm-1d2">
         <name>__aeabi_memcpy</name>
         <value>0x20006b71</value>
         <object_component_ref idref="oc-41"/>
      </symbol>
      <symbol id="sm-1d3">
         <name>__aeabi_memcpy8</name>
         <value>0x20006b71</value>
         <object_component_ref idref="oc-41"/>
      </symbol>
      <symbol id="sm-1d4">
         <name>__aeabi_memcpy4</name>
         <value>0x20006b71</value>
         <object_component_ref idref="oc-41"/>
      </symbol>
      <symbol id="sm-1e4">
         <name>memmove</name>
         <value>0x20007771</value>
         <object_component_ref idref="oc-188"/>
      </symbol>
      <symbol id="sm-258">
         <name>_sys_memory</name>
         <value>0x2001d000</value>
         <object_component_ref idref="oc-2a"/>
      </symbol>
      <symbol id="sm-259">
         <name>free</name>
         <value>0x20005a1b</value>
         <object_component_ref idref="oc-18e"/>
      </symbol>
      <symbol id="sm-25a">
         <name>realloc</name>
         <value>0x20005add</value>
         <object_component_ref idref="oc-18e"/>
      </symbol>
      <symbol id="sm-25b">
         <name>memalign</name>
         <value>0x20005be5</value>
         <object_component_ref idref="oc-18e"/>
      </symbol>
      <symbol id="sm-25c">
         <name>calloc</name>
         <value>0x20005cd1</value>
         <object_component_ref idref="oc-18e"/>
      </symbol>
      <symbol id="sm-25d">
         <name>malloc</name>
         <value>0x200059b1</value>
         <object_component_ref idref="oc-18e"/>
      </symbol>
      <symbol id="sm-25e">
         <name>minit</name>
         <value>0x20005931</value>
         <object_component_ref idref="oc-18e"/>
      </symbol>
      <symbol id="sm-26d">
         <name>__aeabi_memset</name>
         <value>0x20006f41</value>
         <object_component_ref idref="oc-4d"/>
      </symbol>
      <symbol id="sm-26e">
         <name>memset</name>
         <value>0x20006f47</value>
         <object_component_ref idref="oc-4d"/>
      </symbol>
      <symbol id="sm-26f">
         <name>__aeabi_memset8</name>
         <value>0x20006f41</value>
         <object_component_ref idref="oc-4d"/>
      </symbol>
      <symbol id="sm-270">
         <name>__aeabi_memset4</name>
         <value>0x20006f41</value>
         <object_component_ref idref="oc-4d"/>
      </symbol>
      <symbol id="sm-271">
         <name>__aeabi_memclr8</name>
         <value>0x20006f3f</value>
         <object_component_ref idref="oc-4d"/>
      </symbol>
      <symbol id="sm-272">
         <name>__aeabi_memclr4</name>
         <value>0x20006f3f</value>
         <object_component_ref idref="oc-4d"/>
      </symbol>
      <symbol id="sm-273">
         <name>__aeabi_memclr</name>
         <value>0x20006f3f</value>
         <object_component_ref idref="oc-4d"/>
      </symbol>
      <symbol id="sm-27d">
         <name>__mpu_init</name>
         <value>0x2000632b</value>
         <object_component_ref idref="oc-59"/>
      </symbol>
      <symbol id="sm-287">
         <name>_system_pre_init</name>
         <value>0x20007a73</value>
         <object_component_ref idref="oc-5f"/>
      </symbol>
      <symbol id="sm-28f">
         <name>main_func_sp</name>
         <value>0x2001dcd4</value>
         <object_component_ref idref="oc-77"/>
      </symbol>
      <symbol id="sm-29d">
         <name>strlen</name>
         <value>0x20007a0d</value>
         <object_component_ref idref="oc-182"/>
      </symbol>
      <symbol id="sm-2be">
         <name>vsnprintf</name>
         <value>0x20006d29</value>
         <object_component_ref idref="oc-170"/>
      </symbol>
      <symbol id="sm-2d7">
         <name>_nop</name>
         <value>0x20007a07</value>
         <object_component_ref idref="oc-146"/>
      </symbol>
      <symbol id="sm-2d8">
         <name>_lock</name>
         <value>0x2001dcc8</value>
         <object_component_ref idref="oc-b3"/>
      </symbol>
      <symbol id="sm-2d9">
         <name>_unlock</name>
         <value>0x2001dccc</value>
         <object_component_ref idref="oc-b3"/>
      </symbol>
      <symbol id="sm-2da">
         <name>_register_lock</name>
         <value>0x200079ff</value>
         <object_component_ref idref="oc-146"/>
      </symbol>
      <symbol id="sm-2db">
         <name>_register_unlock</name>
         <value>0x200079f9</value>
         <object_component_ref idref="oc-146"/>
      </symbol>
      <symbol id="sm-3dc">
         <name>__TI_printfi</name>
         <value>0x20004c39</value>
         <object_component_ref idref="oc-266"/>
      </symbol>
      <symbol id="sm-3f0">
         <name>_args_main</name>
         <value>0x20007961</value>
         <object_component_ref idref="oc-6b"/>
      </symbol>
      <symbol id="sm-406">
         <name>atoi</name>
         <value>0x20007391</value>
         <object_component_ref idref="oc-306"/>
      </symbol>
      <symbol id="sm-430">
         <name>__TI_auto_init</name>
         <value>0x200070a1</value>
         <object_component_ref idref="oc-65"/>
      </symbol>
      <symbol id="sm-44a">
         <name>copy_in</name>
         <value>0x200073dd</value>
         <object_component_ref idref="oc-9a"/>
      </symbol>
      <symbol id="sm-455">
         <name>_ctypes_</name>
         <value>0x20007a78</value>
         <object_component_ref idref="oc-35f"/>
      </symbol>
      <symbol id="sm-46c">
         <name>__aeabi_dsub</name>
         <value>0x20006175</value>
         <object_component_ref idref="oc-2ef"/>
      </symbol>
      <symbol id="sm-46d">
         <name>__aeabi_dadd</name>
         <value>0x2000617f</value>
         <object_component_ref idref="oc-2ef"/>
      </symbol>
      <symbol id="sm-48f">
         <name>__aeabi_cdcmpeq</name>
         <value>0x20006db1</value>
         <object_component_ref idref="oc-2cb"/>
      </symbol>
      <symbol id="sm-490">
         <name>__aeabi_cdcmple</name>
         <value>0x20006db1</value>
         <object_component_ref idref="oc-2cb"/>
      </symbol>
      <symbol id="sm-491">
         <name>__aeabi_cdrcmple</name>
         <value>0x20006e37</value>
         <object_component_ref idref="oc-2da"/>
      </symbol>
      <symbol id="sm-4a5">
         <name>__aeabi_ddiv</name>
         <value>0x2000663d</value>
         <object_component_ref idref="oc-2d5"/>
      </symbol>
      <symbol id="sm-4b0">
         <name>__aeabi_dmul</name>
         <value>0x20006773</value>
         <object_component_ref idref="oc-2d0"/>
      </symbol>
      <symbol id="sm-4ba">
         <name>__aeabi_d2iz</name>
         <value>0x20007471</value>
         <object_component_ref idref="oc-2df"/>
      </symbol>
      <symbol id="sm-4c4">
         <name>__aeabi_i2d</name>
         <value>0x20007651</value>
         <object_component_ref idref="oc-2ea"/>
      </symbol>
      <symbol id="sm-4d3">
         <name>ltoa</name>
         <value>0x2000733d</value>
         <object_component_ref idref="oc-2e4"/>
      </symbol>
      <symbol id="sm-4e3">
         <name>memccpy</name>
         <value>0x200078c7</value>
         <object_component_ref idref="oc-30c"/>
      </symbol>
      <symbol id="sm-4fe">
         <name>frexpl</name>
         <value>0x200071e1</value>
         <object_component_ref idref="oc-2f4"/>
      </symbol>
      <symbol id="sm-4ff">
         <name>frexp</name>
         <value>0x200071e1</value>
         <object_component_ref idref="oc-2f4"/>
      </symbol>
      <symbol id="sm-51d">
         <name>scalbn</name>
         <value>0x20006951</value>
         <object_component_ref idref="oc-2fa"/>
      </symbol>
      <symbol id="sm-51e">
         <name>scalbnl</name>
         <value>0x20006951</value>
         <object_component_ref idref="oc-2fa"/>
      </symbol>
      <symbol id="sm-51f">
         <name>ldexpl</name>
         <value>0x20006951</value>
         <object_component_ref idref="oc-2fa"/>
      </symbol>
      <symbol id="sm-520">
         <name>ldexp</name>
         <value>0x20006951</value>
         <object_component_ref idref="oc-2fa"/>
      </symbol>
      <symbol id="sm-52a">
         <name>_system_post_cinit</name>
         <value>0x2000702f</value>
         <object_component_ref idref="oc-a0"/>
      </symbol>
      <symbol id="sm-53a">
         <name>strchr</name>
         <value>0x200079a5</value>
         <object_component_ref idref="oc-300"/>
      </symbol>
      <symbol id="sm-556">
         <name>__aeabi_uldivmod</name>
         <value>0x20005f81</value>
         <object_component_ref idref="oc-2c6"/>
      </symbol>
      <symbol id="sm-55e">
         <name>errno</name>
         <value>0x2001dcd0</value>
         <object_component_ref idref="oc-358"/>
      </symbol>
      <symbol id="sm-568">
         <name>copysign</name>
         <value>0x20007a65</value>
         <object_component_ref idref="oc-352"/>
      </symbol>
      <symbol id="sm-569">
         <name>copysignl</name>
         <value>0x20007a65</value>
         <object_component_ref idref="oc-352"/>
      </symbol>
      <symbol id="sm-5b9">
         <name>GPIOIntRegister</name>
         <value>0x200077f9</value>
         <object_component_ref idref="oc-120"/>
      </symbol>
      <symbol id="sm-5ba">
         <name>GPIOIntEnable</name>
         <value>0x200078e3</value>
         <object_component_ref idref="oc-12c"/>
      </symbol>
      <symbol id="sm-5bb">
         <name>GPIOIntTypeSet</name>
         <value>0x20006ebd</value>
         <object_component_ref idref="oc-126"/>
      </symbol>
      <symbol id="sm-5bc">
         <name>GPIOIntClear</name>
         <value>0x200079cf</value>
         <object_component_ref idref="oc-e4"/>
      </symbol>
      <symbol id="sm-5bd">
         <name>GPIOIntStatus</name>
         <value>0x20007795</value>
         <object_component_ref idref="oc-de"/>
      </symbol>
      <symbol id="sm-5be">
         <name>GPIODirModeSet</name>
         <value>0x200075b9</value>
         <object_component_ref idref="oc-1ed"/>
      </symbol>
      <symbol id="sm-636">
         <name>IntPrioritySet</name>
         <value>0x20007295</value>
         <object_component_ref idref="oc-206"/>
      </symbol>
      <symbol id="sm-637">
         <name>IntVTableBaseSet</name>
         <value>0x200079e5</value>
         <object_component_ref idref="oc-f6"/>
      </symbol>
      <symbol id="sm-638">
         <name>IntEnable</name>
         <value>0x20006ac9</value>
         <object_component_ref idref="oc-102"/>
      </symbol>
      <symbol id="sm-639">
         <name>IntDisable</name>
         <value>0x20006a21</value>
         <object_component_ref idref="oc-2b1"/>
      </symbol>
      <symbol id="sm-63a">
         <name>IntRegister</name>
         <value>0x200077d9</value>
         <object_component_ref idref="oc-24a"/>
      </symbol>
      <symbol id="sm-63b">
         <name>IntUnregister</name>
         <value>0x20007729</value>
         <object_component_ref idref="oc-2b7"/>
      </symbol>
      <symbol id="sm-63c">
         <name>IntMasterEnable</name>
         <value>0x20007a5b</value>
         <object_component_ref idref="oc-fc"/>
      </symbol>
      <symbol id="sm-673">
         <name>PinTypeUART</name>
         <value>0x200078fd</value>
         <object_component_ref idref="oc-1f3"/>
      </symbol>
      <symbol id="sm-674">
         <name>PinTypeGPIO</name>
         <value>0x200075ef</value>
         <object_component_ref idref="oc-1e7"/>
      </symbol>
      <symbol id="sm-675">
         <name>PinConfigSet</name>
         <value>0x20006ca1</value>
         <object_component_ref idref="oc-299"/>
      </symbol>
      <symbol id="sm-676">
         <name>PinModeSet</name>
         <value>0x200074fd</value>
         <object_component_ref idref="oc-1e1"/>
      </symbol>
      <symbol id="sm-6fc">
         <name>PRCMPeripheralReset</name>
         <value>0x2000723d</value>
         <object_component_ref idref="oc-1d0"/>
      </symbol>
      <symbol id="sm-6fd">
         <name>PRCMPeripheralClkEnable</name>
         <value>0x2000757d</value>
         <object_component_ref idref="oc-1ca"/>
      </symbol>
      <symbol id="sm-6fe">
         <name>PRCMPeripheralClockGet</name>
         <value>0x20006c0d</value>
         <object_component_ref idref="oc-15e"/>
      </symbol>
      <symbol id="sm-6ff">
         <name>PRCMCC3200MCUInit</name>
         <value>0x200064c5</value>
         <object_component_ref idref="oc-108"/>
      </symbol>
      <symbol id="sm-700">
         <name>PRCMHIBRegWrite</name>
         <value>0x2000798f</value>
         <object_component_ref idref="oc-1c4"/>
      </symbol>
      <symbol id="sm-701">
         <name>PRCMSysResetCauseGet</name>
         <value>0x20007681</value>
         <object_component_ref idref="oc-1b8"/>
      </symbol>
      <symbol id="sm-702">
         <name>PRCMPeripheralClkDisable</name>
         <value>0x20007701</value>
         <object_component_ref idref="oc-1d6"/>
      </symbol>
      <symbol id="sm-703">
         <name>PRCMHIBRegRead</name>
         <value>0x20007979</value>
         <object_component_ref idref="oc-1be"/>
      </symbol>
      <symbol id="sm-791">
         <name>TimerLoadSet</name>
         <value>0x200076ad</value>
         <object_component_ref idref="oc-224"/>
      </symbol>
      <symbol id="sm-792">
         <name>TimerDisable</name>
         <value>0x20007817</value>
         <object_component_ref idref="oc-230"/>
      </symbol>
      <symbol id="sm-793">
         <name>TimerValueSet</name>
         <value>0x200077b7</value>
         <object_component_ref idref="oc-f0"/>
      </symbol>
      <symbol id="sm-794">
         <name>TimerIntRegister</name>
         <value>0x20007031</value>
         <object_component_ref idref="oc-20c"/>
      </symbol>
      <symbol id="sm-795">
         <name>TimerEnable</name>
         <value>0x20007835</value>
         <object_component_ref idref="oc-22a"/>
      </symbol>
      <symbol id="sm-796">
         <name>TimerIntUnregister</name>
         <value>0x20007111</value>
         <object_component_ref idref="oc-23c"/>
      </symbol>
      <symbol id="sm-797">
         <name>TimerIntStatus</name>
         <value>0x20007853</value>
         <object_component_ref idref="oc-218"/>
      </symbol>
      <symbol id="sm-798">
         <name>TimerIntDisable</name>
         <value>0x20007917</value>
         <object_component_ref idref="oc-236"/>
      </symbol>
      <symbol id="sm-799">
         <name>TimerValueGet</name>
         <value>0x2000788f</value>
         <object_component_ref idref="oc-ea"/>
      </symbol>
      <symbol id="sm-79a">
         <name>TimerPrescaleSet</name>
         <value>0x200076d7</value>
         <object_component_ref idref="oc-200"/>
      </symbol>
      <symbol id="sm-79b">
         <name>TimerIntEnable</name>
         <value>0x2000792f</value>
         <object_component_ref idref="oc-212"/>
      </symbol>
      <symbol id="sm-79c">
         <name>TimerConfigure</name>
         <value>0x200074b9</value>
         <object_component_ref idref="oc-1fa"/>
      </symbol>
      <symbol id="sm-79d">
         <name>TimerIntClear</name>
         <value>0x20007a21</value>
         <object_component_ref idref="oc-21e"/>
      </symbol>
      <symbol id="sm-7d9">
         <name>UARTConfigSetExpClk</name>
         <value>0x20006fb9</value>
         <object_component_ref idref="oc-164"/>
      </symbol>
      <symbol id="sm-7da">
         <name>UARTDisable</name>
         <value>0x20007621</value>
         <object_component_ref idref="oc-258"/>
      </symbol>
      <symbol id="sm-7db">
         <name>UARTCharsAvail</name>
         <value>0x20007947</value>
         <object_component_ref idref="oc-176"/>
      </symbol>
      <symbol id="sm-7dc">
         <name>UARTCharGetNonBlocking</name>
         <value>0x200078ab</value>
         <object_component_ref idref="oc-17c"/>
      </symbol>
      <symbol id="sm-7dd">
         <name>UARTCharPut</name>
         <value>0x20007871</value>
         <object_component_ref idref="oc-16a"/>
      </symbol>
      <symbol id="sm-7de">
         <name>UARTEnable</name>
         <value>0x2000774d</value>
         <object_component_ref idref="oc-25e"/>
      </symbol>
      <symbol id="sm-7e2">
         <name>UtilsDelay</name>
         <value>0x20007a6d</value>
         <object_component_ref idref="oc-28b"/>
      </symbol>
      <symbol id="sm-7ec">
         <name>CPUcpsie</name>
         <value>0x200079bb</value>
         <object_component_ref idref="oc-1ad"/>
      </symbol>
      <symbol id="sm-7ee">
         <name>__TI_static_base__</name>
         <value>0x20007e78</value>
      </symbol>
      <symbol id="sm-7f1">
         <name>SHT$$INIT_ARRAY$$Limit</name>
         <value>0x0</value>
      </symbol>
      <symbol id="sm-7f2">
         <name>SHT$$INIT_ARRAY$$Base</name>
         <value>0x0</value>
      </symbol>
   </symbol_table>
   <title>Link successful</title>
</link_info>
