******************************************************************************
                  TI ARM Linker PC v16.9.1                     
******************************************************************************
>> Linked Mon May 01 15:33:58 2017

OUTPUT FILE NAME:   <int_sw.out>
ENTRY POINT SYMBOL: "_c_int00"  address: 200071ed


MEMORY CONFIGURATION

         name            origin    length      used     unused   attr    fill
----------------------  --------  ---------  --------  --------  ----  --------
  SRAM_CODE             20004000   00019000  000039f8  00015608  RW X
  SRAM_DATA             2001d000   00023000  00001065  00021f9b  RW X


SEGMENT ALLOCATION MAP

run origin  load origin   length   init length attrs members
----------  ----------- ---------- ----------- ----- -------
20004000    20004000    000039f8   000039f8    r-x
  20004000    20004000    00000400   00000400    r-- .intvecs
  20004400    20004400    00003284   00003284    r-x .text
  20007684    20007684    0000032c   0000032c    r-- .const
  200079b0    200079b0    00000048   00000048    r-- .cinit
2001d000    2001d000    00000865   00000000    rw-
  2001d000    2001d000    00000800   00000000    rw- .sysmem
  2001d800    2001d800    00000054   00000000    rw- .data
  2001d854    2001d854    00000011   00000000    rw- .bss
2003f800    2003f800    00000800   00000000    rw-
  2003f800    2003f800    00000800   00000000    rw- .stack


SECTION ALLOCATION MAP

 output                                  attributes/
section   page    origin      length       input sections
--------  ----  ----------  ----------   ----------------
.intvecs   0    20004000    00000400     
                  20004000    00000400     startup_ccs.obj (.intvecs)

.init_array 
*          0    20004000    00000000     UNINITIALIZED

.text      0    20004400    00003284     
                  20004400    00001122     rtsv7M4_T_le_eabi.lib : _printfi.obj (.text)
                  20005522    00000002                           : mpu_init.obj (.text)
                  20005524    00000428     main.obj (.text)
                  2000594c    000003d0     rtsv7M4_T_le_eabi.lib : memory.obj (.text)
                  20005d1c    00000280     uart_if.obj (.text)
                  20005f9c    000001f4     rtsv7M4_T_le_eabi.lib : ull_div_t2.obj (.text)
                  20006190    000001b6                           : fd_add_t2.obj (.text)
                  20006346    00000002                           : startup.obj (.text)
                  20006348    00000178     driverlib.a : prcm.obj (.text:PRCMCC3200MCUInit)
                  200064c0    00000136     rtsv7M4_T_le_eabi.lib : fd_div_t2.obj (.text)
                  200065f6    000000fc                           : fd_mul_t2.obj (.text)
                  200066f2    000000e2     pin_mux_config.obj (.text)
                  200067d4    000000d0     rtsv7M4_T_le_eabi.lib : s_scalbn.obj (.text)
                  200068a4    000000a8     driverlib.a : interrupt.obj (.text:IntEnable)
                  2000694c    0000009c     rtsv7M4_T_le_eabi.lib : memcpy_t2.obj (.text)
                  200069e8    00000094     driverlib.a : prcm.obj (.text:PRCMPeripheralClockGet)
                  20006a7c    00000088                 : pin.obj (.text:PinConfigSet)
                  20006b04    00000088     rtsv7M4_T_le_eabi.lib : vsnprintf.obj (.text)
                  20006b8c    00000086                           : fd_cmp_t2.obj (.text:__aeabi_cdcmple)
                  20006c12    00000086                           : fd_cmp_t2.obj (.text:__aeabi_cdrcmple)
                  20006c98    00000082     driverlib.a : gpio.obj (.text:GPIOIntTypeSet)
                  20006d1a    0000007a     rtsv7M4_T_le_eabi.lib : memset_t2.obj (.text)
                  20006d94    00000076     driverlib.a : uart.obj (.text:UARTConfigSetExpClk)
                  20006e0a    00000002     --HOLE-- [fill = 0]
                  20006e0c    00000070     rtsv7M4_T_le_eabi.lib : autoinit.obj (.text)
                  20006e7c    00000068                           : copy_decompress_lzss.obj (.text:decompress:lzss)
                  20006ee4    0000005c                           : s_frexp.obj (.text)
                  20006f40    00000058     driverlib.a : prcm.obj (.text:PRCMPeripheralReset)
                  20006f98    00000054     rtsv7M4_T_le_eabi.lib : exit.obj (.text)
                  20006fec    00000054                           : ltoa.obj (.text)
                  20007040    0000004c                           : atoi.obj (.text)
                  2000708c    0000004c                           : cpy_tbl.obj (.text)
                  200070d8    00000048     driverlib.a : gpio.obj (.text:GPIOGetIntNumber)
                  20007120    00000048     rtsv7M4_T_le_eabi.lib : fd_toi_t2.obj (.text)
                  20007168    00000044     driverlib.a : timer.obj (.text:TimerConfigure)
                  200071ac    00000040                 : pin.obj (.text:PinModeSet)
                  200071ec    00000040     rtsv7M4_T_le_eabi.lib : boot.obj (.text)
                  2000722c    0000003c     driverlib.a : prcm.obj (.text:PRCMPeripheralClkEnable)
                  20007268    00000036                 : gpio.obj (.text:GPIODirModeSet)
                  2000729e    00000030                 : pin.obj (.text:PinTypeGPIO)
                  200072ce    00000002     --HOLE-- [fill = 0]
                  200072d0    00000030                 : timer.obj (.text:TimerControlEvent)
                  20007300    00000030                 : uart.obj (.text:UARTDisable)
                  20007330    0000002e     rtsv7M4_T_le_eabi.lib : i_tofd_t2.obj (.text)
                  2000735e    00000002     --HOLE-- [fill = 0]
                  20007360    0000002c     driverlib.a : prcm.obj (.text:PRCMSysResetCauseGet)
                  2000738c    0000002a                 : timer.obj (.text:TimerLoadSet)
                  200073b6    00000002     --HOLE-- [fill = 0]
                  200073b8    00000028                 : prcm.obj (.text:PRCMPeripheralClkDisable)
                  200073e0    00000024                 : uart.obj (.text:UARTEnable)
                  20007404    00000024     rtsv7M4_T_le_eabi.lib : memmov.obj (.text)
                  20007428    00000022     driverlib.a : gpio.obj (.text:GPIOIntStatus)
                  2000744a    00000002     --HOLE-- [fill = 0]
                  2000744c    00000020                 : interrupt.obj (.text:IntRegister)
                  2000746c    0000001e                 : gpio.obj (.text:GPIOIntRegister)
                  2000748a    0000001e                 : timer.obj (.text:TimerEnable)
                  200074a8    0000001e                 : uart.obj (.text:UARTCharPut)
                  200074c6    0000001c                 : timer.obj (.text:TimerValueGet)
                  200074e2    0000001c                 : uart.obj (.text:UARTCharGetNonBlocking)
                  200074fe    0000001c     rtsv7M4_T_le_eabi.lib : memccpy.obj (.text)
                  2000751a    0000001a     driverlib.a : gpio.obj (.text:GPIOIntEnable)
                  20007534    0000001a                 : pin.obj (.text:PinTypeUART)
                  2000754e    00000018                 : timer.obj (.text:TimerIntEnable)
                  20007566    00000018                 : uart.obj (.text:UARTCharsAvail)
                  2000757e    00000002     --HOLE-- [fill = 0]
                  20007580    00000018     rtsv7M4_T_le_eabi.lib : args_main.obj (.text)
                  20007598    00000016     driverlib.a : prcm.obj (.text:PRCMHIBRegRead)
                  200075ae    00000016                 : prcm.obj (.text:PRCMHIBRegWrite)
                  200075c4    00000016     rtsv7M4_T_le_eabi.lib : strchr.obj (.text)
                  200075da    00000014     driverlib.a : cpu.obj (.text:CPUcpsie)
                  200075ee    00000014                 : gpio.obj (.text:GPIOIntClear)
                  20007602    00000002     --HOLE-- [fill = 0]
                  20007604    00000014                 : interrupt.obj (.text:IntVTableBaseSet)
                  20007618    00000014     rtsv7M4_T_le_eabi.lib : _lock.obj (.text)
                  2000762c    00000014                           : strlen.obj (.text)
                  20007640    0000000e                           : copy_decompress_none.obj (.text:decompress:none)
                  2000764e    0000000e     startup_ccs.obj (.text)
                  2000765c    0000000c     rtsv7M4_T_le_eabi.lib : copy_zero_init.obj (.text:decompress:ZI)
                  20007668    0000000a     driverlib.a : interrupt.obj (.text:IntMasterEnable)
                  20007672    00000008     rtsv7M4_T_le_eabi.lib : s_copysign.obj (.text)
                  2000767a    00000006     driverlib.a : utils.obj (.text:UtilsDelay)
                  20007680    00000004     rtsv7M4_T_le_eabi.lib : pre_init.obj (.text)

.const     0    20007684    0000032c     
                  20007684    00000101     rtsv7M4_T_le_eabi.lib : ctype.obj (.const:.string:_ctypes_)
                  20007785    00000003     --HOLE-- [fill = 0]
                  20007788    00000100     driverlib.a : pin.obj (.const:g_ulPinToPadMap)
                  20007888    000000a8                 : prcm.obj (.const:PRCM_PeriphRegsList)
                  20007930    00000080                 : interrupt.obj (.const)

.cinit     0    200079b0    00000048     
                  200079b0    0000001d     (.cinit..data.load) [load image, compression = lzss]
                  200079cd    00000003     --HOLE-- [fill = 0]
                  200079d0    0000000c     (__TI_handler_table)
                  200079dc    00000004     --HOLE-- [fill = 0]
                  200079e0    00000008     (.cinit..bss.load) [load image, compression = zero_init]
                  200079e8    00000010     (__TI_cinit_table)

.sysmem    0    2001d000    00000800     UNINITIALIZED
                  2001d000    00000008     rtsv7M4_T_le_eabi.lib : memory.obj (.sysmem)
                  2001d008    000007f8     --HOLE--

.data      0    2001d800    00000054     UNINITIALIZED
                  2001d800    0000002c     main.obj (.data)
                  2001d82c    0000000c     rtsv7M4_T_le_eabi.lib : exit.obj (.data:$O1$$)
                  2001d838    0000000c                           : memory.obj (.data:$O1$$)
                  2001d844    00000008                           : _lock.obj (.data:$O1$$)
                  2001d84c    00000004                           : errno.obj (.data)
                  2001d850    00000004                           : stkdepth_vars.obj (.data)

.bss       0    2001d854    00000011     UNINITIALIZED
                  2001d854    00000004     uart_if.obj (.bss)
                  2001d858    00000004     (.common:SW2_intcount)
                  2001d85c    00000004     (.common:SW3_intcount)
                  2001d860    00000004     (.common:pin_intcount)
                  2001d864    00000001     (.common:pin_intflag)

.stack     0    2003f800    00000800     UNINITIALIZED
                  2003f800    00000800     --HOLE--

MODULE SUMMARY

       Module                     code    ro data   rw data
       ------                     ----    -------   -------
    .\
       main.obj                   1064    0         57     
       startup_ccs.obj            14      1024      0      
       uart_if.obj                640     0         4      
       pin_mux_config.obj         226     0         0      
    +--+--------------------------+-------+---------+---------+
       Total:                     1944    1024      61     
                                                           
    C:/ti/CC3200SDK_1.3.0/cc3200-sdk/driverlib/ccs/Release/driverlib.a
       prcm.obj                   800     168       0      
       pin.obj                    274     256       0      
       gpio.obj                   366     0         0      
       interrupt.obj              230     128       0      
       uart.obj                   284     0         0      
       timer.obj                  240     0         0      
       cpu.obj                    20      0         0      
       utils.obj                  6       0         0      
    +--+--------------------------+-------+---------+---------+
       Total:                     2220    552       0      
                                                           
    C:\ti\ccsv7\tools\compiler\ti-cgt-arm_16.9.1.LTS\lib\rtsv7M4_T_le_eabi.lib
       _printfi.obj               4386    0         0      
       memory.obj                 976     0         12     
       ull_div_t2.obj             500     0         0      
       fd_add_t2.obj              438     0         0      
       fd_div_t2.obj              310     0         0      
       fd_cmp_t2.obj              268     0         0      
       ctype.obj                  0       257       0      
       fd_mul_t2.obj              252     0         0      
       s_scalbn.obj               208     0         0      
       memcpy_t2.obj              156     0         0      
       vsnprintf.obj              136     0         0      
       memset_t2.obj              122     0         0      
       autoinit.obj               112     0         0      
       copy_decompress_lzss.obj   104     0         0      
       exit.obj                   84      0         12     
       s_frexp.obj                92      0         0      
       ltoa.obj                   84      0         0      
       atoi.obj                   76      0         0      
       cpy_tbl.obj                76      0         0      
       fd_toi_t2.obj              72      0         0      
       boot.obj                   64      0         0      
       i_tofd_t2.obj              46      0         0      
       memmov.obj                 36      0         0      
       _lock.obj                  20      0         8      
       memccpy.obj                28      0         0      
       args_main.obj              24      0         0      
       strchr.obj                 22      0         0      
       strlen.obj                 20      0         0      
       copy_decompress_none.obj   14      0         0      
       copy_zero_init.obj         12      0         0      
       s_copysign.obj             8       0         0      
       errno.obj                  0       0         4      
       pre_init.obj               4       0         0      
       stkdepth_vars.obj          0       0         4      
       mpu_init.obj               2       0         0      
       startup.obj                2       0         0      
    +--+--------------------------+-------+---------+---------+
       Total:                     8754    257       40     
                                                           
       Heap:                      0       0         2048   
       Stack:                     0       0         2048   
       Linker Generated:          0       65        0      
    +--+--------------------------+-------+---------+---------+
       Grand Total:               12918   1898      4197   


LINKER GENERATED COPY TABLES

__TI_cinit_table @ 200079e8 records: 2, size/record: 8, table size: 16
	.data: load addr=200079b0, load size=0000001d bytes, run addr=2001d800, run size=00000054 bytes, compression=lzss
	.bss: load addr=200079e0, load size=00000008 bytes, run addr=2001d854, run size=00000011 bytes, compression=zero_init


LINKER GENERATED HANDLER TABLE

__TI_handler_table @ 200079d0 records: 3, size/record: 4, table size: 12
	index: 0, handler: __TI_decompress_lzss
	index: 1, handler: __TI_decompress_none
	index: 2, handler: __TI_zero_init


GLOBAL SYMBOLS: SORTED ALPHABETICALLY BY Name 

address   name                           
-------   ----                           
20006f99  C$$EXIT                        
200075db  CPUcpsie                       
20005d5d  ClearTerm                      
20005d67  Error                          
20007269  GPIODirModeSet                 
200075ef  GPIOIntClear                   
2000751b  GPIOIntEnable                  
2000746d  GPIOIntRegister                
20007429  GPIOIntStatus                  
20006c99  GPIOIntTypeSet                 
20005d9f  GetCmd                         
20005d1d  InitTerm                       
200068a5  IntEnable                      
20007669  IntMasterEnable                
2000744d  IntRegister                    
20007605  IntVTableBaseSet               
20005d3b  Message                        
20006349  PRCMCC3200MCUInit              
20007599  PRCMHIBRegRead                 
200075af  PRCMHIBRegWrite                
200073b9  PRCMPeripheralClkDisable       
2000722d  PRCMPeripheralClkEnable        
200069e9  PRCMPeripheralClockGet         
20006f41  PRCMPeripheralReset            
20007361  PRCMSysResetCauseGet           
20006a7d  PinConfigSet                   
200071ad  PinModeSet                     
200066f3  PinMuxConfig                   
2000729f  PinTypeGPIO                    
20007535  PinTypeUART                    
20005edd  Report                         
2000764f  ResetISR                       
UNDEFED   SHT$$INIT_ARRAY$$Base          
UNDEFED   SHT$$INIT_ARRAY$$Limit         
2001d858  SW2_intcount                   
2001d85c  SW3_intcount                   
20007169  TimerConfigure                 
200072d1  TimerControlEvent              
2000748b  TimerEnable                    
2000754f  TimerIntEnable                 
2000738d  TimerLoadSet                   
200074c7  TimerValueGet                  
20005e45  TrimSpace                      
200074e3  UARTCharGetNonBlocking         
200074a9  UARTCharPut                    
20007567  UARTCharsAvail                 
20006d95  UARTConfigSetExpClk            
20007301  UARTDisable                    
200073e1  UARTEnable                     
2000767b  UtilsDelay                     
20040000  __STACK_END                    
00000800  __STACK_SIZE                   
00000800  __SYSMEM_SIZE                  
200079e8  __TI_CINIT_Base                
200079f8  __TI_CINIT_Limit               
200079d0  __TI_Handler_Table_Base        
200079dc  __TI_Handler_Table_Limit       
20006e0d  __TI_auto_init                 
2001d82c  __TI_cleanup_ptr               
20006e7d  __TI_decompress_lzss           
20007641  __TI_decompress_none           
2001d830  __TI_dtors_ptr                 
2001d834  __TI_enable_exit_profile_output
ffffffff  __TI_pprof_out_hndl            
20004c39  __TI_printfi                   
ffffffff  __TI_prof_data_size            
ffffffff  __TI_prof_data_start           
200079b0  __TI_static_base__             
2000765d  __TI_zero_init                 
20006b8d  __aeabi_cdcmpeq                
20006b8d  __aeabi_cdcmple                
20006c13  __aeabi_cdrcmple               
20007121  __aeabi_d2iz                   
2000619b  __aeabi_dadd                   
200064c1  __aeabi_ddiv                   
200065f7  __aeabi_dmul                   
20006191  __aeabi_dsub                   
20007331  __aeabi_i2d                    
20006d1b  __aeabi_memclr                 
20006d1b  __aeabi_memclr4                
20006d1b  __aeabi_memclr8                
2000694d  __aeabi_memcpy                 
2000694d  __aeabi_memcpy4                
2000694d  __aeabi_memcpy8                
20006d1d  __aeabi_memset                 
20006d1d  __aeabi_memset4                
20006d1d  __aeabi_memset8                
20005f9d  __aeabi_uldivmod               
ffffffff  __binit__                      
ffffffff  __c_args__                     
20005523  __mpu_init                     
2003f800  __stack                        
20007581  _args_main                     
200071ed  _c_int00                       
20007684  _ctypes_                       
2001d844  _lock                          
20007627  _nop                           
2000761f  _register_lock                 
20007619  _register_unlock               
2001d000  _sys_memory                    
20006347  _system_post_cinit             
20007681  _system_pre_init               
2001d848  _unlock                        
20006f9d  abort                          
20007041  atoi                           
2001d800  b1                             
2001d804  b2                             
2001d808  b3                             
2001d80c  b4                             
2001d810  b5                             
2001d814  b6                             
2001d818  b7                             
2001d81c  b8                             
2001d820  b9                             
ffffffff  binit                          
20005ced  calloc                         
2000708d  copy_in                        
20007673  copysign                       
20007673  copysignl                      
2001d828  enter                          
2001d84c  errno                          
20006fa5  exit                           
20005a37  free                           
20006ee5  frexp                          
20006ee5  frexpl                         
20004000  g_pfnVectors                   
200067d5  ldexp                          
200067d5  ldexpl                         
20006fed  ltoa                           
2000563d  main                           
2001d850  main_func_sp                   
200059cd  malloc                         
20005c01  memalign                       
200074ff  memccpy                        
2000694d  memcpy                         
20007405  memmove                        
20006d23  memset                         
2000594d  minit                          
2001d824  mute                           
2001d860  pin_intcount                   
2001d864  pin_intflag                    
20005577  printpattern                   
20005af9  realloc                        
200067d5  scalbn                         
200067d5  scalbnl                        
200075c5  strchr                         
2000762d  strlen                         
20006b05  vsnprintf                      


GLOBAL SYMBOLS: SORTED BY Symbol Address 

address   name                           
-------   ----                           
00000800  __STACK_SIZE                   
00000800  __SYSMEM_SIZE                  
20004000  g_pfnVectors                   
20004c39  __TI_printfi                   
20005523  __mpu_init                     
20005577  printpattern                   
2000563d  main                           
2000594d  minit                          
200059cd  malloc                         
20005a37  free                           
20005af9  realloc                        
20005c01  memalign                       
20005ced  calloc                         
20005d1d  InitTerm                       
20005d3b  Message                        
20005d5d  ClearTerm                      
20005d67  Error                          
20005d9f  GetCmd                         
20005e45  TrimSpace                      
20005edd  Report                         
20005f9d  __aeabi_uldivmod               
20006191  __aeabi_dsub                   
2000619b  __aeabi_dadd                   
20006347  _system_post_cinit             
20006349  PRCMCC3200MCUInit              
200064c1  __aeabi_ddiv                   
200065f7  __aeabi_dmul                   
200066f3  PinMuxConfig                   
200067d5  ldexp                          
200067d5  ldexpl                         
200067d5  scalbn                         
200067d5  scalbnl                        
200068a5  IntEnable                      
2000694d  __aeabi_memcpy                 
2000694d  __aeabi_memcpy4                
2000694d  __aeabi_memcpy8                
2000694d  memcpy                         
200069e9  PRCMPeripheralClockGet         
20006a7d  PinConfigSet                   
20006b05  vsnprintf                      
20006b8d  __aeabi_cdcmpeq                
20006b8d  __aeabi_cdcmple                
20006c13  __aeabi_cdrcmple               
20006c99  GPIOIntTypeSet                 
20006d1b  __aeabi_memclr                 
20006d1b  __aeabi_memclr4                
20006d1b  __aeabi_memclr8                
20006d1d  __aeabi_memset                 
20006d1d  __aeabi_memset4                
20006d1d  __aeabi_memset8                
20006d23  memset                         
20006d95  UARTConfigSetExpClk            
20006e0d  __TI_auto_init                 
20006e7d  __TI_decompress_lzss           
20006ee5  frexp                          
20006ee5  frexpl                         
20006f41  PRCMPeripheralReset            
20006f99  C$$EXIT                        
20006f9d  abort                          
20006fa5  exit                           
20006fed  ltoa                           
20007041  atoi                           
2000708d  copy_in                        
20007121  __aeabi_d2iz                   
20007169  TimerConfigure                 
200071ad  PinModeSet                     
200071ed  _c_int00                       
2000722d  PRCMPeripheralClkEnable        
20007269  GPIODirModeSet                 
2000729f  PinTypeGPIO                    
200072d1  TimerControlEvent              
20007301  UARTDisable                    
20007331  __aeabi_i2d                    
20007361  PRCMSysResetCauseGet           
2000738d  TimerLoadSet                   
200073b9  PRCMPeripheralClkDisable       
200073e1  UARTEnable                     
20007405  memmove                        
20007429  GPIOIntStatus                  
2000744d  IntRegister                    
2000746d  GPIOIntRegister                
2000748b  TimerEnable                    
200074a9  UARTCharPut                    
200074c7  TimerValueGet                  
200074e3  UARTCharGetNonBlocking         
200074ff  memccpy                        
2000751b  GPIOIntEnable                  
20007535  PinTypeUART                    
2000754f  TimerIntEnable                 
20007567  UARTCharsAvail                 
20007581  _args_main                     
20007599  PRCMHIBRegRead                 
200075af  PRCMHIBRegWrite                
200075c5  strchr                         
200075db  CPUcpsie                       
200075ef  GPIOIntClear                   
20007605  IntVTableBaseSet               
20007619  _register_unlock               
2000761f  _register_lock                 
20007627  _nop                           
2000762d  strlen                         
20007641  __TI_decompress_none           
2000764f  ResetISR                       
2000765d  __TI_zero_init                 
20007669  IntMasterEnable                
20007673  copysign                       
20007673  copysignl                      
2000767b  UtilsDelay                     
20007681  _system_pre_init               
20007684  _ctypes_                       
200079b0  __TI_static_base__             
200079d0  __TI_Handler_Table_Base        
200079dc  __TI_Handler_Table_Limit       
200079e8  __TI_CINIT_Base                
200079f8  __TI_CINIT_Limit               
2001d000  _sys_memory                    
2001d800  b1                             
2001d804  b2                             
2001d808  b3                             
2001d80c  b4                             
2001d810  b5                             
2001d814  b6                             
2001d818  b7                             
2001d81c  b8                             
2001d820  b9                             
2001d824  mute                           
2001d828  enter                          
2001d82c  __TI_cleanup_ptr               
2001d830  __TI_dtors_ptr                 
2001d834  __TI_enable_exit_profile_output
2001d844  _lock                          
2001d848  _unlock                        
2001d84c  errno                          
2001d850  main_func_sp                   
2001d858  SW2_intcount                   
2001d85c  SW3_intcount                   
2001d860  pin_intcount                   
2001d864  pin_intflag                    
2003f800  __stack                        
20040000  __STACK_END                    
ffffffff  __TI_pprof_out_hndl            
ffffffff  __TI_prof_data_size            
ffffffff  __TI_prof_data_start           
ffffffff  __binit__                      
ffffffff  __c_args__                     
ffffffff  binit                          
UNDEFED   SHT$$INIT_ARRAY$$Base          
UNDEFED   SHT$$INIT_ARRAY$$Limit         

[148 symbols]
