******************************************************************************
                  TI ARM Linker PC v16.9.0                     
******************************************************************************
>> Linked Mon May 01 15:27:51 2017

OUTPUT FILE NAME:   <int_sw.out>
ENTRY POINT SYMBOL: "_c_int00"  address: 20007251


MEMORY CONFIGURATION

         name            origin    length      used     unused   attr    fill
----------------------  --------  ---------  --------  --------  ----  --------
  SRAM_CODE             20004000   00019000  000039c4  0001563c  RW X
  SRAM_DATA             2001d000   00023000  00001069  00021f97  RW X


SEGMENT ALLOCATION MAP

run origin  load origin   length   init length attrs members
----------  ----------- ---------- ----------- ----- -------
20004000    20004000    000039c8   000039c8    r-x
  20004000    20004000    00000400   00000400    r-- .intvecs
  20004400    20004400    00003258   00003258    r-x .text
  20007658    20007658    0000032c   0000032c    r-- .const
  20007988    20007988    00000040   00000040    r-- .cinit
2001d000    2001d000    0000086c   00000000    rw-
  2001d000    2001d000    00000800   00000000    rw- .sysmem
  2001d800    2001d800    00000041   00000000    rw- .bss
  2001d844    2001d844    00000028   00000000    rw- .data
2003f800    2003f800    00000800   00000000    rw-
  2003f800    2003f800    00000800   00000000    rw- .stack


SECTION ALLOCATION MAP

 output                                  attributes/
section   page    origin      length       input sections
--------  ----  ----------  ----------   ----------------
.intvecs   0    20004000    00000400     
                  20004000    00000400     startup_ccs.obj (.intvecs)

.init_array 
*          0    20004000    00000000     UNINITIALIZED

.text      0    20004400    00003258     
                  20004400    0000111e     rtsv7M4_T_le_eabi.lib : _printfi.obj (.text)
                  2000551e    00000002                           : mpu_init.obj (.text)
                  20005520    0000048c     main.obj (.text)
                  200059ac    000003d0     rtsv7M4_T_le_eabi.lib : memory.obj (.text)
                  20005d7c    00000280     uart_if.obj (.text)
                  20005ffc    000001f4     rtsv7M4_T_le_eabi.lib : ull_div_t2.obj (.text)
                  200061f0    000001b6                           : fd_add_t2.obj (.text)
                  200063a6    00000002                           : startup.obj (.text)
                  200063a8    00000178     driverlib.a : prcm.obj (.text:PRCMCC3200MCUInit)
                  20006520    00000136     rtsv7M4_T_le_eabi.lib : fd_div_t2.obj (.text)
                  20006656    000000fc                           : fd_mul_t2.obj (.text)
                  20006752    000000e2     pin_mux_config.obj (.text)
                  20006834    000000d0     rtsv7M4_T_le_eabi.lib : s_scalbn.obj (.text)
                  20006904    000000a8     driverlib.a : interrupt.obj (.text:IntEnable)
                  200069ac    0000009c     rtsv7M4_T_le_eabi.lib : memcpy_t2.obj (.text)
                  20006a48    00000094     driverlib.a : prcm.obj (.text:PRCMPeripheralClockGet)
                  20006adc    00000088                 : pin.obj (.text:PinConfigSet)
                  20006b64    00000088     rtsv7M4_T_le_eabi.lib : vsnprintf.obj (.text)
                  20006bec    00000086                           : fd_cmp_t2.obj (.text:__aeabi_cdcmple)
                  20006c72    00000086                           : fd_cmp_t2.obj (.text:__aeabi_cdrcmple)
                  20006cf8    00000082     driverlib.a : gpio.obj (.text:GPIOIntTypeSet)
                  20006d7a    0000007a     rtsv7M4_T_le_eabi.lib : memset_t2.obj (.text)
                  20006df4    00000076     driverlib.a : uart.obj (.text:UARTConfigSetExpClk)
                  20006e6a    00000002     --HOLE-- [fill = 0]
                  20006e6c    00000070     rtsv7M4_T_le_eabi.lib : autoinit.obj (.text)
                  20006edc    00000068                           : copy_decompress_lzss.obj (.text:decompress:lzss)
                  20006f44    0000005c                           : s_frexp.obj (.text)
                  20006fa0    00000058     driverlib.a : prcm.obj (.text:PRCMPeripheralReset)
                  20006ff8    00000056     rtsv7M4_T_le_eabi.lib : ltoa.obj (.text)
                  2000704e    00000002     --HOLE-- [fill = 0]
                  20007050    00000054                           : exit.obj (.text)
                  200070a4    0000004c                           : atoi.obj (.text)
                  200070f0    0000004c                           : cpy_tbl.obj (.text)
                  2000713c    00000048     driverlib.a : gpio.obj (.text:GPIOGetIntNumber)
                  20007184    00000048     rtsv7M4_T_le_eabi.lib : fd_toi_t2.obj (.text)
                  200071cc    00000044     driverlib.a : timer.obj (.text:TimerConfigure)
                  20007210    00000040                 : pin.obj (.text:PinModeSet)
                  20007250    00000040     rtsv7M4_T_le_eabi.lib : boot.obj (.text)
                  20007290    0000003c     driverlib.a : prcm.obj (.text:PRCMPeripheralClkEnable)
                  200072cc    00000036                 : gpio.obj (.text:GPIODirModeSet)
                  20007302    00000030                 : pin.obj (.text:PinTypeGPIO)
                  20007332    00000002     --HOLE-- [fill = 0]
                  20007334    00000030                 : uart.obj (.text:UARTDisable)
                  20007364    0000002e     rtsv7M4_T_le_eabi.lib : i_tofd_t2.obj (.text)
                  20007392    00000002     --HOLE-- [fill = 0]
                  20007394    0000002c     driverlib.a : prcm.obj (.text:PRCMSysResetCauseGet)
                  200073c0    00000028                 : prcm.obj (.text:PRCMPeripheralClkDisable)
                  200073e8    00000024                 : uart.obj (.text:UARTEnable)
                  2000740c    00000024     rtsv7M4_T_le_eabi.lib : memmov.obj (.text)
                  20007430    00000022     driverlib.a : gpio.obj (.text:GPIOIntStatus)
                  20007452    00000002     --HOLE-- [fill = 0]
                  20007454    00000020                 : interrupt.obj (.text:IntRegister)
                  20007474    0000001e                 : gpio.obj (.text:GPIOIntRegister)
                  20007492    0000001e                 : timer.obj (.text:TimerEnable)
                  200074b0    0000001e                 : uart.obj (.text:UARTCharPut)
                  200074ce    0000001c                 : uart.obj (.text:UARTCharGetNonBlocking)
                  200074ea    0000001c     rtsv7M4_T_le_eabi.lib : memccpy.obj (.text)
                  20007506    0000001a     driverlib.a : gpio.obj (.text:GPIOIntEnable)
                  20007520    0000001a                 : pin.obj (.text:PinTypeUART)
                  2000753a    00000018                 : uart.obj (.text:UARTCharsAvail)
                  20007552    00000002     --HOLE-- [fill = 0]
                  20007554    00000018     rtsv7M4_T_le_eabi.lib : args_main.obj (.text)
                  2000756c    00000016     driverlib.a : prcm.obj (.text:PRCMHIBRegRead)
                  20007582    00000016                 : prcm.obj (.text:PRCMHIBRegWrite)
                  20007598    00000016     rtsv7M4_T_le_eabi.lib : strchr.obj (.text)
                  200075ae    00000014     driverlib.a : cpu.obj (.text:CPUcpsie)
                  200075c2    00000014                 : gpio.obj (.text:GPIOIntClear)
                  200075d6    00000002     --HOLE-- [fill = 0]
                  200075d8    00000014                 : interrupt.obj (.text:IntVTableBaseSet)
                  200075ec    00000014     rtsv7M4_T_le_eabi.lib : _lock.obj (.text)
                  20007600    00000014                           : strlen.obj (.text)
                  20007614    0000000e                           : copy_decompress_none.obj (.text:decompress:none)
                  20007622    0000000e     startup_ccs.obj (.text)
                  20007630    0000000c     rtsv7M4_T_le_eabi.lib : copy_zero_init.obj (.text:decompress:ZI)
                  2000763c    0000000a     driverlib.a : interrupt.obj (.text:IntMasterEnable)
                  20007646    00000008     rtsv7M4_T_le_eabi.lib : s_copysign.obj (.text)
                  2000764e    00000006     driverlib.a : utils.obj (.text:UtilsDelay)
                  20007654    00000004     rtsv7M4_T_le_eabi.lib : pre_init.obj (.text)

.const     0    20007658    0000032c     
                  20007658    00000101     rtsv7M4_T_le_eabi.lib : ctype.obj (.const:.string:_ctypes_)
                  20007759    00000003     --HOLE-- [fill = 0]
                  2000775c    00000100     driverlib.a : pin.obj (.const:g_ulPinToPadMap)
                  2000785c    000000a8                 : prcm.obj (.const:PRCM_PeriphRegsList)
                  20007904    00000080                 : interrupt.obj (.const)

.cinit     0    20007988    00000040     
                  20007988    0000001c     (.cinit..data.load) [load image, compression = lzss]
                  200079a4    0000000c     (__TI_handler_table)
                  200079b0    00000008     (.cinit..bss.load) [load image, compression = zero_init]
                  200079b8    00000010     (__TI_cinit_table)

.sysmem    0    2001d000    00000800     UNINITIALIZED
                  2001d000    00000008     rtsv7M4_T_le_eabi.lib : memory.obj (.sysmem)
                  2001d008    000007f8     --HOLE--

.bss       0    2001d800    00000041     UNINITIALIZED
                  2001d800    00000004     uart_if.obj (.bss)
                  2001d804    00000004     (.common:SW2_intcount)
                  2001d808    00000004     (.common:SW3_intcount)
                  2001d80c    00000004     (.common:b0)
                  2001d810    00000004     (.common:b1)
                  2001d814    00000004     (.common:b2)
                  2001d818    00000004     (.common:b3)
                  2001d81c    00000004     (.common:b4)
                  2001d820    00000004     (.common:b5)
                  2001d824    00000004     (.common:b6)
                  2001d828    00000004     (.common:b7)
                  2001d82c    00000004     (.common:b8)
                  2001d830    00000004     (.common:b9)
                  2001d834    00000004     (.common:enter)
                  2001d838    00000004     (.common:mute)
                  2001d83c    00000004     (.common:pin_intcount)
                  2001d840    00000001     (.common:pin_intflag)

.data      0    2001d844    00000028     UNINITIALIZED
                  2001d844    0000000c     rtsv7M4_T_le_eabi.lib : exit.obj (.data:$O1$$)
                  2001d850    0000000c                           : memory.obj (.data:$O1$$)
                  2001d85c    00000008                           : _lock.obj (.data:$O1$$)
                  2001d864    00000004                           : errno.obj (.data)
                  2001d868    00000004                           : stkdepth_vars.obj (.data)

.stack     0    2003f800    00000800     UNINITIALIZED
                  2003f800    00000800     --HOLE--

MODULE SUMMARY

       Module                     code    ro data   rw data
       ------                     ----    -------   -------
    .\
       main.obj                   1164    0         61     
       startup_ccs.obj            14      1024      0      
       uart_if.obj                640     0         4      
       pin_mux_config.obj         226     0         0      
    +--+--------------------------+-------+---------+---------+
       Total:                     2044    1024      65     
                                                           
    C:/ti/CC3200SDK_1.3.0/cc3200-sdk/driverlib/ccs/Release/driverlib.a
       prcm.obj                   800     168       0      
       pin.obj                    274     256       0      
       gpio.obj                   366     0         0      
       interrupt.obj              230     128       0      
       uart.obj                   284     0         0      
       timer.obj                  98      0         0      
       cpu.obj                    20      0         0      
       utils.obj                  6       0         0      
    +--+--------------------------+-------+---------+---------+
       Total:                     2078    552       0      
                                                           
    C:\ti\ccsv7\tools\compiler\ti-cgt-arm_16.9.0.LTS\lib\rtsv7M4_T_le_eabi.lib
       _printfi.obj               4382    0         0      
       memory.obj                 976     0         12     
       ull_div_t2.obj             500     0         0      
       fd_add_t2.obj              438     0         0      
       fd_div_t2.obj              310     0         0      
       fd_cmp_t2.obj              268     0         0      
       ctype.obj                  0       257       0      
       fd_mul_t2.obj              252     0         0      
       s_scalbn.obj               208     0         0      
       memcpy_t2.obj              156     0         0      
       vsnprintf.obj              136     0         0      
       memset_t2.obj              122     0         0      
       autoinit.obj               112     0         0      
       copy_decompress_lzss.obj   104     0         0      
       exit.obj                   84      0         12     
       s_frexp.obj                92      0         0      
       ltoa.obj                   86      0         0      
       atoi.obj                   76      0         0      
       cpy_tbl.obj                76      0         0      
       fd_toi_t2.obj              72      0         0      
       boot.obj                   64      0         0      
       i_tofd_t2.obj              46      0         0      
       memmov.obj                 36      0         0      
       _lock.obj                  20      0         8      
       memccpy.obj                28      0         0      
       args_main.obj              24      0         0      
       strchr.obj                 22      0         0      
       strlen.obj                 20      0         0      
       copy_decompress_none.obj   14      0         0      
       copy_zero_init.obj         12      0         0      
       s_copysign.obj             8       0         0      
       errno.obj                  0       0         4      
       pre_init.obj               4       0         0      
       stkdepth_vars.obj          0       0         4      
       mpu_init.obj               2       0         0      
       startup.obj                2       0         0      
    +--+--------------------------+-------+---------+---------+
       Total:                     8752    257       40     
                                                           
       Heap:                      0       0         2048   
       Stack:                     0       0         2048   
       Linker Generated:          0       64        0      
    +--+--------------------------+-------+---------+---------+
       Grand Total:               12874   1897      4201   


LINKER GENERATED COPY TABLES

__TI_cinit_table @ 200079b8 records: 2, size/record: 8, table size: 16
	.data: load addr=20007988, load size=0000001c bytes, run addr=2001d844, run size=00000028 bytes, compression=lzss
	.bss: load addr=200079b0, load size=00000008 bytes, run addr=2001d800, run size=00000041 bytes, compression=zero_init


LINKER GENERATED HANDLER TABLE

__TI_handler_table @ 200079a4 records: 3, size/record: 4, table size: 12
	index: 0, handler: __TI_decompress_lzss
	index: 1, handler: __TI_decompress_none
	index: 2, handler: __TI_zero_init


GLOBAL SYMBOLS: SORTED ALPHABETICALLY BY Name 

address   name                           
-------   ----                           
20007051  C$$EXIT                        
200075af  CPUcpsie                       
20005dbd  ClearTerm                      
20005dc7  Error                          
200072cd  GPIODirModeSet                 
200075c3  GPIOIntClear                   
20007507  GPIOIntEnable                  
20007475  GPIOIntRegister                
20007431  GPIOIntStatus                  
20006cf9  GPIOIntTypeSet                 
20005dff  GetCmd                         
20005d7d  InitTerm                       
20006905  IntEnable                      
2000763d  IntMasterEnable                
20007455  IntRegister                    
200075d9  IntVTableBaseSet               
20005d9b  Message                        
200063a9  PRCMCC3200MCUInit              
2000756d  PRCMHIBRegRead                 
20007583  PRCMHIBRegWrite                
200073c1  PRCMPeripheralClkDisable       
20007291  PRCMPeripheralClkEnable        
20006a49  PRCMPeripheralClockGet         
20006fa1  PRCMPeripheralReset            
20007395  PRCMSysResetCauseGet           
20006add  PinConfigSet                   
20007211  PinModeSet                     
20006753  PinMuxConfig                   
20007303  PinTypeGPIO                    
20007521  PinTypeUART                    
20005f3d  Report                         
20007623  ResetISR                       
UNDEFED   SHT$$INIT_ARRAY$$Base          
UNDEFED   SHT$$INIT_ARRAY$$Limit         
2001d804  SW2_intcount                   
2001d808  SW3_intcount                   
200071cd  TimerConfigure                 
20007493  TimerEnable                    
20005ea5  TrimSpace                      
200074cf  UARTCharGetNonBlocking         
200074b1  UARTCharPut                    
2000753b  UARTCharsAvail                 
20006df5  UARTConfigSetExpClk            
20007335  UARTDisable                    
200073e9  UARTEnable                     
2000764f  UtilsDelay                     
20040000  __STACK_END                    
00000800  __STACK_SIZE                   
00000800  __SYSMEM_SIZE                  
200079b8  __TI_CINIT_Base                
200079c8  __TI_CINIT_Limit               
200079a4  __TI_Handler_Table_Base        
200079b0  __TI_Handler_Table_Limit       
20006e6d  __TI_auto_init                 
2001d844  __TI_cleanup_ptr               
20006edd  __TI_decompress_lzss           
20007615  __TI_decompress_none           
2001d848  __TI_dtors_ptr                 
2001d84c  __TI_enable_exit_profile_output
ffffffff  __TI_pprof_out_hndl            
20004c35  __TI_printfi                   
ffffffff  __TI_prof_data_size            
ffffffff  __TI_prof_data_start           
20007988  __TI_static_base__             
20007631  __TI_zero_init                 
20006bed  __aeabi_cdcmpeq                
20006bed  __aeabi_cdcmple                
20006c73  __aeabi_cdrcmple               
20007185  __aeabi_d2iz                   
200061fb  __aeabi_dadd                   
20006521  __aeabi_ddiv                   
20006657  __aeabi_dmul                   
200061f1  __aeabi_dsub                   
20007365  __aeabi_i2d                    
20006d7b  __aeabi_memclr                 
20006d7b  __aeabi_memclr4                
20006d7b  __aeabi_memclr8                
200069ad  __aeabi_memcpy                 
200069ad  __aeabi_memcpy4                
200069ad  __aeabi_memcpy8                
20006d7d  __aeabi_memset                 
20006d7d  __aeabi_memset4                
20006d7d  __aeabi_memset8                
20005ffd  __aeabi_uldivmod               
ffffffff  __binit__                      
ffffffff  __c_args__                     
2000551f  __mpu_init                     
2003f800  __stack                        
20007555  _args_main                     
20007251  _c_int00                       
20007658  _ctypes_                       
2001d85c  _lock                          
200075fb  _nop                           
200075f3  _register_lock                 
200075ed  _register_unlock               
2001d000  _sys_memory                    
200063a7  _system_post_cinit             
20007655  _system_pre_init               
2001d860  _unlock                        
20007055  abort                          
200070a5  atoi                           
2001d80c  b0                             
2001d810  b1                             
2001d814  b2                             
2001d818  b3                             
2001d81c  b4                             
2001d820  b5                             
2001d824  b6                             
2001d828  b7                             
2001d82c  b8                             
2001d830  b9                             
ffffffff  binit                          
20005d4d  calloc                         
200070f1  copy_in                        
20007647  copysign                       
20007647  copysignl                      
2001d834  enter                          
2001d864  errno                          
2000705d  exit                           
20005a97  free                           
20006f45  frexp                          
20006f45  frexpl                         
20004000  g_pfnVectors                   
20006835  ldexp                          
20006835  ldexpl                         
20006ff9  ltoa                           
200056d1  main                           
2001d868  main_func_sp                   
20005a2d  malloc                         
20005c61  memalign                       
200074eb  memccpy                        
200069ad  memcpy                         
2000740d  memmove                        
20006d83  memset                         
200059ad  minit                          
2001d838  mute                           
2001d83c  pin_intcount                   
2001d840  pin_intflag                    
20005561  printpattern                   
20005b59  realloc                        
20006835  scalbn                         
20006835  scalbnl                        
20007599  strchr                         
20007601  strlen                         
20006b65  vsnprintf                      


GLOBAL SYMBOLS: SORTED BY Symbol Address 

address   name                           
-------   ----                           
00000800  __STACK_SIZE                   
00000800  __SYSMEM_SIZE                  
20004000  g_pfnVectors                   
20004c35  __TI_printfi                   
2000551f  __mpu_init                     
20005561  printpattern                   
200056d1  main                           
200059ad  minit                          
20005a2d  malloc                         
20005a97  free                           
20005b59  realloc                        
20005c61  memalign                       
20005d4d  calloc                         
20005d7d  InitTerm                       
20005d9b  Message                        
20005dbd  ClearTerm                      
20005dc7  Error                          
20005dff  GetCmd                         
20005ea5  TrimSpace                      
20005f3d  Report                         
20005ffd  __aeabi_uldivmod               
200061f1  __aeabi_dsub                   
200061fb  __aeabi_dadd                   
200063a7  _system_post_cinit             
200063a9  PRCMCC3200MCUInit              
20006521  __aeabi_ddiv                   
20006657  __aeabi_dmul                   
20006753  PinMuxConfig                   
20006835  ldexp                          
20006835  ldexpl                         
20006835  scalbn                         
20006835  scalbnl                        
20006905  IntEnable                      
200069ad  __aeabi_memcpy                 
200069ad  __aeabi_memcpy4                
200069ad  __aeabi_memcpy8                
200069ad  memcpy                         
20006a49  PRCMPeripheralClockGet         
20006add  PinConfigSet                   
20006b65  vsnprintf                      
20006bed  __aeabi_cdcmpeq                
20006bed  __aeabi_cdcmple                
20006c73  __aeabi_cdrcmple               
20006cf9  GPIOIntTypeSet                 
20006d7b  __aeabi_memclr                 
20006d7b  __aeabi_memclr4                
20006d7b  __aeabi_memclr8                
20006d7d  __aeabi_memset                 
20006d7d  __aeabi_memset4                
20006d7d  __aeabi_memset8                
20006d83  memset                         
20006df5  UARTConfigSetExpClk            
20006e6d  __TI_auto_init                 
20006edd  __TI_decompress_lzss           
20006f45  frexp                          
20006f45  frexpl                         
20006fa1  PRCMPeripheralReset            
20006ff9  ltoa                           
20007051  C$$EXIT                        
20007055  abort                          
2000705d  exit                           
200070a5  atoi                           
200070f1  copy_in                        
20007185  __aeabi_d2iz                   
200071cd  TimerConfigure                 
20007211  PinModeSet                     
20007251  _c_int00                       
20007291  PRCMPeripheralClkEnable        
200072cd  GPIODirModeSet                 
20007303  PinTypeGPIO                    
20007335  UARTDisable                    
20007365  __aeabi_i2d                    
20007395  PRCMSysResetCauseGet           
200073c1  PRCMPeripheralClkDisable       
200073e9  UARTEnable                     
2000740d  memmove                        
20007431  GPIOIntStatus                  
20007455  IntRegister                    
20007475  GPIOIntRegister                
20007493  TimerEnable                    
200074b1  UARTCharPut                    
200074cf  UARTCharGetNonBlocking         
200074eb  memccpy                        
20007507  GPIOIntEnable                  
20007521  PinTypeUART                    
2000753b  UARTCharsAvail                 
20007555  _args_main                     
2000756d  PRCMHIBRegRead                 
20007583  PRCMHIBRegWrite                
20007599  strchr                         
200075af  CPUcpsie                       
200075c3  GPIOIntClear                   
200075d9  IntVTableBaseSet               
200075ed  _register_unlock               
200075f3  _register_lock                 
200075fb  _nop                           
20007601  strlen                         
20007615  __TI_decompress_none           
20007623  ResetISR                       
20007631  __TI_zero_init                 
2000763d  IntMasterEnable                
20007647  copysign                       
20007647  copysignl                      
2000764f  UtilsDelay                     
20007655  _system_pre_init               
20007658  _ctypes_                       
20007988  __TI_static_base__             
200079a4  __TI_Handler_Table_Base        
200079b0  __TI_Handler_Table_Limit       
200079b8  __TI_CINIT_Base                
200079c8  __TI_CINIT_Limit               
2001d000  _sys_memory                    
2001d804  SW2_intcount                   
2001d808  SW3_intcount                   
2001d80c  b0                             
2001d810  b1                             
2001d814  b2                             
2001d818  b3                             
2001d81c  b4                             
2001d820  b5                             
2001d824  b6                             
2001d828  b7                             
2001d82c  b8                             
2001d830  b9                             
2001d834  enter                          
2001d838  mute                           
2001d83c  pin_intcount                   
2001d840  pin_intflag                    
2001d844  __TI_cleanup_ptr               
2001d848  __TI_dtors_ptr                 
2001d84c  __TI_enable_exit_profile_output
2001d85c  _lock                          
2001d860  _unlock                        
2001d864  errno                          
2001d868  main_func_sp                   
2003f800  __stack                        
20040000  __STACK_END                    
ffffffff  __TI_pprof_out_hndl            
ffffffff  __TI_prof_data_size            
ffffffff  __TI_prof_data_start           
ffffffff  __binit__                      
ffffffff  __c_args__                     
ffffffff  binit                          
UNDEFED   SHT$$INIT_ARRAY$$Base          
UNDEFED   SHT$$INIT_ARRAY$$Limit         

[145 symbols]
