<?xml version="1.0"?>
<link_info>
   <banner>TI ARM Linker PC v16.9.0.LTS</banner>
   <copyright>Copyright (c) 1996-2015 Texas Instruments Incorporated</copyright>
   <link_time>0x5907b667</link_time>
   <link_errors>0x0</link_errors>
   <output_file>int_sw.out</output_file>
   <entry_point>
      <name>_c_int00</name>
      <address>0x20007251</address>
   </entry_point>
   <input_file_list>
      <input_file id="fl-2">
         <path>.\</path>
         <kind>object</kind>
         <file>main.obj</file>
         <name>main.obj</name>
      </input_file>
      <input_file id="fl-3">
         <path>.\</path>
         <kind>object</kind>
         <file>pin_mux_config.obj</file>
         <name>pin_mux_config.obj</name>
      </input_file>
      <input_file id="fl-4">
         <path>.\</path>
         <kind>object</kind>
         <file>startup_ccs.obj</file>
         <name>startup_ccs.obj</name>
      </input_file>
      <input_file id="fl-5">
         <path>.\</path>
         <kind>object</kind>
         <file>uart_if.obj</file>
         <name>uart_if.obj</name>
      </input_file>
      <input_file id="fl-c0">
         <path>C:\ti\ccsv7\tools\compiler\ti-cgt-arm_16.9.0.LTS\lib\</path>
         <kind>archive</kind>
         <file>rtsv7M4_T_le_eabi.lib</file>
         <name>boot.obj</name>
      </input_file>
      <input_file id="fl-c1">
         <path>C:\ti\ccsv7\tools\compiler\ti-cgt-arm_16.9.0.LTS\lib\</path>
         <kind>archive</kind>
         <file>rtsv7M4_T_le_eabi.lib</file>
         <name>copy_decompress_lzss.obj</name>
      </input_file>
      <input_file id="fl-c2">
         <path>C:\ti\ccsv7\tools\compiler\ti-cgt-arm_16.9.0.LTS\lib\</path>
         <kind>archive</kind>
         <file>rtsv7M4_T_le_eabi.lib</file>
         <name>copy_decompress_none.obj</name>
      </input_file>
      <input_file id="fl-c3">
         <path>C:\ti\ccsv7\tools\compiler\ti-cgt-arm_16.9.0.LTS\lib\</path>
         <kind>archive</kind>
         <file>rtsv7M4_T_le_eabi.lib</file>
         <name>copy_zero_init.obj</name>
      </input_file>
      <input_file id="fl-c4">
         <path>C:\ti\ccsv7\tools\compiler\ti-cgt-arm_16.9.0.LTS\lib\</path>
         <kind>archive</kind>
         <file>rtsv7M4_T_le_eabi.lib</file>
         <name>exit.obj</name>
      </input_file>
      <input_file id="fl-c5">
         <path>C:\ti\ccsv7\tools\compiler\ti-cgt-arm_16.9.0.LTS\lib\</path>
         <kind>archive</kind>
         <file>rtsv7M4_T_le_eabi.lib</file>
         <name>memcpy_t2.obj</name>
      </input_file>
      <input_file id="fl-c6">
         <path>C:\ti\ccsv7\tools\compiler\ti-cgt-arm_16.9.0.LTS\lib\</path>
         <kind>archive</kind>
         <file>rtsv7M4_T_le_eabi.lib</file>
         <name>memmov.obj</name>
      </input_file>
      <input_file id="fl-c7">
         <path>C:\ti\ccsv7\tools\compiler\ti-cgt-arm_16.9.0.LTS\lib\</path>
         <kind>archive</kind>
         <file>rtsv7M4_T_le_eabi.lib</file>
         <name>memory.obj</name>
      </input_file>
      <input_file id="fl-c8">
         <path>C:\ti\ccsv7\tools\compiler\ti-cgt-arm_16.9.0.LTS\lib\</path>
         <kind>archive</kind>
         <file>rtsv7M4_T_le_eabi.lib</file>
         <name>memset_t2.obj</name>
      </input_file>
      <input_file id="fl-c9">
         <path>C:\ti\ccsv7\tools\compiler\ti-cgt-arm_16.9.0.LTS\lib\</path>
         <kind>archive</kind>
         <file>rtsv7M4_T_le_eabi.lib</file>
         <name>mpu_init.obj</name>
      </input_file>
      <input_file id="fl-ca">
         <path>C:\ti\ccsv7\tools\compiler\ti-cgt-arm_16.9.0.LTS\lib\</path>
         <kind>archive</kind>
         <file>rtsv7M4_T_le_eabi.lib</file>
         <name>pre_init.obj</name>
      </input_file>
      <input_file id="fl-cb">
         <path>C:\ti\ccsv7\tools\compiler\ti-cgt-arm_16.9.0.LTS\lib\</path>
         <kind>archive</kind>
         <file>rtsv7M4_T_le_eabi.lib</file>
         <name>stkdepth_vars.obj</name>
      </input_file>
      <input_file id="fl-cc">
         <path>C:\ti\ccsv7\tools\compiler\ti-cgt-arm_16.9.0.LTS\lib\</path>
         <kind>archive</kind>
         <file>rtsv7M4_T_le_eabi.lib</file>
         <name>strlen.obj</name>
      </input_file>
      <input_file id="fl-cd">
         <path>C:\ti\ccsv7\tools\compiler\ti-cgt-arm_16.9.0.LTS\lib\</path>
         <kind>archive</kind>
         <file>rtsv7M4_T_le_eabi.lib</file>
         <name>vsnprintf.obj</name>
      </input_file>
      <input_file id="fl-ce">
         <path>C:\ti\ccsv7\tools\compiler\ti-cgt-arm_16.9.0.LTS\lib\</path>
         <kind>archive</kind>
         <file>rtsv7M4_T_le_eabi.lib</file>
         <name>_lock.obj</name>
      </input_file>
      <input_file id="fl-cf">
         <path>C:\ti\ccsv7\tools\compiler\ti-cgt-arm_16.9.0.LTS\lib\</path>
         <kind>archive</kind>
         <file>rtsv7M4_T_le_eabi.lib</file>
         <name>_printfi.obj</name>
      </input_file>
      <input_file id="fl-d0">
         <path>C:\ti\ccsv7\tools\compiler\ti-cgt-arm_16.9.0.LTS\lib\</path>
         <kind>archive</kind>
         <file>rtsv7M4_T_le_eabi.lib</file>
         <name>args_main.obj</name>
      </input_file>
      <input_file id="fl-d1">
         <path>C:\ti\ccsv7\tools\compiler\ti-cgt-arm_16.9.0.LTS\lib\</path>
         <kind>archive</kind>
         <file>rtsv7M4_T_le_eabi.lib</file>
         <name>atoi.obj</name>
      </input_file>
      <input_file id="fl-d2">
         <path>C:\ti\ccsv7\tools\compiler\ti-cgt-arm_16.9.0.LTS\lib\</path>
         <kind>archive</kind>
         <file>rtsv7M4_T_le_eabi.lib</file>
         <name>autoinit.obj</name>
      </input_file>
      <input_file id="fl-d3">
         <path>C:\ti\ccsv7\tools\compiler\ti-cgt-arm_16.9.0.LTS\lib\</path>
         <kind>archive</kind>
         <file>rtsv7M4_T_le_eabi.lib</file>
         <name>cpy_tbl.obj</name>
      </input_file>
      <input_file id="fl-d4">
         <path>C:\ti\ccsv7\tools\compiler\ti-cgt-arm_16.9.0.LTS\lib\</path>
         <kind>archive</kind>
         <file>rtsv7M4_T_le_eabi.lib</file>
         <name>ctype.obj</name>
      </input_file>
      <input_file id="fl-d5">
         <path>C:\ti\ccsv7\tools\compiler\ti-cgt-arm_16.9.0.LTS\lib\</path>
         <kind>archive</kind>
         <file>rtsv7M4_T_le_eabi.lib</file>
         <name>fd_add_t2.obj</name>
      </input_file>
      <input_file id="fl-d6">
         <path>C:\ti\ccsv7\tools\compiler\ti-cgt-arm_16.9.0.LTS\lib\</path>
         <kind>archive</kind>
         <file>rtsv7M4_T_le_eabi.lib</file>
         <name>fd_cmp_t2.obj</name>
      </input_file>
      <input_file id="fl-d7">
         <path>C:\ti\ccsv7\tools\compiler\ti-cgt-arm_16.9.0.LTS\lib\</path>
         <kind>archive</kind>
         <file>rtsv7M4_T_le_eabi.lib</file>
         <name>fd_div_t2.obj</name>
      </input_file>
      <input_file id="fl-d8">
         <path>C:\ti\ccsv7\tools\compiler\ti-cgt-arm_16.9.0.LTS\lib\</path>
         <kind>archive</kind>
         <file>rtsv7M4_T_le_eabi.lib</file>
         <name>fd_mul_t2.obj</name>
      </input_file>
      <input_file id="fl-d9">
         <path>C:\ti\ccsv7\tools\compiler\ti-cgt-arm_16.9.0.LTS\lib\</path>
         <kind>archive</kind>
         <file>rtsv7M4_T_le_eabi.lib</file>
         <name>fd_toi_t2.obj</name>
      </input_file>
      <input_file id="fl-da">
         <path>C:\ti\ccsv7\tools\compiler\ti-cgt-arm_16.9.0.LTS\lib\</path>
         <kind>archive</kind>
         <file>rtsv7M4_T_le_eabi.lib</file>
         <name>i_tofd_t2.obj</name>
      </input_file>
      <input_file id="fl-db">
         <path>C:\ti\ccsv7\tools\compiler\ti-cgt-arm_16.9.0.LTS\lib\</path>
         <kind>archive</kind>
         <file>rtsv7M4_T_le_eabi.lib</file>
         <name>ltoa.obj</name>
      </input_file>
      <input_file id="fl-dc">
         <path>C:\ti\ccsv7\tools\compiler\ti-cgt-arm_16.9.0.LTS\lib\</path>
         <kind>archive</kind>
         <file>rtsv7M4_T_le_eabi.lib</file>
         <name>memccpy.obj</name>
      </input_file>
      <input_file id="fl-dd">
         <path>C:\ti\ccsv7\tools\compiler\ti-cgt-arm_16.9.0.LTS\lib\</path>
         <kind>archive</kind>
         <file>rtsv7M4_T_le_eabi.lib</file>
         <name>s_frexp.obj</name>
      </input_file>
      <input_file id="fl-de">
         <path>C:\ti\ccsv7\tools\compiler\ti-cgt-arm_16.9.0.LTS\lib\</path>
         <kind>archive</kind>
         <file>rtsv7M4_T_le_eabi.lib</file>
         <name>s_scalbn.obj</name>
      </input_file>
      <input_file id="fl-df">
         <path>C:\ti\ccsv7\tools\compiler\ti-cgt-arm_16.9.0.LTS\lib\</path>
         <kind>archive</kind>
         <file>rtsv7M4_T_le_eabi.lib</file>
         <name>startup.obj</name>
      </input_file>
      <input_file id="fl-e0">
         <path>C:\ti\ccsv7\tools\compiler\ti-cgt-arm_16.9.0.LTS\lib\</path>
         <kind>archive</kind>
         <file>rtsv7M4_T_le_eabi.lib</file>
         <name>strchr.obj</name>
      </input_file>
      <input_file id="fl-e1">
         <path>C:\ti\ccsv7\tools\compiler\ti-cgt-arm_16.9.0.LTS\lib\</path>
         <kind>archive</kind>
         <file>rtsv7M4_T_le_eabi.lib</file>
         <name>ull_div_t2.obj</name>
      </input_file>
      <input_file id="fl-e2">
         <path>C:\ti\ccsv7\tools\compiler\ti-cgt-arm_16.9.0.LTS\lib\</path>
         <kind>archive</kind>
         <file>rtsv7M4_T_le_eabi.lib</file>
         <name>errno.obj</name>
      </input_file>
      <input_file id="fl-e3">
         <path>C:\ti\ccsv7\tools\compiler\ti-cgt-arm_16.9.0.LTS\lib\</path>
         <kind>archive</kind>
         <file>rtsv7M4_T_le_eabi.lib</file>
         <name>s_copysign.obj</name>
      </input_file>
      <input_file id="fl-e4">
         <path>C:\ti\CC3200SDK_1.3.0\cc3200-sdk\driverlib\ccs\Release\</path>
         <kind>archive</kind>
         <file>driverlib.a</file>
         <name>gpio.obj</name>
      </input_file>
      <input_file id="fl-e5">
         <path>C:\ti\CC3200SDK_1.3.0\cc3200-sdk\driverlib\ccs\Release\</path>
         <kind>archive</kind>
         <file>driverlib.a</file>
         <name>interrupt.obj</name>
      </input_file>
      <input_file id="fl-e6">
         <path>C:\ti\CC3200SDK_1.3.0\cc3200-sdk\driverlib\ccs\Release\</path>
         <kind>archive</kind>
         <file>driverlib.a</file>
         <name>pin.obj</name>
      </input_file>
      <input_file id="fl-e7">
         <path>C:\ti\CC3200SDK_1.3.0\cc3200-sdk\driverlib\ccs\Release\</path>
         <kind>archive</kind>
         <file>driverlib.a</file>
         <name>prcm.obj</name>
      </input_file>
      <input_file id="fl-e8">
         <path>C:\ti\CC3200SDK_1.3.0\cc3200-sdk\driverlib\ccs\Release\</path>
         <kind>archive</kind>
         <file>driverlib.a</file>
         <name>timer.obj</name>
      </input_file>
      <input_file id="fl-e9">
         <path>C:\ti\CC3200SDK_1.3.0\cc3200-sdk\driverlib\ccs\Release\</path>
         <kind>archive</kind>
         <file>driverlib.a</file>
         <name>uart.obj</name>
      </input_file>
      <input_file id="fl-ea">
         <path>C:\ti\CC3200SDK_1.3.0\cc3200-sdk\driverlib\ccs\Release\</path>
         <kind>archive</kind>
         <file>driverlib.a</file>
         <name>utils.obj</name>
      </input_file>
      <input_file id="fl-eb">
         <path>C:\ti\CC3200SDK_1.3.0\cc3200-sdk\driverlib\ccs\Release\</path>
         <kind>archive</kind>
         <file>driverlib.a</file>
         <name>cpu.obj</name>
      </input_file>
      <input_file id="fl-ec">
         <path>C:\ti\CC3200SDK_1.3.0\cc3200-sdk\driverlib\ccs\Release\</path>
         <kind>archive</kind>
         <file>driverlib.a</file>
         <name>flash.obj</name>
      </input_file>
   </input_file_list>
   <object_component_list>
      <object_component id="oc-f">
         <name>.intvecs</name>
         <load_address>0x20004000</load_address>
         <run_address>0x20004000</run_address>
         <size>0x400</size>
         <input_file_ref idref="fl-4"/>
      </object_component>
      <object_component id="oc-225">
         <name>.text</name>
         <load_address>0x20004400</load_address>
         <run_address>0x20004400</run_address>
         <size>0x111e</size>
         <input_file_ref idref="fl-cf"/>
      </object_component>
      <object_component id="oc-59">
         <name>.text</name>
         <load_address>0x2000551e</load_address>
         <run_address>0x2000551e</run_address>
         <size>0x2</size>
         <input_file_ref idref="fl-c9"/>
      </object_component>
      <object_component id="oc-a8">
         <name>.text</name>
         <load_address>0x20005520</load_address>
         <run_address>0x20005520</run_address>
         <size>0x48c</size>
         <input_file_ref idref="fl-2"/>
      </object_component>
      <object_component id="oc-1c2">
         <name>.text</name>
         <load_address>0x200059ac</load_address>
         <run_address>0x200059ac</run_address>
         <size>0x3d0</size>
         <input_file_ref idref="fl-c7"/>
      </object_component>
      <object_component id="oc-fc">
         <name>.text</name>
         <load_address>0x20005d7c</load_address>
         <run_address>0x20005d7c</run_address>
         <size>0x280</size>
         <input_file_ref idref="fl-5"/>
      </object_component>
      <object_component id="oc-263">
         <name>.text</name>
         <load_address>0x20005ffc</load_address>
         <run_address>0x20005ffc</run_address>
         <size>0x1f4</size>
         <input_file_ref idref="fl-e1"/>
      </object_component>
      <object_component id="oc-28c">
         <name>.text</name>
         <load_address>0x200061f0</load_address>
         <run_address>0x200061f0</run_address>
         <size>0x1b6</size>
         <input_file_ref idref="fl-d5"/>
      </object_component>
      <object_component id="oc-a0">
         <name>.text</name>
         <load_address>0x200063a6</load_address>
         <run_address>0x200063a6</run_address>
         <size>0x2</size>
         <input_file_ref idref="fl-df"/>
      </object_component>
      <object_component id="oc-f6">
         <name>.text:PRCMCC3200MCUInit</name>
         <load_address>0x200063a8</load_address>
         <run_address>0x200063a8</run_address>
         <size>0x178</size>
         <input_file_ref idref="fl-e7"/>
      </object_component>
      <object_component id="oc-272">
         <name>.text</name>
         <load_address>0x20006520</load_address>
         <run_address>0x20006520</run_address>
         <size>0x136</size>
         <input_file_ref idref="fl-d7"/>
      </object_component>
      <object_component id="oc-26d">
         <name>.text</name>
         <load_address>0x20006656</load_address>
         <run_address>0x20006656</run_address>
         <size>0xfc</size>
         <input_file_ref idref="fl-d8"/>
      </object_component>
      <object_component id="oc-110">
         <name>.text</name>
         <load_address>0x20006752</load_address>
         <run_address>0x20006752</run_address>
         <size>0xe2</size>
         <input_file_ref idref="fl-3"/>
      </object_component>
      <object_component id="oc-297">
         <name>.text</name>
         <load_address>0x20006834</load_address>
         <run_address>0x20006834</run_address>
         <size>0xd0</size>
         <input_file_ref idref="fl-de"/>
      </object_component>
      <object_component id="oc-f0">
         <name>.text:IntEnable</name>
         <load_address>0x20006904</load_address>
         <run_address>0x20006904</run_address>
         <size>0xa8</size>
         <input_file_ref idref="fl-e5"/>
      </object_component>
      <object_component id="oc-41">
         <name>.text</name>
         <load_address>0x200069ac</load_address>
         <run_address>0x200069ac</run_address>
         <size>0x9c</size>
         <input_file_ref idref="fl-c5"/>
      </object_component>
      <object_component id="oc-192">
         <name>.text:PRCMPeripheralClockGet</name>
         <load_address>0x20006a48</load_address>
         <run_address>0x20006a48</run_address>
         <size>0x94</size>
         <input_file_ref idref="fl-e7"/>
      </object_component>
      <object_component id="oc-249">
         <name>.text:PinConfigSet</name>
         <load_address>0x20006adc</load_address>
         <run_address>0x20006adc</run_address>
         <size>0x88</size>
         <input_file_ref idref="fl-e6"/>
      </object_component>
      <object_component id="oc-1a4">
         <name>.text</name>
         <load_address>0x20006b64</load_address>
         <run_address>0x20006b64</run_address>
         <size>0x88</size>
         <input_file_ref idref="fl-cd"/>
      </object_component>
      <object_component id="oc-268">
         <name>.text:__aeabi_cdcmple</name>
         <load_address>0x20006bec</load_address>
         <run_address>0x20006bec</run_address>
         <size>0x86</size>
         <input_file_ref idref="fl-d6"/>
      </object_component>
      <object_component id="oc-277">
         <name>.text:__aeabi_cdrcmple</name>
         <load_address>0x20006c72</load_address>
         <run_address>0x20006c72</run_address>
         <size>0x86</size>
         <input_file_ref idref="fl-d6"/>
      </object_component>
      <object_component id="oc-11c">
         <name>.text:GPIOIntTypeSet</name>
         <load_address>0x20006cf8</load_address>
         <run_address>0x20006cf8</run_address>
         <size>0x82</size>
         <input_file_ref idref="fl-e4"/>
      </object_component>
      <object_component id="oc-4d">
         <name>.text</name>
         <load_address>0x20006d7a</load_address>
         <run_address>0x20006d7a</run_address>
         <size>0x7a</size>
         <input_file_ref idref="fl-c8"/>
      </object_component>
      <object_component id="oc-198">
         <name>.text:UARTConfigSetExpClk</name>
         <load_address>0x20006df4</load_address>
         <run_address>0x20006df4</run_address>
         <size>0x76</size>
         <input_file_ref idref="fl-e9"/>
      </object_component>
      <object_component id="oc-65">
         <name>.text</name>
         <load_address>0x20006e6c</load_address>
         <run_address>0x20006e6c</run_address>
         <size>0x70</size>
         <input_file_ref idref="fl-d2"/>
      </object_component>
      <object_component id="oc-12">
         <name>.text:decompress:lzss</name>
         <load_address>0x20006edc</load_address>
         <run_address>0x20006edc</run_address>
         <size>0x68</size>
         <input_file_ref idref="fl-c1"/>
      </object_component>
      <object_component id="oc-291">
         <name>.text</name>
         <load_address>0x20006f44</load_address>
         <run_address>0x20006f44</run_address>
         <size>0x5c</size>
         <input_file_ref idref="fl-dd"/>
      </object_component>
      <object_component id="oc-185">
         <name>.text:PRCMPeripheralReset</name>
         <load_address>0x20006fa0</load_address>
         <run_address>0x20006fa0</run_address>
         <size>0x58</size>
         <input_file_ref idref="fl-e7"/>
      </object_component>
      <object_component id="oc-281">
         <name>.text</name>
         <load_address>0x20006ff8</load_address>
         <run_address>0x20006ff8</run_address>
         <size>0x56</size>
         <input_file_ref idref="fl-db"/>
      </object_component>
      <object_component id="oc-71">
         <name>.text</name>
         <load_address>0x20007050</load_address>
         <run_address>0x20007050</run_address>
         <size>0x54</size>
         <input_file_ref idref="fl-c4"/>
      </object_component>
      <object_component id="oc-2a3">
         <name>.text</name>
         <load_address>0x200070a4</load_address>
         <run_address>0x200070a4</run_address>
         <size>0x4c</size>
         <input_file_ref idref="fl-d1"/>
      </object_component>
      <object_component id="oc-9a">
         <name>.text</name>
         <load_address>0x200070f0</load_address>
         <run_address>0x200070f0</run_address>
         <size>0x4c</size>
         <input_file_ref idref="fl-d3"/>
      </object_component>
      <object_component id="oc-1f2">
         <name>.text:GPIOGetIntNumber</name>
         <load_address>0x2000713c</load_address>
         <run_address>0x2000713c</run_address>
         <size>0x48</size>
         <input_file_ref idref="fl-e4"/>
      </object_component>
      <object_component id="oc-27c">
         <name>.text</name>
         <load_address>0x20007184</load_address>
         <run_address>0x20007184</run_address>
         <size>0x48</size>
         <input_file_ref idref="fl-d9"/>
      </object_component>
      <object_component id="oc-122">
         <name>.text:TimerConfigure</name>
         <load_address>0x200071cc</load_address>
         <run_address>0x200071cc</run_address>
         <size>0x44</size>
         <input_file_ref idref="fl-e8"/>
      </object_component>
      <object_component id="oc-1d9">
         <name>.text:PinModeSet</name>
         <load_address>0x20007210</load_address>
         <run_address>0x20007210</run_address>
         <size>0x40</size>
         <input_file_ref idref="fl-e6"/>
      </object_component>
      <object_component id="oc-24">
         <name>.text</name>
         <load_address>0x20007250</load_address>
         <run_address>0x20007250</run_address>
         <size>0x40</size>
         <input_file_ref idref="fl-c0"/>
      </object_component>
      <object_component id="oc-17f">
         <name>.text:PRCMPeripheralClkEnable</name>
         <load_address>0x20007290</load_address>
         <run_address>0x20007290</run_address>
         <size>0x3c</size>
         <input_file_ref idref="fl-e7"/>
      </object_component>
      <object_component id="oc-1e5">
         <name>.text:GPIODirModeSet</name>
         <load_address>0x200072cc</load_address>
         <run_address>0x200072cc</run_address>
         <size>0x36</size>
         <input_file_ref idref="fl-e4"/>
      </object_component>
      <object_component id="oc-1df">
         <name>.text:PinTypeGPIO</name>
         <load_address>0x20007302</load_address>
         <run_address>0x20007302</run_address>
         <size>0x30</size>
         <input_file_ref idref="fl-e6"/>
      </object_component>
      <object_component id="oc-217">
         <name>.text:UARTDisable</name>
         <load_address>0x20007334</load_address>
         <run_address>0x20007334</run_address>
         <size>0x30</size>
         <input_file_ref idref="fl-e9"/>
      </object_component>
      <object_component id="oc-287">
         <name>.text</name>
         <load_address>0x20007364</load_address>
         <run_address>0x20007364</run_address>
         <size>0x2e</size>
         <input_file_ref idref="fl-da"/>
      </object_component>
      <object_component id="oc-16d">
         <name>.text:PRCMSysResetCauseGet</name>
         <load_address>0x20007394</load_address>
         <run_address>0x20007394</run_address>
         <size>0x2c</size>
         <input_file_ref idref="fl-e7"/>
      </object_component>
      <object_component id="oc-18b">
         <name>.text:PRCMPeripheralClkDisable</name>
         <load_address>0x200073c0</load_address>
         <run_address>0x200073c0</run_address>
         <size>0x28</size>
         <input_file_ref idref="fl-e7"/>
      </object_component>
      <object_component id="oc-21d">
         <name>.text:UARTEnable</name>
         <load_address>0x200073e8</load_address>
         <run_address>0x200073e8</run_address>
         <size>0x24</size>
         <input_file_ref idref="fl-e9"/>
      </object_component>
      <object_component id="oc-1bc">
         <name>.text</name>
         <load_address>0x2000740c</load_address>
         <run_address>0x2000740c</run_address>
         <size>0x24</size>
         <input_file_ref idref="fl-c6"/>
      </object_component>
      <object_component id="oc-d8">
         <name>.text:GPIOIntStatus</name>
         <load_address>0x20007430</load_address>
         <run_address>0x20007430</run_address>
         <size>0x22</size>
         <input_file_ref idref="fl-e4"/>
      </object_component>
      <object_component id="oc-1f8">
         <name>.text:IntRegister</name>
         <load_address>0x20007454</load_address>
         <run_address>0x20007454</run_address>
         <size>0x20</size>
         <input_file_ref idref="fl-e5"/>
      </object_component>
      <object_component id="oc-116">
         <name>.text:GPIOIntRegister</name>
         <load_address>0x20007474</load_address>
         <run_address>0x20007474</run_address>
         <size>0x1e</size>
         <input_file_ref idref="fl-e4"/>
      </object_component>
      <object_component id="oc-128">
         <name>.text:TimerEnable</name>
         <load_address>0x20007492</load_address>
         <run_address>0x20007492</run_address>
         <size>0x1e</size>
         <input_file_ref idref="fl-e8"/>
      </object_component>
      <object_component id="oc-19e">
         <name>.text:UARTCharPut</name>
         <load_address>0x200074b0</load_address>
         <run_address>0x200074b0</run_address>
         <size>0x1e</size>
         <input_file_ref idref="fl-e9"/>
      </object_component>
      <object_component id="oc-1b0">
         <name>.text:UARTCharGetNonBlocking</name>
         <load_address>0x200074ce</load_address>
         <run_address>0x200074ce</run_address>
         <size>0x1c</size>
         <input_file_ref idref="fl-e9"/>
      </object_component>
      <object_component id="oc-2a9">
         <name>.text</name>
         <load_address>0x200074ea</load_address>
         <run_address>0x200074ea</run_address>
         <size>0x1c</size>
         <input_file_ref idref="fl-dc"/>
      </object_component>
      <object_component id="oc-12e">
         <name>.text:GPIOIntEnable</name>
         <load_address>0x20007506</load_address>
         <run_address>0x20007506</run_address>
         <size>0x1a</size>
         <input_file_ref idref="fl-e4"/>
      </object_component>
      <object_component id="oc-1eb">
         <name>.text:PinTypeUART</name>
         <load_address>0x20007520</load_address>
         <run_address>0x20007520</run_address>
         <size>0x1a</size>
         <input_file_ref idref="fl-e6"/>
      </object_component>
      <object_component id="oc-1aa">
         <name>.text:UARTCharsAvail</name>
         <load_address>0x2000753a</load_address>
         <run_address>0x2000753a</run_address>
         <size>0x18</size>
         <input_file_ref idref="fl-e9"/>
      </object_component>
      <object_component id="oc-6b">
         <name>.text</name>
         <load_address>0x20007554</load_address>
         <run_address>0x20007554</run_address>
         <size>0x18</size>
         <input_file_ref idref="fl-d0"/>
      </object_component>
      <object_component id="oc-173">
         <name>.text:PRCMHIBRegRead</name>
         <load_address>0x2000756c</load_address>
         <run_address>0x2000756c</run_address>
         <size>0x16</size>
         <input_file_ref idref="fl-e7"/>
      </object_component>
      <object_component id="oc-179">
         <name>.text:PRCMHIBRegWrite</name>
         <load_address>0x20007582</load_address>
         <run_address>0x20007582</run_address>
         <size>0x16</size>
         <input_file_ref idref="fl-e7"/>
      </object_component>
      <object_component id="oc-29d">
         <name>.text</name>
         <load_address>0x20007598</load_address>
         <run_address>0x20007598</run_address>
         <size>0x16</size>
         <input_file_ref idref="fl-e0"/>
      </object_component>
      <object_component id="oc-162">
         <name>.text:CPUcpsie</name>
         <load_address>0x200075ae</load_address>
         <run_address>0x200075ae</run_address>
         <size>0x14</size>
         <input_file_ref idref="fl-eb"/>
      </object_component>
      <object_component id="oc-de">
         <name>.text:GPIOIntClear</name>
         <load_address>0x200075c2</load_address>
         <run_address>0x200075c2</run_address>
         <size>0x14</size>
         <input_file_ref idref="fl-e4"/>
      </object_component>
      <object_component id="oc-e4">
         <name>.text:IntVTableBaseSet</name>
         <load_address>0x200075d8</load_address>
         <run_address>0x200075d8</run_address>
         <size>0x14</size>
         <input_file_ref idref="fl-e5"/>
      </object_component>
      <object_component id="oc-142">
         <name>.text</name>
         <load_address>0x200075ec</load_address>
         <run_address>0x200075ec</run_address>
         <size>0x14</size>
         <input_file_ref idref="fl-ce"/>
      </object_component>
      <object_component id="oc-1b6">
         <name>.text</name>
         <load_address>0x20007600</load_address>
         <run_address>0x20007600</run_address>
         <size>0x14</size>
         <input_file_ref idref="fl-cc"/>
      </object_component>
      <object_component id="oc-18">
         <name>.text:decompress:none</name>
         <load_address>0x20007614</load_address>
         <run_address>0x20007614</run_address>
         <size>0xe</size>
         <input_file_ref idref="fl-c2"/>
      </object_component>
      <object_component id="oc-2d">
         <name>.text</name>
         <load_address>0x20007622</load_address>
         <run_address>0x20007622</run_address>
         <size>0xe</size>
         <input_file_ref idref="fl-4"/>
      </object_component>
      <object_component id="oc-1e">
         <name>.text:decompress:ZI</name>
         <load_address>0x20007630</load_address>
         <run_address>0x20007630</run_address>
         <size>0xc</size>
         <input_file_ref idref="fl-c3"/>
      </object_component>
      <object_component id="oc-ea">
         <name>.text:IntMasterEnable</name>
         <load_address>0x2000763c</load_address>
         <run_address>0x2000763c</run_address>
         <size>0xa</size>
         <input_file_ref idref="fl-e5"/>
      </object_component>
      <object_component id="oc-2d8">
         <name>.text</name>
         <load_address>0x20007646</load_address>
         <run_address>0x20007646</run_address>
         <size>0x8</size>
         <input_file_ref idref="fl-e3"/>
      </object_component>
      <object_component id="oc-20c">
         <name>.text:UtilsDelay</name>
         <load_address>0x2000764e</load_address>
         <run_address>0x2000764e</run_address>
         <size>0x6</size>
         <input_file_ref idref="fl-ea"/>
      </object_component>
      <object_component id="oc-5f">
         <name>.text</name>
         <load_address>0x20007654</load_address>
         <run_address>0x20007654</run_address>
         <size>0x4</size>
         <input_file_ref idref="fl-ca"/>
      </object_component>
      <object_component id="oc-2e5">
         <name>.const:.string:_ctypes_</name>
         <load_address>0x20007658</load_address>
         <run_address>0x20007658</run_address>
         <size>0x101</size>
         <input_file_ref idref="fl-d4"/>
      </object_component>
      <object_component id="oc-245">
         <name>.const:g_ulPinToPadMap</name>
         <load_address>0x2000775c</load_address>
         <run_address>0x2000775c</run_address>
         <size>0x100</size>
         <input_file_ref idref="fl-e6"/>
      </object_component>
      <object_component id="oc-20f">
         <name>.const:PRCM_PeriphRegsList</name>
         <load_address>0x2000785c</load_address>
         <run_address>0x2000785c</run_address>
         <size>0xa8</size>
         <input_file_ref idref="fl-e7"/>
      </object_component>
      <object_component id="oc-169">
         <name>.const</name>
         <load_address>0x20007904</load_address>
         <run_address>0x20007904</run_address>
         <size>0x80</size>
         <input_file_ref idref="fl-e5"/>
      </object_component>
      <object_component id="oc-32a">
         <name>.cinit..data.load</name>
         <load_address>0x20007988</load_address>
         <run_address>0x20007988</run_address>
         <size>0x1c</size>
      </object_component>
      <object_component id="oc-328">
         <name>__TI_handler_table</name>
         <load_address>0x200079a4</load_address>
         <run_address>0x200079a4</run_address>
         <size>0xc</size>
      </object_component>
      <object_component id="oc-32b">
         <name>.cinit..bss.load</name>
         <load_address>0x200079b0</load_address>
         <run_address>0x200079b0</run_address>
         <size>0x8</size>
      </object_component>
      <object_component id="oc-329">
         <name>__TI_cinit_table</name>
         <load_address>0x200079b8</load_address>
         <run_address>0x200079b8</run_address>
         <size>0x10</size>
      </object_component>
      <object_component id="oc-b0">
         <name>.data:$O1$$</name>
         <load_address>0x2001d844</load_address>
         <run_address>0x2001d844</run_address>
         <size>0xc</size>
         <input_file_ref idref="fl-c4"/>
      </object_component>
      <object_component id="oc-23d">
         <name>.data:$O1$$</name>
         <load_address>0x2001d850</load_address>
         <run_address>0x2001d850</run_address>
         <size>0xc</size>
         <input_file_ref idref="fl-c7"/>
      </object_component>
      <object_component id="oc-77">
         <name>.data</name>
         <load_address>0x2001d868</load_address>
         <run_address>0x2001d868</run_address>
         <size>0x4</size>
         <input_file_ref idref="fl-cb"/>
      </object_component>
      <object_component id="oc-b3">
         <name>.data:$O1$$</name>
         <load_address>0x2001d85c</load_address>
         <run_address>0x2001d85c</run_address>
         <size>0x8</size>
         <input_file_ref idref="fl-ce"/>
      </object_component>
      <object_component id="oc-2de">
         <name>.data</name>
         <load_address>0x2001d864</load_address>
         <run_address>0x2001d864</run_address>
         <size>0x4</size>
         <input_file_ref idref="fl-e2"/>
      </object_component>
      <object_component id="oc-1c8">
         <name>.bss</name>
         <uninitialized>true</uninitialized>
         <run_address>0x2001d800</run_address>
         <size>0x4</size>
         <input_file_ref idref="fl-5"/>
      </object_component>
      <object_component id="oc-136">
         <name>.common:SW2_intcount</name>
         <uninitialized>true</uninitialized>
         <run_address>0x2001d804</run_address>
         <size>0x4</size>
      </object_component>
      <object_component id="oc-137">
         <name>.common:SW3_intcount</name>
         <uninitialized>true</uninitialized>
         <run_address>0x2001d808</run_address>
         <size>0x4</size>
      </object_component>
      <object_component id="oc-134">
         <name>.common:pin_intcount</name>
         <uninitialized>true</uninitialized>
         <run_address>0x2001d83c</run_address>
         <size>0x4</size>
      </object_component>
      <object_component id="oc-135">
         <name>.common:pin_intflag</name>
         <uninitialized>true</uninitialized>
         <run_address>0x2001d840</run_address>
         <size>0x1</size>
      </object_component>
      <object_component id="oc-102">
         <name>.common:b0</name>
         <uninitialized>true</uninitialized>
         <run_address>0x2001d80c</run_address>
         <size>0x4</size>
      </object_component>
      <object_component id="oc-105">
         <name>.common:b1</name>
         <uninitialized>true</uninitialized>
         <run_address>0x2001d810</run_address>
         <size>0x4</size>
      </object_component>
      <object_component id="oc-106">
         <name>.common:b2</name>
         <uninitialized>true</uninitialized>
         <run_address>0x2001d814</run_address>
         <size>0x4</size>
      </object_component>
      <object_component id="oc-107">
         <name>.common:b3</name>
         <uninitialized>true</uninitialized>
         <run_address>0x2001d818</run_address>
         <size>0x4</size>
      </object_component>
      <object_component id="oc-108">
         <name>.common:b4</name>
         <uninitialized>true</uninitialized>
         <run_address>0x2001d81c</run_address>
         <size>0x4</size>
      </object_component>
      <object_component id="oc-109">
         <name>.common:b5</name>
         <uninitialized>true</uninitialized>
         <run_address>0x2001d820</run_address>
         <size>0x4</size>
      </object_component>
      <object_component id="oc-10a">
         <name>.common:b6</name>
         <uninitialized>true</uninitialized>
         <run_address>0x2001d824</run_address>
         <size>0x4</size>
      </object_component>
      <object_component id="oc-10b">
         <name>.common:b7</name>
         <uninitialized>true</uninitialized>
         <run_address>0x2001d828</run_address>
         <size>0x4</size>
      </object_component>
      <object_component id="oc-10c">
         <name>.common:b8</name>
         <uninitialized>true</uninitialized>
         <run_address>0x2001d82c</run_address>
         <size>0x4</size>
      </object_component>
      <object_component id="oc-10d">
         <name>.common:b9</name>
         <uninitialized>true</uninitialized>
         <run_address>0x2001d830</run_address>
         <size>0x4</size>
      </object_component>
      <object_component id="oc-10e">
         <name>.common:mute</name>
         <uninitialized>true</uninitialized>
         <run_address>0x2001d838</run_address>
         <size>0x4</size>
      </object_component>
      <object_component id="oc-10f">
         <name>.common:enter</name>
         <uninitialized>true</uninitialized>
         <run_address>0x2001d834</run_address>
         <size>0x4</size>
      </object_component>
      <object_component id="oc-2a">
         <name>.sysmem</name>
         <uninitialized>true</uninitialized>
         <run_address>0x2001d000</run_address>
         <size>0x8</size>
         <input_file_ref idref="fl-c7"/>
      </object_component>
      <object_component id="oc-32d">
         <name>.sysmem</name>
         <uninitialized>true</uninitialized>
         <run_address>0x2001d000</run_address>
         <size>0x0</size>
      </object_component>
      <object_component id="oc-29">
         <name>.stack</name>
         <uninitialized>true</uninitialized>
         <run_address>0x2003f800</run_address>
         <size>0x0</size>
         <input_file_ref idref="fl-c0"/>
      </object_component>
      <object_component id="oc-32c">
         <name>.stack</name>
         <uninitialized>true</uninitialized>
         <run_address>0x2003f800</run_address>
         <size>0x0</size>
      </object_component>
      <object_component id="oc-103">
         <name>.debug_info</name>
         <load_address>0x0</load_address>
         <run_address>0x0</run_address>
         <size>0x598</size>
         <input_file_ref idref="fl-2"/>
      </object_component>
      <object_component id="oc-a9">
         <name>.debug_info</name>
         <load_address>0x598</load_address>
         <run_address>0x598</run_address>
         <size>0x461</size>
         <input_file_ref idref="fl-2"/>
      </object_component>
      <object_component id="oc-25c">
         <name>.debug_info</name>
         <load_address>0x9f9</load_address>
         <run_address>0x9f9</run_address>
         <size>0x62</size>
         <input_file_ref idref="fl-2"/>
      </object_component>
      <object_component id="oc-3c">
         <name>.debug_info</name>
         <load_address>0xa5b</load_address>
         <run_address>0xa5b</run_address>
         <size>0x84</size>
         <input_file_ref idref="fl-2"/>
      </object_component>
      <object_component id="oc-15b">
         <name>.debug_info</name>
         <load_address>0xadf</load_address>
         <run_address>0xadf</run_address>
         <size>0x2c</size>
         <input_file_ref idref="fl-2"/>
      </object_component>
      <object_component id="oc-1cd">
         <name>.debug_info</name>
         <load_address>0xb0b</load_address>
         <run_address>0xb0b</run_address>
         <size>0x4e</size>
         <input_file_ref idref="fl-2"/>
      </object_component>
      <object_component id="oc-111">
         <name>.debug_info</name>
         <load_address>0xb59</load_address>
         <run_address>0xb59</run_address>
         <size>0x300</size>
         <input_file_ref idref="fl-3"/>
      </object_component>
      <object_component id="oc-35">
         <name>.debug_info</name>
         <load_address>0xe59</load_address>
         <run_address>0xe59</run_address>
         <size>0x115</size>
         <input_file_ref idref="fl-4"/>
      </object_component>
      <object_component id="oc-10">
         <name>.debug_info</name>
         <load_address>0xf6e</load_address>
         <run_address>0xf6e</run_address>
         <size>0x100</size>
         <input_file_ref idref="fl-4"/>
      </object_component>
      <object_component id="oc-2e">
         <name>.debug_info</name>
         <load_address>0x106e</load_address>
         <run_address>0x106e</run_address>
         <size>0x421</size>
         <input_file_ref idref="fl-4"/>
      </object_component>
      <object_component id="oc-1cc">
         <name>.debug_info</name>
         <load_address>0x148f</load_address>
         <run_address>0x148f</run_address>
         <size>0x34a</size>
         <input_file_ref idref="fl-5"/>
      </object_component>
      <object_component id="oc-1c9">
         <name>.debug_info</name>
         <load_address>0x17d9</load_address>
         <run_address>0x17d9</run_address>
         <size>0xca</size>
         <input_file_ref idref="fl-5"/>
      </object_component>
      <object_component id="oc-fd">
         <name>.debug_info</name>
         <load_address>0x18a3</load_address>
         <run_address>0x18a3</run_address>
         <size>0x630</size>
         <input_file_ref idref="fl-5"/>
      </object_component>
      <object_component id="oc-1d2">
         <name>.debug_info</name>
         <load_address>0x1ed3</load_address>
         <run_address>0x1ed3</run_address>
         <size>0x110</size>
         <input_file_ref idref="fl-5"/>
      </object_component>
      <object_component id="oc-26">
         <name>.debug_info</name>
         <load_address>0x1fe3</load_address>
         <run_address>0x1fe3</run_address>
         <size>0x160</size>
         <input_file_ref idref="fl-c0"/>
      </object_component>
      <object_component id="oc-87">
         <name>.debug_info</name>
         <load_address>0x2143</load_address>
         <run_address>0x2143</run_address>
         <size>0xf9</size>
         <input_file_ref idref="fl-c1"/>
      </object_component>
      <object_component id="oc-16">
         <name>.debug_info</name>
         <load_address>0x223c</load_address>
         <run_address>0x223c</run_address>
         <size>0x245</size>
         <input_file_ref idref="fl-c1"/>
      </object_component>
      <object_component id="oc-37">
         <name>.debug_info</name>
         <load_address>0x2481</load_address>
         <run_address>0x2481</run_address>
         <size>0x60</size>
         <input_file_ref idref="fl-c1"/>
      </object_component>
      <object_component id="oc-82">
         <name>.debug_info</name>
         <load_address>0x24e1</load_address>
         <run_address>0x24e1</run_address>
         <size>0x46</size>
         <input_file_ref idref="fl-c1"/>
      </object_component>
      <object_component id="oc-4c">
         <name>.debug_info</name>
         <load_address>0x2527</load_address>
         <run_address>0x2527</run_address>
         <size>0x140</size>
         <input_file_ref idref="fl-c2"/>
      </object_component>
      <object_component id="oc-1c">
         <name>.debug_info</name>
         <load_address>0x2667</load_address>
         <run_address>0x2667</run_address>
         <size>0x1df</size>
         <input_file_ref idref="fl-c2"/>
      </object_component>
      <object_component id="oc-47">
         <name>.debug_info</name>
         <load_address>0x2846</load_address>
         <run_address>0x2846</run_address>
         <size>0x46</size>
         <input_file_ref idref="fl-c2"/>
      </object_component>
      <object_component id="oc-89">
         <name>.debug_info</name>
         <load_address>0x288c</load_address>
         <run_address>0x288c</run_address>
         <size>0x2c</size>
         <input_file_ref idref="fl-c2"/>
      </object_component>
      <object_component id="oc-58">
         <name>.debug_info</name>
         <load_address>0x28b8</load_address>
         <run_address>0x28b8</run_address>
         <size>0x12f</size>
         <input_file_ref idref="fl-c3"/>
      </object_component>
      <object_component id="oc-1f">
         <name>.debug_info</name>
         <load_address>0x29e7</load_address>
         <run_address>0x29e7</run_address>
         <size>0x1aa</size>
         <input_file_ref idref="fl-c3"/>
      </object_component>
      <object_component id="oc-53">
         <name>.debug_info</name>
         <load_address>0x2b91</load_address>
         <run_address>0x2b91</run_address>
         <size>0x46</size>
         <input_file_ref idref="fl-c3"/>
      </object_component>
      <object_component id="oc-91">
         <name>.debug_info</name>
         <load_address>0x2bd7</load_address>
         <run_address>0x2bd7</run_address>
         <size>0x2c</size>
         <input_file_ref idref="fl-c3"/>
      </object_component>
      <object_component id="oc-b7">
         <name>.debug_info</name>
         <load_address>0x2c03</load_address>
         <run_address>0x2c03</run_address>
         <size>0x234</size>
         <input_file_ref idref="fl-c4"/>
      </object_component>
      <object_component id="oc-b1">
         <name>.debug_info</name>
         <load_address>0x2e37</load_address>
         <run_address>0x2e37</run_address>
         <size>0x185</size>
         <input_file_ref idref="fl-c4"/>
      </object_component>
      <object_component id="oc-72">
         <name>.debug_info</name>
         <load_address>0x2fbc</load_address>
         <run_address>0x2fbc</run_address>
         <size>0x214</size>
         <input_file_ref idref="fl-c4"/>
      </object_component>
      <object_component id="oc-42">
         <name>.debug_info</name>
         <load_address>0x31d0</load_address>
         <run_address>0x31d0</run_address>
         <size>0x111</size>
         <input_file_ref idref="fl-c5"/>
      </object_component>
      <object_component id="oc-23c">
         <name>.debug_info</name>
         <load_address>0x32e1</load_address>
         <run_address>0x32e1</run_address>
         <size>0x12c</size>
         <input_file_ref idref="fl-c6"/>
      </object_component>
      <object_component id="oc-1bd">
         <name>.debug_info</name>
         <load_address>0x340d</load_address>
         <run_address>0x340d</run_address>
         <size>0x1ab</size>
         <input_file_ref idref="fl-c6"/>
      </object_component>
      <object_component id="oc-7d">
         <name>.debug_info</name>
         <load_address>0x35b8</load_address>
         <run_address>0x35b8</run_address>
         <size>0x222</size>
         <input_file_ref idref="fl-c7"/>
      </object_component>
      <object_component id="oc-2b">
         <name>.debug_info</name>
         <load_address>0x37da</load_address>
         <run_address>0x37da</run_address>
         <size>0x101</size>
         <input_file_ref idref="fl-c7"/>
      </object_component>
      <object_component id="oc-23e">
         <name>.debug_info</name>
         <load_address>0x38db</load_address>
         <run_address>0x38db</run_address>
         <size>0x14c</size>
         <input_file_ref idref="fl-c7"/>
      </object_component>
      <object_component id="oc-1c3">
         <name>.debug_info</name>
         <load_address>0x3a27</load_address>
         <run_address>0x3a27</run_address>
         <size>0x885</size>
         <input_file_ref idref="fl-c7"/>
      </object_component>
      <object_component id="oc-bd">
         <name>.debug_info</name>
         <load_address>0x42ac</load_address>
         <run_address>0x42ac</run_address>
         <size>0x2c</size>
         <input_file_ref idref="fl-c7"/>
      </object_component>
      <object_component id="oc-c2">
         <name>.debug_info</name>
         <load_address>0x42d8</load_address>
         <run_address>0x42d8</run_address>
         <size>0x62</size>
         <input_file_ref idref="fl-c7"/>
      </object_component>
      <object_component id="oc-4e">
         <name>.debug_info</name>
         <load_address>0x433a</load_address>
         <run_address>0x433a</run_address>
         <size>0x13f</size>
         <input_file_ref idref="fl-c8"/>
      </object_component>
      <object_component id="oc-5b">
         <name>.debug_info</name>
         <load_address>0x4479</load_address>
         <run_address>0x4479</run_address>
         <size>0x138</size>
         <input_file_ref idref="fl-c9"/>
      </object_component>
      <object_component id="oc-60">
         <name>.debug_info</name>
         <load_address>0x45b1</load_address>
         <run_address>0x45b1</run_address>
         <size>0x148</size>
         <input_file_ref idref="fl-ca"/>
      </object_component>
      <object_component id="oc-78">
         <name>.debug_info</name>
         <load_address>0x46f9</load_address>
         <run_address>0x46f9</run_address>
         <size>0x109</size>
         <input_file_ref idref="fl-cb"/>
      </object_component>
      <object_component id="oc-23a">
         <name>.debug_info</name>
         <load_address>0x4802</load_address>
         <run_address>0x4802</run_address>
         <size>0xea</size>
         <input_file_ref idref="fl-cc"/>
      </object_component>
      <object_component id="oc-1b7">
         <name>.debug_info</name>
         <load_address>0x48ec</load_address>
         <run_address>0x48ec</run_address>
         <size>0x22a</size>
         <input_file_ref idref="fl-cc"/>
      </object_component>
      <object_component id="oc-22c">
         <name>.debug_info</name>
         <load_address>0x4b16</load_address>
         <run_address>0x4b16</run_address>
         <size>0x1c8</size>
         <input_file_ref idref="fl-cd"/>
      </object_component>
      <object_component id="oc-1a5">
         <name>.debug_info</name>
         <load_address>0x4cde</load_address>
         <run_address>0x4cde</run_address>
         <size>0x35c</size>
         <input_file_ref idref="fl-cd"/>
      </object_component>
      <object_component id="oc-22d">
         <name>.debug_info</name>
         <load_address>0x503a</load_address>
         <run_address>0x503a</run_address>
         <size>0x2c</size>
         <input_file_ref idref="fl-cd"/>
      </object_component>
      <object_component id="oc-232">
         <name>.debug_info</name>
         <load_address>0x5066</load_address>
         <run_address>0x5066</run_address>
         <size>0x69</size>
         <input_file_ref idref="fl-cd"/>
      </object_component>
      <object_component id="oc-14a">
         <name>.debug_info</name>
         <load_address>0x50cf</load_address>
         <run_address>0x50cf</run_address>
         <size>0x124</size>
         <input_file_ref idref="fl-ce"/>
      </object_component>
      <object_component id="oc-b4">
         <name>.debug_info</name>
         <load_address>0x51f3</load_address>
         <run_address>0x51f3</run_address>
         <size>0x113</size>
         <input_file_ref idref="fl-ce"/>
      </object_component>
      <object_component id="oc-143">
         <name>.debug_info</name>
         <load_address>0x5306</load_address>
         <run_address>0x5306</run_address>
         <size>0x21f</size>
         <input_file_ref idref="fl-ce"/>
      </object_component>
      <object_component id="oc-2b0">
         <name>.debug_info</name>
         <load_address>0x5525</load_address>
         <run_address>0x5525</run_address>
         <size>0x385</size>
         <input_file_ref idref="fl-cf"/>
      </object_component>
      <object_component id="oc-226">
         <name>.debug_info</name>
         <load_address>0x58aa</load_address>
         <run_address>0x58aa</run_address>
         <size>0x1554</size>
         <input_file_ref idref="fl-cf"/>
      </object_component>
      <object_component id="oc-2b1">
         <name>.debug_info</name>
         <load_address>0x6dfe</load_address>
         <run_address>0x6dfe</run_address>
         <size>0x86</size>
         <input_file_ref idref="fl-cf"/>
      </object_component>
      <object_component id="oc-2ee">
         <name>.debug_info</name>
         <load_address>0x6e84</load_address>
         <run_address>0x6e84</run_address>
         <size>0x46</size>
         <input_file_ref idref="fl-cf"/>
      </object_component>
      <object_component id="oc-2b6">
         <name>.debug_info</name>
         <load_address>0x6eca</load_address>
         <run_address>0x6eca</run_address>
         <size>0x39</size>
         <input_file_ref idref="fl-cf"/>
      </object_component>
      <object_component id="oc-af">
         <name>.debug_info</name>
         <load_address>0x6f03</load_address>
         <run_address>0x6f03</run_address>
         <size>0x166</size>
         <input_file_ref idref="fl-d0"/>
      </object_component>
      <object_component id="oc-6c">
         <name>.debug_info</name>
         <load_address>0x7069</load_address>
         <run_address>0x7069</run_address>
         <size>0x167</size>
         <input_file_ref idref="fl-d0"/>
      </object_component>
      <object_component id="oc-13b">
         <name>.debug_info</name>
         <load_address>0x71d0</load_address>
         <run_address>0x71d0</run_address>
         <size>0x5e</size>
         <input_file_ref idref="fl-d0"/>
      </object_component>
      <object_component id="oc-2e9">
         <name>.debug_info</name>
         <load_address>0x722e</load_address>
         <run_address>0x722e</run_address>
         <size>0x114</size>
         <input_file_ref idref="fl-d1"/>
      </object_component>
      <object_component id="oc-2a7">
         <name>.debug_info</name>
         <load_address>0x7342</load_address>
         <run_address>0x7342</run_address>
         <size>0x171</size>
         <input_file_ref idref="fl-d1"/>
      </object_component>
      <object_component id="oc-a7">
         <name>.debug_info</name>
         <load_address>0x74b3</load_address>
         <run_address>0x74b3</run_address>
         <size>0x2e9</size>
         <input_file_ref idref="fl-d2"/>
      </object_component>
      <object_component id="oc-66">
         <name>.debug_info</name>
         <load_address>0x779c</load_address>
         <run_address>0x779c</run_address>
         <size>0x190</size>
         <input_file_ref idref="fl-d2"/>
      </object_component>
      <object_component id="oc-ce">
         <name>.debug_info</name>
         <load_address>0x792c</load_address>
         <run_address>0x792c</run_address>
         <size>0x39</size>
         <input_file_ref idref="fl-d2"/>
      </object_component>
      <object_component id="oc-155">
         <name>.debug_info</name>
         <load_address>0x7965</load_address>
         <run_address>0x7965</run_address>
         <size>0x39</size>
         <input_file_ref idref="fl-d2"/>
      </object_component>
      <object_component id="oc-d3">
         <name>.debug_info</name>
         <load_address>0x799e</load_address>
         <run_address>0x799e</run_address>
         <size>0xcd</size>
         <input_file_ref idref="fl-d2"/>
      </object_component>
      <object_component id="oc-ca">
         <name>.debug_info</name>
         <load_address>0x7a6b</load_address>
         <run_address>0x7a6b</run_address>
         <size>0x1e0</size>
         <input_file_ref idref="fl-d3"/>
      </object_component>
      <object_component id="oc-9c">
         <name>.debug_info</name>
         <load_address>0x7c4b</load_address>
         <run_address>0x7c4b</run_address>
         <size>0x183</size>
         <input_file_ref idref="fl-d3"/>
      </object_component>
      <object_component id="oc-150">
         <name>.debug_info</name>
         <load_address>0x7dce</load_address>
         <run_address>0x7dce</run_address>
         <size>0x2c</size>
         <input_file_ref idref="fl-d3"/>
      </object_component>
      <object_component id="oc-302">
         <name>.debug_info</name>
         <load_address>0x7dfa</load_address>
         <run_address>0x7dfa</run_address>
         <size>0xee</size>
         <input_file_ref idref="fl-d4"/>
      </object_component>
      <object_component id="oc-2e6">
         <name>.debug_info</name>
         <load_address>0x7ee8</load_address>
         <run_address>0x7ee8</run_address>
         <size>0xfa</size>
         <input_file_ref idref="fl-d4"/>
      </object_component>
      <object_component id="oc-28d">
         <name>.debug_info</name>
         <load_address>0x7fe2</load_address>
         <run_address>0x7fe2</run_address>
         <size>0x144</size>
         <input_file_ref idref="fl-d5"/>
      </object_component>
      <object_component id="oc-269">
         <name>.debug_info</name>
         <load_address>0x8126</load_address>
         <run_address>0x8126</run_address>
         <size>0x120</size>
         <input_file_ref idref="fl-d6"/>
      </object_component>
      <object_component id="oc-278">
         <name>.debug_info</name>
         <load_address>0x8246</load_address>
         <run_address>0x8246</run_address>
         <size>0x122</size>
         <input_file_ref idref="fl-d6"/>
      </object_component>
      <object_component id="oc-273">
         <name>.debug_info</name>
         <load_address>0x8368</load_address>
         <run_address>0x8368</run_address>
         <size>0x132</size>
         <input_file_ref idref="fl-d7"/>
      </object_component>
      <object_component id="oc-26e">
         <name>.debug_info</name>
         <load_address>0x849a</load_address>
         <run_address>0x849a</run_address>
         <size>0x132</size>
         <input_file_ref idref="fl-d8"/>
      </object_component>
      <object_component id="oc-27d">
         <name>.debug_info</name>
         <load_address>0x85cc</load_address>
         <run_address>0x85cc</run_address>
         <size>0x126</size>
         <input_file_ref idref="fl-d9"/>
      </object_component>
      <object_component id="oc-288">
         <name>.debug_info</name>
         <load_address>0x86f2</load_address>
         <run_address>0x86f2</run_address>
         <size>0x124</size>
         <input_file_ref idref="fl-da"/>
      </object_component>
      <object_component id="oc-2ce">
         <name>.debug_info</name>
         <load_address>0x8816</load_address>
         <run_address>0x8816</run_address>
         <size>0x14c</size>
         <input_file_ref idref="fl-db"/>
      </object_component>
      <object_component id="oc-282">
         <name>.debug_info</name>
         <load_address>0x8962</load_address>
         <run_address>0x8962</run_address>
         <size>0x1c2</size>
         <input_file_ref idref="fl-db"/>
      </object_component>
      <object_component id="oc-2eb">
         <name>.debug_info</name>
         <load_address>0x8b24</load_address>
         <run_address>0x8b24</run_address>
         <size>0xf1</size>
         <input_file_ref idref="fl-dc"/>
      </object_component>
      <object_component id="oc-2aa">
         <name>.debug_info</name>
         <load_address>0x8c15</load_address>
         <run_address>0x8c15</run_address>
         <size>0x1ab</size>
         <input_file_ref idref="fl-dc"/>
      </object_component>
      <object_component id="oc-2d2">
         <name>.debug_info</name>
         <load_address>0x8dc0</load_address>
         <run_address>0x8dc0</run_address>
         <size>0x13f</size>
         <input_file_ref idref="fl-dd"/>
      </object_component>
      <object_component id="oc-292">
         <name>.debug_info</name>
         <load_address>0x8eff</load_address>
         <run_address>0x8eff</run_address>
         <size>0x189</size>
         <input_file_ref idref="fl-dd"/>
      </object_component>
      <object_component id="oc-2d3">
         <name>.debug_info</name>
         <load_address>0x9088</load_address>
         <run_address>0x9088</run_address>
         <size>0x2c</size>
         <input_file_ref idref="fl-dd"/>
      </object_component>
      <object_component id="oc-2e2">
         <name>.debug_info</name>
         <load_address>0x90b4</load_address>
         <run_address>0x90b4</run_address>
         <size>0x17c</size>
         <input_file_ref idref="fl-de"/>
      </object_component>
      <object_component id="oc-298">
         <name>.debug_info</name>
         <load_address>0x9230</load_address>
         <run_address>0x9230</run_address>
         <size>0x1e6</size>
         <input_file_ref idref="fl-de"/>
      </object_component>
      <object_component id="oc-a1">
         <name>.debug_info</name>
         <load_address>0x9416</load_address>
         <run_address>0x9416</run_address>
         <size>0x145</size>
         <input_file_ref idref="fl-df"/>
      </object_component>
      <object_component id="oc-2e4">
         <name>.debug_info</name>
         <load_address>0x955b</load_address>
         <run_address>0x955b</run_address>
         <size>0xf5</size>
         <input_file_ref idref="fl-e0"/>
      </object_component>
      <object_component id="oc-29e">
         <name>.debug_info</name>
         <load_address>0x9650</load_address>
         <run_address>0x9650</run_address>
         <size>0x244</size>
         <input_file_ref idref="fl-e0"/>
      </object_component>
      <object_component id="oc-265">
         <name>.debug_info</name>
         <load_address>0x9894</load_address>
         <run_address>0x9894</run_address>
         <size>0x17d</size>
         <input_file_ref idref="fl-e1"/>
      </object_component>
      <object_component id="oc-2df">
         <name>.debug_info</name>
         <load_address>0x9a11</load_address>
         <run_address>0x9a11</run_address>
         <size>0xf3</size>
         <input_file_ref idref="fl-e2"/>
      </object_component>
      <object_component id="oc-2d9">
         <name>.debug_info</name>
         <load_address>0x9b04</load_address>
         <run_address>0x9b04</run_address>
         <size>0x154</size>
         <input_file_ref idref="fl-e3"/>
      </object_component>
      <object_component id="oc-1ff">
         <name>.debug_info</name>
         <load_address>0x9c58</load_address>
         <run_address>0x9c58</run_address>
         <size>0x17a</size>
         <input_file_ref idref="fl-e4"/>
      </object_component>
      <object_component id="oc-1f3">
         <name>.debug_info</name>
         <load_address>0x9dd2</load_address>
         <run_address>0x9dd2</run_address>
         <size>0x1aa</size>
         <input_file_ref idref="fl-e4"/>
      </object_component>
      <object_component id="oc-1e6">
         <name>.debug_info</name>
         <load_address>0x9f7c</load_address>
         <run_address>0x9f7c</run_address>
         <size>0x1e9</size>
         <input_file_ref idref="fl-e4"/>
      </object_component>
      <object_component id="oc-11d">
         <name>.debug_info</name>
         <load_address>0xa165</load_address>
         <run_address>0xa165</run_address>
         <size>0x1f4</size>
         <input_file_ref idref="fl-e4"/>
      </object_component>
      <object_component id="oc-12f">
         <name>.debug_info</name>
         <load_address>0xa359</load_address>
         <run_address>0xa359</run_address>
         <size>0x1cb</size>
         <input_file_ref idref="fl-e4"/>
      </object_component>
      <object_component id="oc-d9">
         <name>.debug_info</name>
         <load_address>0xa524</load_address>
         <run_address>0xa524</run_address>
         <size>0x1c3</size>
         <input_file_ref idref="fl-e4"/>
      </object_component>
      <object_component id="oc-df">
         <name>.debug_info</name>
         <load_address>0xa6e7</load_address>
         <run_address>0xa6e7</run_address>
         <size>0x1c9</size>
         <input_file_ref idref="fl-e4"/>
      </object_component>
      <object_component id="oc-117">
         <name>.debug_info</name>
         <load_address>0xa8b0</load_address>
         <run_address>0xa8b0</run_address>
         <size>0x214</size>
         <input_file_ref idref="fl-e4"/>
      </object_component>
      <object_component id="oc-20a">
         <name>.debug_info</name>
         <load_address>0xaac4</load_address>
         <run_address>0xaac4</run_address>
         <size>0x19b</size>
         <input_file_ref idref="fl-e5"/>
      </object_component>
      <object_component id="oc-16a">
         <name>.debug_info</name>
         <load_address>0xac5f</load_address>
         <run_address>0xac5f</run_address>
         <size>0x19e</size>
         <input_file_ref idref="fl-e5"/>
      </object_component>
      <object_component id="oc-eb">
         <name>.debug_info</name>
         <load_address>0xadfd</load_address>
         <run_address>0xadfd</run_address>
         <size>0x188</size>
         <input_file_ref idref="fl-e5"/>
      </object_component>
      <object_component id="oc-e5">
         <name>.debug_info</name>
         <load_address>0xaf85</load_address>
         <run_address>0xaf85</run_address>
         <size>0x1ba</size>
         <input_file_ref idref="fl-e5"/>
      </object_component>
      <object_component id="oc-1f9">
         <name>.debug_info</name>
         <load_address>0xb13f</load_address>
         <run_address>0xb13f</run_address>
         <size>0x204</size>
         <input_file_ref idref="fl-e5"/>
      </object_component>
      <object_component id="oc-f1">
         <name>.debug_info</name>
         <load_address>0xb343</load_address>
         <run_address>0xb343</run_address>
         <size>0x1ab</size>
         <input_file_ref idref="fl-e5"/>
      </object_component>
      <object_component id="oc-2c5">
         <name>.debug_info</name>
         <load_address>0xb4ee</load_address>
         <run_address>0xb4ee</run_address>
         <size>0xe8</size>
         <input_file_ref idref="fl-e6"/>
      </object_component>
      <object_component id="oc-246">
         <name>.debug_info</name>
         <load_address>0xb5d6</load_address>
         <run_address>0xb5d6</run_address>
         <size>0xf6</size>
         <input_file_ref idref="fl-e6"/>
      </object_component>
      <object_component id="oc-1db">
         <name>.debug_info</name>
         <load_address>0xb6cc</load_address>
         <run_address>0xb6cc</run_address>
         <size>0x1cb</size>
         <input_file_ref idref="fl-e6"/>
      </object_component>
      <object_component id="oc-24a">
         <name>.debug_info</name>
         <load_address>0xb897</load_address>
         <run_address>0xb897</run_address>
         <size>0x219</size>
         <input_file_ref idref="fl-e6"/>
      </object_component>
      <object_component id="oc-1ec">
         <name>.debug_info</name>
         <load_address>0xbab0</load_address>
         <run_address>0xbab0</run_address>
         <size>0x1e0</size>
         <input_file_ref idref="fl-e6"/>
      </object_component>
      <object_component id="oc-1e0">
         <name>.debug_info</name>
         <load_address>0xbc90</load_address>
         <run_address>0xbc90</run_address>
         <size>0x22e</size>
         <input_file_ref idref="fl-e6"/>
      </object_component>
      <object_component id="oc-214">
         <name>.debug_info</name>
         <load_address>0xbebe</load_address>
         <run_address>0xbebe</run_address>
         <size>0x1f8</size>
         <input_file_ref idref="fl-e7"/>
      </object_component>
      <object_component id="oc-210">
         <name>.debug_info</name>
         <load_address>0xc0b6</load_address>
         <run_address>0xc0b6</run_address>
         <size>0xff</size>
         <input_file_ref idref="fl-e7"/>
      </object_component>
      <object_component id="oc-16e">
         <name>.debug_info</name>
         <load_address>0xc1b5</load_address>
         <run_address>0xc1b5</run_address>
         <size>0x1b2</size>
         <input_file_ref idref="fl-e7"/>
      </object_component>
      <object_component id="oc-180">
         <name>.debug_info</name>
         <load_address>0xc367</load_address>
         <run_address>0xc367</run_address>
         <size>0x1f7</size>
         <input_file_ref idref="fl-e7"/>
      </object_component>
      <object_component id="oc-18c">
         <name>.debug_info</name>
         <load_address>0xc55e</load_address>
         <run_address>0xc55e</run_address>
         <size>0x1f9</size>
         <input_file_ref idref="fl-e7"/>
      </object_component>
      <object_component id="oc-193">
         <name>.debug_info</name>
         <load_address>0xc757</load_address>
         <run_address>0xc757</run_address>
         <size>0x222</size>
         <input_file_ref idref="fl-e7"/>
      </object_component>
      <object_component id="oc-186">
         <name>.debug_info</name>
         <load_address>0xc979</load_address>
         <run_address>0xc979</run_address>
         <size>0x1cc</size>
         <input_file_ref idref="fl-e7"/>
      </object_component>
      <object_component id="oc-f7">
         <name>.debug_info</name>
         <load_address>0xcb45</load_address>
         <run_address>0xcb45</run_address>
         <size>0x28f</size>
         <input_file_ref idref="fl-e7"/>
      </object_component>
      <object_component id="oc-174">
         <name>.debug_info</name>
         <load_address>0xcdd4</load_address>
         <run_address>0xcdd4</run_address>
         <size>0x1cb</size>
         <input_file_ref idref="fl-e7"/>
      </object_component>
      <object_component id="oc-17a">
         <name>.debug_info</name>
         <load_address>0xcf9f</load_address>
         <run_address>0xcf9f</run_address>
         <size>0x1e0</size>
         <input_file_ref idref="fl-e7"/>
      </object_component>
      <object_component id="oc-12a">
         <name>.debug_info</name>
         <load_address>0xd17f</load_address>
         <run_address>0xd17f</run_address>
         <size>0x1bb</size>
         <input_file_ref idref="fl-e8"/>
      </object_component>
      <object_component id="oc-124">
         <name>.debug_info</name>
         <load_address>0xd33a</load_address>
         <run_address>0xd33a</run_address>
         <size>0x1c5</size>
         <input_file_ref idref="fl-e8"/>
      </object_component>
      <object_component id="oc-199">
         <name>.debug_info</name>
         <load_address>0xd4ff</load_address>
         <run_address>0xd4ff</run_address>
         <size>0x268</size>
         <input_file_ref idref="fl-e9"/>
      </object_component>
      <object_component id="oc-21e">
         <name>.debug_info</name>
         <load_address>0xd767</load_address>
         <run_address>0xd767</run_address>
         <size>0x18a</size>
         <input_file_ref idref="fl-e9"/>
      </object_component>
      <object_component id="oc-218">
         <name>.debug_info</name>
         <load_address>0xd8f1</load_address>
         <run_address>0xd8f1</run_address>
         <size>0x18c</size>
         <input_file_ref idref="fl-e9"/>
      </object_component>
      <object_component id="oc-1ab">
         <name>.debug_info</name>
         <load_address>0xda7d</load_address>
         <run_address>0xda7d</run_address>
         <size>0x196</size>
         <input_file_ref idref="fl-e9"/>
      </object_component>
      <object_component id="oc-1b1">
         <name>.debug_info</name>
         <load_address>0xdc13</load_address>
         <run_address>0xdc13</run_address>
         <size>0x1a6</size>
         <input_file_ref idref="fl-e9"/>
      </object_component>
      <object_component id="oc-19f">
         <name>.debug_info</name>
         <load_address>0xddb9</load_address>
         <run_address>0xddb9</run_address>
         <size>0x1b7</size>
         <input_file_ref idref="fl-e9"/>
      </object_component>
      <object_component id="oc-163">
         <name>.debug_info</name>
         <load_address>0xdf70</load_address>
         <run_address>0xdf70</run_address>
         <size>0x15a</size>
         <input_file_ref idref="fl-eb"/>
      </object_component>
      <object_component id="oc-32e">
         <name>.debug_info</name>
         <load_address>0xe0ca</load_address>
         <run_address>0xe0ca</run_address>
         <size>0x96</size>
      </object_component>
      <object_component id="oc-1d8">
         <name>.debug_line</name>
         <load_address>0x0</load_address>
         <run_address>0x0</run_address>
         <size>0x15b</size>
         <input_file_ref idref="fl-2"/>
      </object_component>
      <object_component id="oc-ac">
         <name>.debug_line</name>
         <load_address>0x15b</load_address>
         <run_address>0x15b</run_address>
         <size>0x10b</size>
         <input_file_ref idref="fl-2"/>
      </object_component>
      <object_component id="oc-25f">
         <name>.debug_line</name>
         <load_address>0x266</load_address>
         <run_address>0x266</run_address>
         <size>0x55</size>
         <input_file_ref idref="fl-2"/>
      </object_component>
      <object_component id="oc-3f">
         <name>.debug_line</name>
         <load_address>0x2bb</load_address>
         <run_address>0x2bb</run_address>
         <size>0x20</size>
         <input_file_ref idref="fl-2"/>
      </object_component>
      <object_component id="oc-15e">
         <name>.debug_line</name>
         <load_address>0x2db</load_address>
         <run_address>0x2db</run_address>
         <size>0x53</size>
         <input_file_ref idref="fl-2"/>
      </object_component>
      <object_component id="oc-1d0">
         <name>.debug_line</name>
         <load_address>0x32e</load_address>
         <run_address>0x32e</run_address>
         <size>0x65</size>
         <input_file_ref idref="fl-2"/>
      </object_component>
      <object_component id="oc-114">
         <name>.debug_line</name>
         <load_address>0x393</load_address>
         <run_address>0x393</run_address>
         <size>0x68</size>
         <input_file_ref idref="fl-3"/>
      </object_component>
      <object_component id="oc-81">
         <name>.debug_line</name>
         <load_address>0x3fb</load_address>
         <run_address>0x3fb</run_address>
         <size>0x61</size>
         <input_file_ref idref="fl-4"/>
      </object_component>
      <object_component id="oc-34">
         <name>.debug_line</name>
         <load_address>0x45c</load_address>
         <run_address>0x45c</run_address>
         <size>0x61</size>
         <input_file_ref idref="fl-4"/>
      </object_component>
      <object_component id="oc-31">
         <name>.debug_line</name>
         <load_address>0x4bd</load_address>
         <run_address>0x4bd</run_address>
         <size>0xd9</size>
         <input_file_ref idref="fl-4"/>
      </object_component>
      <object_component id="oc-244">
         <name>.debug_line</name>
         <load_address>0x596</load_address>
         <run_address>0x596</run_address>
         <size>0x158</size>
         <input_file_ref idref="fl-5"/>
      </object_component>
      <object_component id="oc-242">
         <name>.debug_line</name>
         <load_address>0x6ee</load_address>
         <run_address>0x6ee</run_address>
         <size>0x30</size>
         <input_file_ref idref="fl-5"/>
      </object_component>
      <object_component id="oc-100">
         <name>.debug_line</name>
         <load_address>0x71e</load_address>
         <run_address>0x71e</run_address>
         <size>0x1aa</size>
         <input_file_ref idref="fl-5"/>
      </object_component>
      <object_component id="oc-1d5">
         <name>.debug_line</name>
         <load_address>0x8c8</load_address>
         <run_address>0x8c8</run_address>
         <size>0x65</size>
         <input_file_ref idref="fl-5"/>
      </object_component>
      <object_component id="oc-25">
         <name>.debug_line</name>
         <load_address>0x92d</load_address>
         <run_address>0x92d</run_address>
         <size>0x4d</size>
         <input_file_ref idref="fl-c0"/>
      </object_component>
      <object_component id="oc-c8">
         <name>.debug_line</name>
         <load_address>0x97a</load_address>
         <run_address>0x97a</run_address>
         <size>0x20</size>
         <input_file_ref idref="fl-c1"/>
      </object_component>
      <object_component id="oc-15">
         <name>.debug_line</name>
         <load_address>0x99a</load_address>
         <run_address>0x99a</run_address>
         <size>0xa9</size>
         <input_file_ref idref="fl-c1"/>
      </object_component>
      <object_component id="oc-3a">
         <name>.debug_line</name>
         <load_address>0xa43</load_address>
         <run_address>0xa43</run_address>
         <size>0x3a</size>
         <input_file_ref idref="fl-c1"/>
      </object_component>
      <object_component id="oc-85">
         <name>.debug_line</name>
         <load_address>0xa7d</load_address>
         <run_address>0xa7d</run_address>
         <size>0x8a</size>
         <input_file_ref idref="fl-c1"/>
      </object_component>
      <object_component id="oc-8f">
         <name>.debug_line</name>
         <load_address>0xb07</load_address>
         <run_address>0xb07</run_address>
         <size>0x8a</size>
         <input_file_ref idref="fl-c2"/>
      </object_component>
      <object_component id="oc-1a">
         <name>.debug_line</name>
         <load_address>0xb91</load_address>
         <run_address>0xb91</run_address>
         <size>0x55</size>
         <input_file_ref idref="fl-c2"/>
      </object_component>
      <object_component id="oc-4a">
         <name>.debug_line</name>
         <load_address>0xbe6</load_address>
         <run_address>0xbe6</run_address>
         <size>0x3a</size>
         <input_file_ref idref="fl-c2"/>
      </object_component>
      <object_component id="oc-8c">
[...]
         <name>b3</name>
         <value>0x2001d818</value>
      </symbol>
      <symbol id="sm-94">
         <name>b4</name>
         <value>0x2001d81c</value>
      </symbol>
      <symbol id="sm-95">
         <name>b5</name>
         <value>0x2001d820</value>
      </symbol>
      <symbol id="sm-96">
         <name>b6</name>
         <value>0x2001d824</value>
      </symbol>
      <symbol id="sm-97">
         <name>b7</name>
         <value>0x2001d828</value>
      </symbol>
      <symbol id="sm-98">
         <name>b8</name>
         <value>0x2001d82c</value>
      </symbol>
      <symbol id="sm-99">
         <name>b9</name>
         <value>0x2001d830</value>
      </symbol>
      <symbol id="sm-9a">
         <name>mute</name>
         <value>0x2001d838</value>
      </symbol>
      <symbol id="sm-9b">
         <name>enter</name>
         <value>0x2001d834</value>
      </symbol>
      <symbol id="sm-9c">
         <name>printpattern</name>
         <value>0x20005561</value>
         <object_component_ref idref="oc-a8"/>
      </symbol>
      <symbol id="sm-9d">
         <name>main</name>
         <value>0x200056d1</value>
         <object_component_ref idref="oc-a8"/>
      </symbol>
      <symbol id="sm-a7">
         <name>PinMuxConfig</name>
         <value>0x20006753</value>
         <object_component_ref idref="oc-110"/>
      </symbol>
      <symbol id="sm-c6">
         <name>ResetISR</name>
         <value>0x20007623</value>
         <object_component_ref idref="oc-2d"/>
      </symbol>
      <symbol id="sm-c7">
         <name>g_pfnVectors</name>
         <value>0x20004000</value>
         <object_component_ref idref="oc-f"/>
      </symbol>
      <symbol id="sm-109">
         <name>GetCmd</name>
         <value>0x20005dff</value>
         <object_component_ref idref="oc-fc"/>
      </symbol>
      <symbol id="sm-10a">
         <name>Message</name>
         <value>0x20005d9b</value>
         <object_component_ref idref="oc-fc"/>
      </symbol>
      <symbol id="sm-10b">
         <name>Report</name>
         <value>0x20005f3d</value>
         <object_component_ref idref="oc-fc"/>
      </symbol>
      <symbol id="sm-10c">
         <name>Error</name>
         <value>0x20005dc7</value>
         <object_component_ref idref="oc-fc"/>
      </symbol>
      <symbol id="sm-10d">
         <name>InitTerm</name>
         <value>0x20005d7d</value>
         <object_component_ref idref="oc-fc"/>
      </symbol>
      <symbol id="sm-10e">
         <name>ClearTerm</name>
         <value>0x20005dbd</value>
         <object_component_ref idref="oc-fc"/>
      </symbol>
      <symbol id="sm-10f">
         <name>TrimSpace</name>
         <value>0x20005ea5</value>
         <object_component_ref idref="oc-fc"/>
      </symbol>
      <symbol id="sm-11f">
         <name>_c_int00</name>
         <value>0x20007251</value>
         <object_component_ref idref="oc-24"/>
      </symbol>
      <symbol id="sm-120">
         <name>__stack</name>
         <value>0x2003f800</value>
         <object_component_ref idref="oc-29"/>
      </symbol>
      <symbol id="sm-13e">
         <name>__TI_decompress_lzss</name>
         <value>0x20006edd</value>
         <object_component_ref idref="oc-12"/>
      </symbol>
      <symbol id="sm-155">
         <name>__TI_decompress_none</name>
         <value>0x20007615</value>
         <object_component_ref idref="oc-18"/>
      </symbol>
      <symbol id="sm-16c">
         <name>__TI_zero_init</name>
         <value>0x20007631</value>
         <object_component_ref idref="oc-1e"/>
      </symbol>
      <symbol id="sm-18d">
         <name>C$$EXIT</name>
         <value>0x20007051</value>
         <object_component_ref idref="oc-71"/>
      </symbol>
      <symbol id="sm-18e">
         <name>abort</name>
         <value>0x20007055</value>
         <object_component_ref idref="oc-71"/>
      </symbol>
      <symbol id="sm-18f">
         <name>exit</name>
         <value>0x2000705d</value>
         <object_component_ref idref="oc-71"/>
      </symbol>
      <symbol id="sm-190">
         <name>__TI_dtors_ptr</name>
         <value>0x2001d848</value>
         <object_component_ref idref="oc-b0"/>
      </symbol>
      <symbol id="sm-191">
         <name>__TI_cleanup_ptr</name>
         <value>0x2001d844</value>
         <object_component_ref idref="oc-b0"/>
      </symbol>
      <symbol id="sm-192">
         <name>__TI_enable_exit_profile_output</name>
         <value>0x2001d84c</value>
         <object_component_ref idref="oc-b0"/>
      </symbol>
      <symbol id="sm-1ad">
         <name>memcpy</name>
         <value>0x200069ad</value>
         <object_component_ref idref="oc-41"/>
      </symbol>
      <symbol id="sm-1ae">
         <name>__aeabi_memcpy</name>
         <value>0x200069ad</value>
         <object_component_ref idref="oc-41"/>
      </symbol>
      <symbol id="sm-1af">
         <name>__aeabi_memcpy8</name>
         <value>0x200069ad</value>
         <object_component_ref idref="oc-41"/>
      </symbol>
      <symbol id="sm-1b0">
         <name>__aeabi_memcpy4</name>
         <value>0x200069ad</value>
         <object_component_ref idref="oc-41"/>
      </symbol>
      <symbol id="sm-1c0">
         <name>memmove</name>
         <value>0x2000740d</value>
         <object_component_ref idref="oc-1bc"/>
      </symbol>
      <symbol id="sm-234">
         <name>_sys_memory</name>
         <value>0x2001d000</value>
         <object_component_ref idref="oc-2a"/>
      </symbol>
      <symbol id="sm-235">
         <name>free</name>
         <value>0x20005a97</value>
         <object_component_ref idref="oc-1c2"/>
      </symbol>
      <symbol id="sm-236">
         <name>realloc</name>
         <value>0x20005b59</value>
         <object_component_ref idref="oc-1c2"/>
      </symbol>
      <symbol id="sm-237">
         <name>memalign</name>
         <value>0x20005c61</value>
         <object_component_ref idref="oc-1c2"/>
      </symbol>
      <symbol id="sm-238">
         <name>calloc</name>
         <value>0x20005d4d</value>
         <object_component_ref idref="oc-1c2"/>
      </symbol>
      <symbol id="sm-239">
         <name>malloc</name>
         <value>0x20005a2d</value>
         <object_component_ref idref="oc-1c2"/>
      </symbol>
      <symbol id="sm-23a">
         <name>minit</name>
         <value>0x200059ad</value>
         <object_component_ref idref="oc-1c2"/>
      </symbol>
      <symbol id="sm-249">
         <name>__aeabi_memset</name>
         <value>0x20006d7d</value>
         <object_component_ref idref="oc-4d"/>
      </symbol>
      <symbol id="sm-24a">
         <name>memset</name>
         <value>0x20006d83</value>
         <object_component_ref idref="oc-4d"/>
      </symbol>
      <symbol id="sm-24b">
         <name>__aeabi_memset8</name>
         <value>0x20006d7d</value>
         <object_component_ref idref="oc-4d"/>
      </symbol>
      <symbol id="sm-24c">
         <name>__aeabi_memset4</name>
         <value>0x20006d7d</value>
         <object_component_ref idref="oc-4d"/>
      </symbol>
      <symbol id="sm-24d">
         <name>__aeabi_memclr8</name>
         <value>0x20006d7b</value>
         <object_component_ref idref="oc-4d"/>
      </symbol>
      <symbol id="sm-24e">
         <name>__aeabi_memclr4</name>
         <value>0x20006d7b</value>
         <object_component_ref idref="oc-4d"/>
      </symbol>
      <symbol id="sm-24f">
         <name>__aeabi_memclr</name>
         <value>0x20006d7b</value>
         <object_component_ref idref="oc-4d"/>
      </symbol>
      <symbol id="sm-259">
         <name>__mpu_init</name>
         <value>0x2000551f</value>
         <object_component_ref idref="oc-59"/>
      </symbol>
      <symbol id="sm-263">
         <name>_system_pre_init</name>
         <value>0x20007655</value>
         <object_component_ref idref="oc-5f"/>
      </symbol>
      <symbol id="sm-26b">
         <name>main_func_sp</name>
         <value>0x2001d868</value>
         <object_component_ref idref="oc-77"/>
      </symbol>
      <symbol id="sm-279">
         <name>strlen</name>
         <value>0x20007601</value>
         <object_component_ref idref="oc-1b6"/>
      </symbol>
      <symbol id="sm-29a">
         <name>vsnprintf</name>
         <value>0x20006b65</value>
         <object_component_ref idref="oc-1a4"/>
      </symbol>
      <symbol id="sm-2b3">
         <name>_nop</name>
         <value>0x200075fb</value>
         <object_component_ref idref="oc-142"/>
      </symbol>
      <symbol id="sm-2b4">
         <name>_lock</name>
         <value>0x2001d85c</value>
         <object_component_ref idref="oc-b3"/>
      </symbol>
      <symbol id="sm-2b5">
         <name>_unlock</name>
         <value>0x2001d860</value>
         <object_component_ref idref="oc-b3"/>
      </symbol>
      <symbol id="sm-2b6">
         <name>_register_lock</name>
         <value>0x200075f3</value>
         <object_component_ref idref="oc-142"/>
      </symbol>
      <symbol id="sm-2b7">
         <name>_register_unlock</name>
         <value>0x200075ed</value>
         <object_component_ref idref="oc-142"/>
      </symbol>
      <symbol id="sm-3b8">
         <name>__TI_printfi</name>
         <value>0x20004c35</value>
         <object_component_ref idref="oc-225"/>
      </symbol>
      <symbol id="sm-3cc">
         <name>_args_main</name>
         <value>0x20007555</value>
         <object_component_ref idref="oc-6b"/>
      </symbol>
      <symbol id="sm-3e2">
         <name>atoi</name>
         <value>0x200070a5</value>
         <object_component_ref idref="oc-2a3"/>
      </symbol>
      <symbol id="sm-40c">
         <name>__TI_auto_init</name>
         <value>0x20006e6d</value>
         <object_component_ref idref="oc-65"/>
      </symbol>
      <symbol id="sm-426">
         <name>copy_in</name>
         <value>0x200070f1</value>
         <object_component_ref idref="oc-9a"/>
      </symbol>
      <symbol id="sm-431">
         <name>_ctypes_</name>
         <value>0x20007658</value>
         <object_component_ref idref="oc-2e5"/>
      </symbol>
      <symbol id="sm-448">
         <name>__aeabi_dsub</name>
         <value>0x200061f1</value>
         <object_component_ref idref="oc-28c"/>
      </symbol>
      <symbol id="sm-449">
         <name>__aeabi_dadd</name>
         <value>0x200061fb</value>
         <object_component_ref idref="oc-28c"/>
      </symbol>
      <symbol id="sm-46b">
         <name>__aeabi_cdcmpeq</name>
         <value>0x20006bed</value>
         <object_component_ref idref="oc-268"/>
      </symbol>
      <symbol id="sm-46c">
         <name>__aeabi_cdcmple</name>
         <value>0x20006bed</value>
         <object_component_ref idref="oc-268"/>
      </symbol>
      <symbol id="sm-46d">
         <name>__aeabi_cdrcmple</name>
         <value>0x20006c73</value>
         <object_component_ref idref="oc-277"/>
      </symbol>
      <symbol id="sm-481">
         <name>__aeabi_ddiv</name>
         <value>0x20006521</value>
         <object_component_ref idref="oc-272"/>
      </symbol>
      <symbol id="sm-48c">
         <name>__aeabi_dmul</name>
         <value>0x20006657</value>
         <object_component_ref idref="oc-26d"/>
      </symbol>
      <symbol id="sm-496">
         <name>__aeabi_d2iz</name>
         <value>0x20007185</value>
         <object_component_ref idref="oc-27c"/>
      </symbol>
      <symbol id="sm-4a0">
         <name>__aeabi_i2d</name>
         <value>0x20007365</value>
         <object_component_ref idref="oc-287"/>
      </symbol>
      <symbol id="sm-4af">
         <name>ltoa</name>
         <value>0x20006ff9</value>
         <object_component_ref idref="oc-281"/>
      </symbol>
      <symbol id="sm-4bf">
         <name>memccpy</name>
         <value>0x200074eb</value>
         <object_component_ref idref="oc-2a9"/>
      </symbol>
      <symbol id="sm-4da">
         <name>frexpl</name>
         <value>0x20006f45</value>
         <object_component_ref idref="oc-291"/>
      </symbol>
      <symbol id="sm-4db">
         <name>frexp</name>
         <value>0x20006f45</value>
         <object_component_ref idref="oc-291"/>
      </symbol>
      <symbol id="sm-4f9">
         <name>scalbn</name>
         <value>0x20006835</value>
         <object_component_ref idref="oc-297"/>
      </symbol>
      <symbol id="sm-4fa">
         <name>scalbnl</name>
         <value>0x20006835</value>
         <object_component_ref idref="oc-297"/>
      </symbol>
      <symbol id="sm-4fb">
         <name>ldexpl</name>
         <value>0x20006835</value>
         <object_component_ref idref="oc-297"/>
      </symbol>
      <symbol id="sm-4fc">
         <name>ldexp</name>
         <value>0x20006835</value>
         <object_component_ref idref="oc-297"/>
      </symbol>
      <symbol id="sm-506">
         <name>_system_post_cinit</name>
         <value>0x200063a7</value>
         <object_component_ref idref="oc-a0"/>
      </symbol>
      <symbol id="sm-516">
         <name>strchr</name>
         <value>0x20007599</value>
         <object_component_ref idref="oc-29d"/>
      </symbol>
      <symbol id="sm-532">
         <name>__aeabi_uldivmod</name>
         <value>0x20005ffd</value>
         <object_component_ref idref="oc-263"/>
      </symbol>
      <symbol id="sm-53a">
         <name>errno</name>
         <value>0x2001d864</value>
         <object_component_ref idref="oc-2de"/>
      </symbol>
      <symbol id="sm-544">
         <name>copysign</name>
         <value>0x20007647</value>
         <object_component_ref idref="oc-2d8"/>
      </symbol>
      <symbol id="sm-545">
         <name>copysignl</name>
         <value>0x20007647</value>
         <object_component_ref idref="oc-2d8"/>
      </symbol>
      <symbol id="sm-595">
         <name>GPIOIntRegister</name>
         <value>0x20007475</value>
         <object_component_ref idref="oc-116"/>
      </symbol>
      <symbol id="sm-596">
         <name>GPIOIntEnable</name>
         <value>0x20007507</value>
         <object_component_ref idref="oc-12e"/>
      </symbol>
      <symbol id="sm-597">
         <name>GPIOIntTypeSet</name>
         <value>0x20006cf9</value>
         <object_component_ref idref="oc-11c"/>
      </symbol>
      <symbol id="sm-598">
         <name>GPIOIntClear</name>
         <value>0x200075c3</value>
         <object_component_ref idref="oc-de"/>
      </symbol>
      <symbol id="sm-599">
         <name>GPIOIntStatus</name>
         <value>0x20007431</value>
         <object_component_ref idref="oc-d8"/>
      </symbol>
      <symbol id="sm-59a">
         <name>GPIODirModeSet</name>
         <value>0x200072cd</value>
         <object_component_ref idref="oc-1e5"/>
      </symbol>
      <symbol id="sm-5db">
         <name>IntVTableBaseSet</name>
         <value>0x200075d9</value>
         <object_component_ref idref="oc-e4"/>
      </symbol>
      <symbol id="sm-5dc">
         <name>IntEnable</name>
         <value>0x20006905</value>
         <object_component_ref idref="oc-f0"/>
      </symbol>
      <symbol id="sm-5dd">
         <name>IntRegister</name>
         <value>0x20007455</value>
         <object_component_ref idref="oc-1f8"/>
      </symbol>
      <symbol id="sm-5de">
         <name>IntMasterEnable</name>
         <value>0x2000763d</value>
         <object_component_ref idref="oc-ea"/>
      </symbol>
      <symbol id="sm-615">
         <name>PinTypeUART</name>
         <value>0x20007521</value>
         <object_component_ref idref="oc-1eb"/>
      </symbol>
      <symbol id="sm-616">
         <name>PinTypeGPIO</name>
         <value>0x20007303</value>
         <object_component_ref idref="oc-1df"/>
      </symbol>
      <symbol id="sm-617">
         <name>PinConfigSet</name>
         <value>0x20006add</value>
         <object_component_ref idref="oc-249"/>
      </symbol>
      <symbol id="sm-618">
         <name>PinModeSet</name>
         <value>0x20007211</value>
         <object_component_ref idref="oc-1d9"/>
      </symbol>
      <symbol id="sm-69e">
         <name>PRCMPeripheralReset</name>
         <value>0x20006fa1</value>
         <object_component_ref idref="oc-185"/>
      </symbol>
      <symbol id="sm-69f">
         <name>PRCMPeripheralClkEnable</name>
         <value>0x20007291</value>
         <object_component_ref idref="oc-17f"/>
      </symbol>
      <symbol id="sm-6a0">
         <name>PRCMPeripheralClockGet</name>
         <value>0x20006a49</value>
         <object_component_ref idref="oc-192"/>
      </symbol>
      <symbol id="sm-6a1">
         <name>PRCMCC3200MCUInit</name>
         <value>0x200063a9</value>
         <object_component_ref idref="oc-f6"/>
      </symbol>
      <symbol id="sm-6a2">
         <name>PRCMHIBRegWrite</name>
         <value>0x20007583</value>
         <object_component_ref idref="oc-179"/>
      </symbol>
      <symbol id="sm-6a3">
         <name>PRCMSysResetCauseGet</name>
         <value>0x20007395</value>
         <object_component_ref idref="oc-16d"/>
      </symbol>
      <symbol id="sm-6a4">
         <name>PRCMPeripheralClkDisable</name>
         <value>0x200073c1</value>
         <object_component_ref idref="oc-18b"/>
      </symbol>
      <symbol id="sm-6a5">
         <name>PRCMHIBRegRead</name>
         <value>0x2000756d</value>
         <object_component_ref idref="oc-173"/>
      </symbol>
      <symbol id="sm-6ba">
         <name>TimerEnable</name>
         <value>0x20007493</value>
         <object_component_ref idref="oc-128"/>
      </symbol>
      <symbol id="sm-6bb">
         <name>TimerConfigure</name>
         <value>0x200071cd</value>
         <object_component_ref idref="oc-122"/>
      </symbol>
      <symbol id="sm-6f7">
         <name>UARTConfigSetExpClk</name>
         <value>0x20006df5</value>
         <object_component_ref idref="oc-198"/>
      </symbol>
      <symbol id="sm-6f8">
         <name>UARTDisable</name>
         <value>0x20007335</value>
         <object_component_ref idref="oc-217"/>
      </symbol>
      <symbol id="sm-6f9">
         <name>UARTCharsAvail</name>
         <value>0x2000753b</value>
         <object_component_ref idref="oc-1aa"/>
      </symbol>
      <symbol id="sm-6fa">
         <name>UARTCharGetNonBlocking</name>
         <value>0x200074cf</value>
         <object_component_ref idref="oc-1b0"/>
      </symbol>
      <symbol id="sm-6fb">
         <name>UARTCharPut</name>
         <value>0x200074b1</value>
         <object_component_ref idref="oc-19e"/>
      </symbol>
      <symbol id="sm-6fc">
         <name>UARTEnable</name>
         <value>0x200073e9</value>
         <object_component_ref idref="oc-21d"/>
      </symbol>
      <symbol id="sm-700">
         <name>UtilsDelay</name>
         <value>0x2000764f</value>
         <object_component_ref idref="oc-20c"/>
      </symbol>
      <symbol id="sm-70a">
         <name>CPUcpsie</name>
         <value>0x200075af</value>
         <object_component_ref idref="oc-162"/>
      </symbol>
      <symbol id="sm-70c">
         <name>__TI_static_base__</name>
         <value>0x20007988</value>
      </symbol>
      <symbol id="sm-70f">
         <name>SHT$$INIT_ARRAY$$Limit</name>
         <value>0x0</value>
      </symbol>
      <symbol id="sm-710">
         <name>SHT$$INIT_ARRAY$$Base</name>
         <value>0x0</value>
      </symbol>
   </symbol_table>
   <title>Link successful</title>
</link_info>
